Component: ARM Compiler 5.05 update 2 (build 169) Tool: armlink [4d0f33]

==============================================================================

Section Cross References

    fmc.o(i.HAL_FMC_MspInit) refers to stm32f7xx_hal_gpio.o(i.HAL_GPIO_Init) for HAL_GPIO_Init
    fmc.o(i.HAL_FMC_MspInit) refers to fmc.o(.data) for .data
    fmc.o(i.HAL_SDRAM_MspDeInit) refers to stm32f7xx_hal_gpio.o(i.HAL_GPIO_DeInit) for HAL_GPIO_DeInit
    fmc.o(i.HAL_SDRAM_MspDeInit) refers to fmc.o(.data) for .data
    fmc.o(i.HAL_SDRAM_MspInit) refers to fmc.o(i.HAL_FMC_MspInit) for HAL_FMC_MspInit
    fmc.o(i.MX_FMC_Init) refers to stm32f7xx_hal_sdram.o(i.HAL_SDRAM_Init) for HAL_SDRAM_Init
    fmc.o(i.MX_FMC_Init) refers to main.o(i._Error_Handler) for _Error_Handler
    fmc.o(i.MX_FMC_Init) refers to fmc.o(.bss) for .bss
    stm32f7xx_hal_msp.o(i.HAL_MspInit) refers to stm32f7xx_hal_cortex.o(i.HAL_NVIC_SetPriorityGrouping) for HAL_NVIC_SetPriorityGrouping
    stm32f7xx_hal_msp.o(i.HAL_MspInit) refers to stm32f7xx_hal_cortex.o(i.HAL_NVIC_SetPriority) for HAL_NVIC_SetPriority
    stm32f7xx_it.o(i.DCMI_IRQHandler) refers to stm32f7xx_hal_dcmi.o(i.HAL_DCMI_IRQHandler) for HAL_DCMI_IRQHandler
    stm32f7xx_it.o(i.DCMI_IRQHandler) refers to dcmi.o(.bss) for hdcmi
    stm32f7xx_it.o(i.DMA2_Stream1_IRQHandler) refers to stm32f7xx_hal_dma.o(i.HAL_DMA_IRQHandler) for HAL_DMA_IRQHandler
    stm32f7xx_it.o(i.DMA2_Stream1_IRQHandler) refers to dcmi.o(.bss) for hdma_dcmi
    stm32f7xx_it.o(i.SysTick_Handler) refers to stm32f7xx_hal.o(i.HAL_IncTick) for HAL_IncTick
    stm32f7xx_it.o(i.SysTick_Handler) refers to stm32f7xx_hal_cortex.o(i.HAL_SYSTICK_IRQHandler) for HAL_SYSTICK_IRQHandler
    gpio.o(i.MX_GPIO_Init) refers to stm32f7xx_hal_gpio.o(i.HAL_GPIO_WritePin) for HAL_GPIO_WritePin
    gpio.o(i.MX_GPIO_Init) refers to stm32f7xx_hal_gpio.o(i.HAL_GPIO_Init) for HAL_GPIO_Init
    usart.o(i.HAL_UART_MspDeInit) refers to stm32f7xx_hal_gpio.o(i.HAL_GPIO_DeInit) for HAL_GPIO_DeInit
    usart.o(i.HAL_UART_MspInit) refers to stm32f7xx_hal_gpio.o(i.HAL_GPIO_Init) for HAL_GPIO_Init
    usart.o(i.MX_USART1_UART_Init) refers to stm32f7xx_hal_uart.o(i.HAL_UART_Init) for HAL_UART_Init
    usart.o(i.MX_USART1_UART_Init) refers to main.o(i._Error_Handler) for _Error_Handler
    usart.o(i.MX_USART1_UART_Init) refers to usart.o(.bss) for .bss
    usart.o(i.fputc) refers to stm32f7xx_hal_uart.o(i.HAL_UART_Transmit) for HAL_UART_Transmit
    usart.o(i.fputc) refers to usart.o(.bss) for .bss
    dma2d.o(i.MX_DMA2D_Init) refers to stm32f7xx_hal_dma2d.o(i.HAL_DMA2D_Init) for HAL_DMA2D_Init
    dma2d.o(i.MX_DMA2D_Init) refers to main.o(i._Error_Handler) for _Error_Handler
    dma2d.o(i.MX_DMA2D_Init) refers to stm32f7xx_hal_dma2d.o(i.HAL_DMA2D_ConfigLayer) for HAL_DMA2D_ConfigLayer
    dma2d.o(i.MX_DMA2D_Init) refers to dma2d.o(.bss) for .bss
    main.o(i.SystemClock_Config) refers to stm32f7xx_hal_rcc.o(i.HAL_RCC_OscConfig) for HAL_RCC_OscConfig
    main.o(i.SystemClock_Config) refers to stm32f7xx_hal_pwr_ex.o(i.HAL_PWREx_EnableOverDrive) for HAL_PWREx_EnableOverDrive
    main.o(i.SystemClock_Config) refers to stm32f7xx_hal_rcc.o(i.HAL_RCC_ClockConfig) for HAL_RCC_ClockConfig
    main.o(i.SystemClock_Config) refers to stm32f7xx_hal_rcc_ex.o(i.HAL_RCCEx_PeriphCLKConfig) for HAL_RCCEx_PeriphCLKConfig
    main.o(i.SystemClock_Config) refers to stm32f7xx_hal_rcc.o(i.HAL_RCC_MCOConfig) for HAL_RCC_MCOConfig
    main.o(i.SystemClock_Config) refers to stm32f7xx_hal_rcc.o(i.HAL_RCC_GetHCLKFreq) for HAL_RCC_GetHCLKFreq
    main.o(i.SystemClock_Config) refers to stm32f7xx_hal_cortex.o(i.HAL_SYSTICK_Config) for HAL_SYSTICK_Config
    main.o(i.SystemClock_Config) refers to stm32f7xx_hal_cortex.o(i.HAL_SYSTICK_CLKSourceConfig) for HAL_SYSTICK_CLKSourceConfig
    main.o(i.SystemClock_Config) refers to stm32f7xx_hal_cortex.o(i.HAL_NVIC_SetPriority) for HAL_NVIC_SetPriority
    main.o(i.main) refers to stm32f7xx_hal.o(i.HAL_Init) for HAL_Init
    main.o(i.main) refers to main.o(i.SystemClock_Config) for SystemClock_Config
    main.o(i.main) refers to gpio.o(i.MX_GPIO_Init) for MX_GPIO_Init
    main.o(i.main) refers to dma.o(i.MX_DMA_Init) for MX_DMA_Init
    main.o(i.main) refers to dma2d.o(i.MX_DMA2D_Init) for MX_DMA2D_Init
    main.o(i.main) refers to fmc.o(i.MX_FMC_Init) for MX_FMC_Init
    main.o(i.main) refers to ltdc.o(i.MX_LTDC_Init) for MX_LTDC_Init
    main.o(i.main) refers to usart.o(i.MX_USART1_UART_Init) for MX_USART1_UART_Init
    main.o(i.main) refers to dcmi.o(i.MX_DCMI_Init) for MX_DCMI_Init
    main.o(i.main) refers to stm32746g_sdram.o(i.BSP_SDRAM_Init) for BSP_SDRAM_Init
    main.o(i.main) refers to stm32746g_lcd.o(i.BSP_LCD_Init) for BSP_LCD_Init
    main.o(i.main) refers to stm32746g_lcd.o(i.BSP_LCD_SetLayerVisible) for BSP_LCD_SetLayerVisible
    main.o(i.main) refers to stm32746g_lcd.o(i.BSP_LCD_SelectLayer) for BSP_LCD_SelectLayer
[...]
    Removing ov5640.o(.data), (4 bytes).
    Removing ov5640.o(.data), (1 bytes).
    Removing ov5640.o(.data), (1 bytes).
    Removing sccb.o(.rev16_text), (4 bytes).
    Removing sccb.o(.revsh_text), (4 bytes).
    Removing sccb.o(.rrx_text), (6 bytes).
    Removing sccb.o(i.SCCB_Delay), (4 bytes).
    Removing dadd.o(.text), (334 bytes).
    Removing dmul.o(.text), (228 bytes).
    Removing ddiv.o(.text), (222 bytes).
    Removing dfixul.o(.text), (48 bytes).
    Removing cdrcmple.o(.text), (48 bytes).
    Removing depilogue.o(.text), (186 bytes).

523 unused section(s) (total 35628 bytes) removed from the image.

==============================================================================

Image Symbol Table

    Local Symbols

    Symbol Name                              Value     Ov Type        Size  Object(Section)

    ../Drivers/STM32F7xx_HAL_Driver/Src/stm32f7xx_hal.c 0x00000000   Number         0  stm32f7xx_hal.o ABSOLUTE
    ../Drivers/STM32F7xx_HAL_Driver/Src/stm32f7xx_hal_cortex.c 0x00000000   Number         0  stm32f7xx_hal_cortex.o ABSOLUTE
    ../Drivers/STM32F7xx_HAL_Driver/Src/stm32f7xx_hal_dcmi.c 0x00000000   Number         0  stm32f7xx_hal_dcmi.o ABSOLUTE
    ../Drivers/STM32F7xx_HAL_Driver/Src/stm32f7xx_hal_dcmi_ex.c 0x00000000   Number         0  stm32f7xx_hal_dcmi_ex.o ABSOLUTE
    ../Drivers/STM32F7xx_HAL_Driver/Src/stm32f7xx_hal_dma.c 0x00000000   Number         0  stm32f7xx_hal_dma.o ABSOLUTE
    ../Drivers/STM32F7xx_HAL_Driver/Src/stm32f7xx_hal_dma2d.c 0x00000000   Number         0  stm32f7xx_hal_dma2d.o ABSOLUTE
    ../Drivers/STM32F7xx_HAL_Driver/Src/stm32f7xx_hal_dma_ex.c 0x00000000   Number         0  stm32f7xx_hal_dma_ex.o ABSOLUTE
    ../Drivers/STM32F7xx_HAL_Driver/Src/stm32f7xx_hal_dsi.c 0x00000000   Number         0  stm32f7xx_hal_dsi.o ABSOLUTE
    ../Drivers/STM32F7xx_HAL_Driver/Src/stm32f7xx_hal_flash.c 0x00000000   Number         0  stm32f7xx_hal_flash.o ABSOLUTE
    ../Drivers/STM32F7xx_HAL_Driver/Src/stm32f7xx_hal_flash_ex.c 0x00000000   Number         0  stm32f7xx_hal_flash_ex.o ABSOLUTE
    ../Drivers/STM32F7xx_HAL_Driver/Src/stm32f7xx_hal_gpio.c 0x00000000   Number         0  stm32f7xx_hal_gpio.o ABSOLUTE
    ../Drivers/STM32F7xx_HAL_Driver/Src/stm32f7xx_hal_i2c.c 0x00000000   Number         0  stm32f7xx_hal_i2c.o ABSOLUTE
    ../Drivers/STM32F7xx_HAL_Driver/Src/stm32f7xx_hal_i2c_ex.c 0x00000000   Number         0  stm32f7xx_hal_i2c_ex.o ABSOLUTE
    ../Drivers/STM32F7xx_HAL_Driver/Src/stm32f7xx_hal_ltdc.c 0x00000000   Number         0  stm32f7xx_hal_ltdc.o ABSOLUTE
    ../Drivers/STM32F7xx_HAL_Driver/Src/stm32f7xx_hal_ltdc_ex.c 0x00000000   Number         0  stm32f7xx_hal_ltdc_ex.o ABSOLUTE
    ../Drivers/STM32F7xx_HAL_Driver/Src/stm32f7xx_hal_pwr.c 0x00000000   Number         0  stm32f7xx_hal_pwr.o ABSOLUTE
    ../Drivers/STM32F7xx_HAL_Driver/Src/stm32f7xx_hal_pwr_ex.c 0x00000000   Number         0  stm32f7xx_hal_pwr_ex.o ABSOLUTE
    ../Drivers/STM32F7xx_HAL_Driver/Src/stm32f7xx_hal_rcc.c 0x00000000   Number         0  stm32f7xx_hal_rcc.o ABSOLUTE
    ../Drivers/STM32F7xx_HAL_Driver/Src/stm32f7xx_hal_rcc_ex.c 0x00000000   Number         0  stm32f7xx_hal_rcc_ex.o ABSOLUTE
    ../Drivers/STM32F7xx_HAL_Driver/Src/stm32f7xx_hal_sdram.c 0x00000000   Number         0  stm32f7xx_hal_sdram.o ABSOLUTE
    ../Drivers/STM32F7xx_HAL_Driver/Src/stm32f7xx_hal_tim.c 0x00000000   Number         0  stm32f7xx_hal_tim.o ABSOLUTE
    ../Drivers/STM32F7xx_HAL_Driver/Src/stm32f7xx_hal_tim_ex.c 0x00000000   Number         0  stm32f7xx_hal_tim_ex.o ABSOLUTE
    ../Drivers/STM32F7xx_HAL_Driver/Src/stm32f7xx_hal_uart.c 0x00000000   Number         0  stm32f7xx_hal_uart.o ABSOLUTE
    ../Drivers/STM32F7xx_HAL_Driver/Src/stm32f7xx_ll_fmc.c 0x00000000   Number         0  stm32f7xx_ll_fmc.o ABSOLUTE
    ../Src/dcmi.c                            0x00000000   Number         0  dcmi.o ABSOLUTE
    ../Src/dma.c                             0x00000000   Number         0  dma.o ABSOLUTE
    ../Src/dma2d.c                           0x00000000   Number         0  dma2d.o ABSOLUTE
    ../Src/fmc.c                             0x00000000   Number         0  fmc.o ABSOLUTE
    ../Src/gpio.c                            0x00000000   Number         0  gpio.o ABSOLUTE
    ../Src/ltdc.c                            0x00000000   Number         0  ltdc.o ABSOLUTE
    ../Src/main.c                            0x00000000   Number         0  main.o ABSOLUTE
    ../Src/stm32f7xx_hal_msp.c               0x00000000   Number         0  stm32f7xx_hal_msp.o ABSOLUTE
    ../Src/stm32f7xx_it.c                    0x00000000   Number         0  stm32f7xx_it.o ABSOLUTE
    ../Src/system_stm32f7xx.c                0x00000000   Number         0  system_stm32f7xx.o ABSOLUTE
    ../Src/usart.c                           0x00000000   Number         0  usart.o ABSOLUTE
    ../clib/microlib/division.c              0x00000000   Number         0  uldiv.o ABSOLUTE
    ../clib/microlib/division.c              0x00000000   Number         0  uidiv.o ABSOLUTE
    ../clib/microlib/init/entry.s            0x00000000   Number         0  entry5.o ABSOLUTE
    ../clib/microlib/init/entry.s            0x00000000   Number         0  entry11b.o ABSOLUTE
    ../clib/microlib/init/entry.s            0x00000000   Number         0  entry7a.o ABSOLUTE
    ../clib/microlib/init/entry.s            0x00000000   Number         0  entry7b.o ABSOLUTE
    ../clib/microlib/init/entry.s            0x00000000   Number         0  entry8a.o ABSOLUTE
    ../clib/microlib/init/entry.s            0x00000000   Number         0  entry9a.o ABSOLUTE
    ../clib/microlib/init/entry.s            0x00000000   Number         0  entry.o ABSOLUTE
    ../clib/microlib/init/entry.s            0x00000000   Number         0  entry9b.o ABSOLUTE
    ../clib/microlib/init/entry.s            0x00000000   Number         0  entry8b.o ABSOLUTE
    ../clib/microlib/init/entry.s            0x00000000   Number         0  entry10b.o ABSOLUTE
    ../clib/microlib/init/entry.s            0x00000000   Number         0  entry10a.o ABSOLUTE
    ../clib/microlib/init/entry.s            0x00000000   Number         0  entry11a.o ABSOLUTE
    ../clib/microlib/init/entry.s            0x00000000   Number         0  entry2.o ABSOLUTE
    ../clib/microlib/longlong.c              0x00000000   Number         0  llushr.o ABSOLUTE
    ../clib/microlib/longlong.c              0x00000000   Number         0  llsshr.o ABSOLUTE
    ../clib/microlib/longlong.c              0x00000000   Number         0  llshl.o ABSOLUTE
    ../clib/microlib/printf/printf.c         0x00000000   Number         0  printf2.o ABSOLUTE
    ../clib/microlib/printf/printf.c         0x00000000   Number         0  printf1.o ABSOLUTE
    ../clib/microlib/printf/printf.c         0x00000000   Number         0  printf0.o ABSOLUTE
    ../clib/microlib/printf/printf.c         0x00000000   Number         0  printfa.o ABSOLUTE
    ../clib/microlib/printf/printf.c         0x00000000   Number         0  printf8.o ABSOLUTE
    ../clib/microlib/printf/printf.c         0x00000000   Number         0  printfb.o ABSOLUTE
    ../clib/microlib/printf/printf.c         0x00000000   Number         0  printf7.o ABSOLUTE
    ../clib/microlib/printf/printf.c         0x00000000   Number         0  printf6.o ABSOLUTE
    ../clib/microlib/printf/printf.c         0x00000000   Number         0  printf5.o ABSOLUTE
    ../clib/microlib/printf/printf.c         0x00000000   Number         0  printf4.o ABSOLUTE
    ../clib/microlib/printf/printf.c         0x00000000   Number         0  printf3.o ABSOLUTE
    ../clib/microlib/printf/stubs.s          0x00000000   Number         0  stubs.o ABSOLUTE
    ../clib/microlib/stdio/streams.c         0x00000000   Number         0  stdout.o ABSOLUTE
    ../clib/microlib/string/memcpy.c         0x00000000   Number         0  memcpyb.o ABSOLUTE
    ../clib/microlib/string/memcpy.c         0x00000000   Number         0  memcpya.o ABSOLUTE
    ../clib/microlib/stubs.s                 0x00000000   Number         0  iusefp.o ABSOLUTE
    ../fplib/microlib/fpadd.c                0x00000000   Number         0  dadd.o ABSOLUTE
    ../fplib/microlib/fpdiv.c                0x00000000   Number         0  ddiv.o ABSOLUTE
    ../fplib/microlib/fpepilogue.c           0x00000000   Number         0  depilogue.o ABSOLUTE
    ../fplib/microlib/fpfix.c                0x00000000   Number         0  dfixul.o ABSOLUTE
    ../fplib/microlib/fpmul.c                0x00000000   Number         0  dmul.o ABSOLUTE
    ..\BSP\ov5640.c                          0x00000000   Number         0  ov5640.o ABSOLUTE
    ..\BSP\sccb.c                            0x00000000   Number         0  sccb.o ABSOLUTE
    ..\BSP\stm32746g_lcd.c                   0x00000000   Number         0  stm32746g_lcd.o ABSOLUTE
    ..\BSP\stm32746g_sdram.c                 0x00000000   Number         0  stm32746g_sdram.o ABSOLUTE
    ..\Drivers\STM32F7xx_HAL_Driver\Src\stm32f7xx_hal.c 0x00000000   Number         0  stm32f7xx_hal.o ABSOLUTE
    ..\Drivers\STM32F7xx_HAL_Driver\Src\stm32f7xx_hal_cortex.c 0x00000000   Number         0  stm32f7xx_hal_cortex.o ABSOLUTE
    ..\Drivers\STM32F7xx_HAL_Driver\Src\stm32f7xx_hal_dcmi.c 0x00000000   Number         0  stm32f7xx_hal_dcmi.o ABSOLUTE
    ..\Drivers\STM32F7xx_HAL_Driver\Src\stm32f7xx_hal_dcmi_ex.c 0x00000000   Number         0  stm32f7xx_hal_dcmi_ex.o ABSOLUTE
    ..\Drivers\STM32F7xx_HAL_Driver\Src\stm32f7xx_hal_dma.c 0x00000000   Number         0  stm32f7xx_hal_dma.o ABSOLUTE
    ..\Drivers\STM32F7xx_HAL_Driver\Src\stm32f7xx_hal_dma2d.c 0x00000000   Number         0  stm32f7xx_hal_dma2d.o ABSOLUTE
    ..\Drivers\STM32F7xx_HAL_Driver\Src\stm32f7xx_hal_dma_ex.c 0x00000000   Number         0  stm32f7xx_hal_dma_ex.o ABSOLUTE
    ..\Drivers\STM32F7xx_HAL_Driver\Src\stm32f7xx_hal_dsi.c 0x00000000   Number         0  stm32f7xx_hal_dsi.o ABSOLUTE
    ..\Drivers\STM32F7xx_HAL_Driver\Src\stm32f7xx_hal_flash.c 0x00000000   Number         0  stm32f7xx_hal_flash.o ABSOLUTE
    ..\Drivers\STM32F7xx_HAL_Driver\Src\stm32f7xx_hal_flash_ex.c 0x00000000   Number         0  stm32f7xx_hal_flash_ex.o ABSOLUTE
    ..\Drivers\STM32F7xx_HAL_Driver\Src\stm32f7xx_hal_gpio.c 0x00000000   Number         0  stm32f7xx_hal_gpio.o ABSOLUTE
    ..\Drivers\STM32F7xx_HAL_Driver\Src\stm32f7xx_hal_i2c.c 0x00000000   Number         0  stm32f7xx_hal_i2c.o ABSOLUTE
    ..\Drivers\STM32F7xx_HAL_Driver\Src\stm32f7xx_hal_i2c_ex.c 0x00000000   Number         0  stm32f7xx_hal_i2c_ex.o ABSOLUTE
    ..\Drivers\STM32F7xx_HAL_Driver\Src\stm32f7xx_hal_ltdc.c 0x00000000   Number         0  stm32f7xx_hal_ltdc.o ABSOLUTE
    ..\Drivers\STM32F7xx_HAL_Driver\Src\stm32f7xx_hal_ltdc_ex.c 0x00000000   Number         0  stm32f7xx_hal_ltdc_ex.o ABSOLUTE
    ..\Drivers\STM32F7xx_HAL_Driver\Src\stm32f7xx_hal_pwr.c 0x00000000   Number         0  stm32f7xx_hal_pwr.o ABSOLUTE
    ..\Drivers\STM32F7xx_HAL_Driver\Src\stm32f7xx_hal_pwr_ex.c 0x00000000   Number         0  stm32f7xx_hal_pwr_ex.o ABSOLUTE
    ..\Drivers\STM32F7xx_HAL_Driver\Src\stm32f7xx_hal_rcc.c 0x00000000   Number         0  stm32f7xx_hal_rcc.o ABSOLUTE
    ..\Drivers\STM32F7xx_HAL_Driver\Src\stm32f7xx_hal_rcc_ex.c 0x00000000   Number         0  stm32f7xx_hal_rcc_ex.o ABSOLUTE
    ..\Drivers\STM32F7xx_HAL_Driver\Src\stm32f7xx_hal_sdram.c 0x00000000   Number         0  stm32f7xx_hal_sdram.o ABSOLUTE
    ..\Drivers\STM32F7xx_HAL_Driver\Src\stm32f7xx_hal_tim.c 0x00000000   Number         0  stm32f7xx_hal_tim.o ABSOLUTE
    ..\Drivers\STM32F7xx_HAL_Driver\Src\stm32f7xx_hal_tim_ex.c 0x00000000   Number         0  stm32f7xx_hal_tim_ex.o ABSOLUTE
    ..\Drivers\STM32F7xx_HAL_Driver\Src\stm32f7xx_hal_uart.c 0x00000000   Number         0  stm32f7xx_hal_uart.o ABSOLUTE
    ..\Drivers\STM32F7xx_HAL_Driver\Src\stm32f7xx_ll_fmc.c 0x00000000   Number         0  stm32f7xx_ll_fmc.o ABSOLUTE
    ..\Src\dcmi.c                            0x00000000   Number         0  dcmi.o ABSOLUTE
    ..\Src\dma.c                             0x00000000   Number         0  dma.o ABSOLUTE
    ..\Src\dma2d.c                           0x00000000   Number         0  dma2d.o ABSOLUTE
    ..\Src\fmc.c                             0x00000000   Number         0  fmc.o ABSOLUTE
    ..\Src\gpio.c                            0x00000000   Number         0  gpio.o ABSOLUTE
    ..\Src\ltdc.c                            0x00000000   Number         0  ltdc.o ABSOLUTE
    ..\Src\main.c                            0x00000000   Number         0  main.o ABSOLUTE
    ..\Src\stm32f7xx_hal_msp.c               0x00000000   Number         0  stm32f7xx_hal_msp.o ABSOLUTE
    ..\Src\stm32f7xx_it.c                    0x00000000   Number         0  stm32f7xx_it.o ABSOLUTE
    ..\Src\system_stm32f7xx.c                0x00000000   Number         0  system_stm32f7xx.o ABSOLUTE
    ..\Src\usart.c                           0x00000000   Number         0  usart.o ABSOLUTE
    ..\\BSP\\ov5640.c                        0x00000000   Number         0  ov5640.o ABSOLUTE
    ..\\BSP\\sccb.c                          0x00000000   Number         0  sccb.o ABSOLUTE
    ..\\BSP\\stm32746g_lcd.c                 0x00000000   Number         0  stm32746g_lcd.o ABSOLUTE
    ..\\BSP\\stm32746g_sdram.c               0x00000000   Number         0  stm32746g_sdram.o ABSOLUTE
    cdrcmple.s                               0x00000000   Number         0  cdrcmple.o ABSOLUTE
    dc.s                                     0x00000000   Number         0  dc.o ABSOLUTE
    handlers.s                               0x00000000   Number         0  handlers.o ABSOLUTE
    init.s                                   0x00000000   Number         0  init.o ABSOLUTE
    startup_stm32f746xx.s                    0x00000000   Number         0  startup_stm32f746xx.o ABSOLUTE
    RESET                                    0x08000000   Section      456  startup_stm32f746xx.o(RESET)
    .ARM.Collect$$$$00000000                 0x080001c8   Section        0  entry.o(.ARM.Collect$$$$00000000)
    .ARM.Collect$$$$00000001                 0x080001c8   Section        4  entry2.o(.ARM.Collect$$$$00000001)
    .ARM.Collect$$$$00000004                 0x080001cc   Section        4  entry5.o(.ARM.Collect$$$$00000004)
    .ARM.Collect$$$$00000008                 0x080001d0   Section        0  entry7b.o(.ARM.Collect$$$$00000008)
    .ARM.Collect$$$$0000000A                 0x080001d0   Section        0  entry8b.o(.ARM.Collect$$$$0000000A)
    .ARM.Collect$$$$0000000B                 0x080001d0   Section        8  entry9a.o(.ARM.Collect$$$$0000000B)
    .ARM.Collect$$$$0000000D                 0x080001d8   Section        0  entry10a.o(.ARM.Collect$$$$0000000D)
    .ARM.Collect$$$$0000000F                 0x080001d8   Section        0  entry11a.o(.ARM.Collect$$$$0000000F)
    .ARM.Collect$$$$00002712                 0x080001d8   Section        4  entry2.o(.ARM.Collect$$$$00002712)
    __lit__00000000                          0x080001d8   Data           4  entry2.o(.ARM.Collect$$$$00002712)
    .text                                    0x080001dc   Section       36  startup_stm32f746xx.o(.text)
    $v0                                      0x080001dc   Number         0  startup_stm32f746xx.o(.text)
    .text                                    0x08000200   Section        0  memcpya.o(.text)
    .text                                    0x08000224   Section        0  uidiv.o(.text)
    .text                                    0x08000250   Section       36  init.o(.text)
    i.BSP_LCD_Clear                          0x08000274   Section        0  stm32746g_lcd.o(i.BSP_LCD_Clear)
    i.BSP_LCD_DisplayChar                    0x080002ac   Section        0  stm32746g_lcd.o(i.BSP_LCD_DisplayChar)
    i.BSP_LCD_DisplayOn                      0x080002e0   Section        0  stm32746g_lcd.o(i.BSP_LCD_DisplayOn)
    i.BSP_LCD_DisplayStringAt                0x08000314   Section        0  stm32746g_lcd.o(i.BSP_LCD_DisplayStringAt)
    i.BSP_LCD_DrawPixel                      0x080003dc   Section        0  stm32746g_lcd.o(i.BSP_LCD_DrawPixel)
    i.BSP_LCD_GetXSize                       0x08000440   Section        0  stm32746g_lcd.o(i.BSP_LCD_GetXSize)
    i.BSP_LCD_GetYSize                       0x08000460   Section        0  stm32746g_lcd.o(i.BSP_LCD_GetYSize)
    i.BSP_LCD_Init                           0x08000480   Section        0  stm32746g_lcd.o(i.BSP_LCD_Init)
    i.BSP_LCD_SelectLayer                    0x08000490   Section        0  stm32746g_lcd.o(i.BSP_LCD_SelectLayer)
    i.BSP_LCD_SetBackColor                   0x0800049c   Section        0  stm32746g_lcd.o(i.BSP_LCD_SetBackColor)
    i.BSP_LCD_SetFont                        0x080004b8   Section        0  stm32746g_lcd.o(i.BSP_LCD_SetFont)
    i.BSP_LCD_SetLayerVisible                0x080004d4   Section        0  stm32746g_lcd.o(i.BSP_LCD_SetLayerVisible)
    i.BSP_LCD_SetTextColor                   0x08000500   Section        0  stm32746g_lcd.o(i.BSP_LCD_SetTextColor)
    i.BSP_SDRAM_Init                         0x08000518   Section        0  stm32746g_sdram.o(i.BSP_SDRAM_Init)
    i.BSP_SDRAM_Initialization_sequence      0x0800053c   Section        0  stm32746g_sdram.o(i.BSP_SDRAM_Initialization_sequence)
    i.DCMI_DMAError                          0x080005c4   Section        0  stm32f7xx_hal_dcmi.o(i.DCMI_DMAError)
    DCMI_DMAError                            0x080005c5   Thumb Code    32  stm32f7xx_hal_dcmi.o(i.DCMI_DMAError)
    i.DCMI_DMAXferCplt                       0x080005e4   Section        0  stm32f7xx_hal_dcmi.o(i.DCMI_DMAXferCplt)
    DCMI_DMAXferCplt                         0x080005e5   Thumb Code   132  stm32f7xx_hal_dcmi.o(i.DCMI_DMAXferCplt)
    i.DCMI_IRQHandler                        0x08000668   Section        0  stm32f7xx_it.o(i.DCMI_IRQHandler)
    i.DMA2D_SetConfig                        0x08000674   Section        0  stm32f7xx_hal_dma2d.o(i.DMA2D_SetConfig)
    DMA2D_SetConfig                          0x08000675   Thumb Code   146  stm32f7xx_hal_dma2d.o(i.DMA2D_SetConfig)
    i.DMA2_Stream1_IRQHandler                0x08000708   Section        0  stm32f7xx_it.o(i.DMA2_Stream1_IRQHandler)
    i.DMA_CalcBaseAndBitshift                0x08000714   Section        0  stm32f7xx_hal_dma.o(i.DMA_CalcBaseAndBitshift)
    DMA_CalcBaseAndBitshift                  0x08000715   Thumb Code    34  stm32f7xx_hal_dma.o(i.DMA_CalcBaseAndBitshift)
    i.DMA_CheckFifoParam                     0x0800073c   Section        0  stm32f7xx_hal_dma.o(i.DMA_CheckFifoParam)
    DMA_CheckFifoParam                       0x0800073d   Thumb Code    84  stm32f7xx_hal_dma.o(i.DMA_CheckFifoParam)
    i.DMA_MultiBufferSetConfig               0x08000790   Section        0  stm32f7xx_hal_dma_ex.o(i.DMA_MultiBufferSetConfig)
    DMA_MultiBufferSetConfig                 0x08000791   Thumb Code    30  stm32f7xx_hal_dma_ex.o(i.DMA_MultiBufferSetConfig)
    i.DMA_SetConfig                          0x080007ae   Section        0  stm32f7xx_hal_dma.o(i.DMA_SetConfig)
    DMA_SetConfig                            0x080007af   Thumb Code    40  stm32f7xx_hal_dma.o(i.DMA_SetConfig)
    i.DrawChar                               0x080007d8   Section        0  stm32746g_lcd.o(i.DrawChar)
    DrawChar                                 0x080007d9   Thumb Code   168  stm32746g_lcd.o(i.DrawChar)
    i.FMC_SDRAM_Init                         0x08000888   Section        0  stm32f7xx_ll_fmc.o(i.FMC_SDRAM_Init)
    i.FMC_SDRAM_ProgramRefreshRate           0x080008e6   Section        0  stm32f7xx_ll_fmc.o(i.FMC_SDRAM_ProgramRefreshRate)
    i.FMC_SDRAM_SendCommand                  0x080008f2   Section        0  stm32f7xx_ll_fmc.o(i.FMC_SDRAM_SendCommand)
    i.FMC_SDRAM_Timing_Init                  0x0800093c   Section        0  stm32f7xx_ll_fmc.o(i.FMC_SDRAM_Timing_Init)
    i.HAL_DCMI_ErrorCallback                 0x080009c8   Section        0  stm32f7xx_hal_dcmi.o(i.HAL_DCMI_ErrorCallback)
    i.HAL_DCMI_FrameEventCallback            0x080009cc   Section        0  ov5640.o(i.HAL_DCMI_FrameEventCallback)
    i.HAL_DCMI_IRQHandler                    0x08000a30   Section        0  stm32f7xx_hal_dcmi.o(i.HAL_DCMI_IRQHandler)
    i.HAL_DCMI_Init                          0x08000acc   Section        0  stm32f7xx_hal_dcmi.o(i.HAL_DCMI_Init)
    i.HAL_DCMI_LineEventCallback             0x08000b58   Section        0  stm32f7xx_hal_dcmi.o(i.HAL_DCMI_LineEventCallback)
    i.HAL_DCMI_MspInit                       0x08000b5c   Section        0  dcmi.o(i.HAL_DCMI_MspInit)
    i.HAL_DCMI_Start_DMA                     0x08000c98   Section        0  stm32f7xx_hal_dcmi.o(i.HAL_DCMI_Start_DMA)
    i.HAL_DCMI_Stop                          0x08000d54   Section        0  stm32f7xx_hal_dcmi.o(i.HAL_DCMI_Stop)
    i.HAL_DCMI_VsyncEventCallback            0x08000dc8   Section        0  stm32f7xx_hal_dcmi.o(i.HAL_DCMI_VsyncEventCallback)
    i.HAL_DMA2D_ConfigLayer                  0x08000dcc   Section        0  stm32f7xx_hal_dma2d.o(i.HAL_DMA2D_ConfigLayer)
    i.HAL_DMA2D_Init                         0x08000e70   Section        0  stm32f7xx_hal_dma2d.o(i.HAL_DMA2D_Init)
    i.HAL_DMA2D_MspInit                      0x08000ecc   Section        0  dma2d.o(i.HAL_DMA2D_MspInit)
    i.HAL_DMA2D_PollForTransfer              0x08000ef4   Section        0  stm32f7xx_hal_dma2d.o(i.HAL_DMA2D_PollForTransfer)
    i.HAL_DMA2D_Start                        0x08001000   Section        0  stm32f7xx_hal_dma2d.o(i.HAL_DMA2D_Start)
    i.HAL_DMAEx_ChangeMemory                 0x08001034   Section        0  stm32f7xx_hal_dma_ex.o(i.HAL_DMAEx_ChangeMemory)
    i.HAL_DMAEx_MultiBufferStart_IT          0x08001044   Section        0  stm32f7xx_hal_dma_ex.o(i.HAL_DMAEx_MultiBufferStart_IT)
    i.HAL_DMA_Abort                          0x080019d4   Section        0  stm32f7xx_hal_dma.o(i.HAL_DMA_Abort)
    i.HAL_DMA_Abort_IT                       0x08001a66   Section        0  stm32f7xx_hal_dma.o(i.HAL_DMA_Abort_IT)
    i.HAL_DMA_DeInit                         0x08001a8a   Section        0  stm32f7xx_hal_dma.o(i.HAL_DMA_DeInit)
    i.HAL_DMA_IRQHandler                     0x08001ae0   Section        0  stm32f7xx_hal_dma.o(i.HAL_DMA_IRQHandler)
    i.HAL_DMA_Init                           0x08001c88   Section        0  stm32f7xx_hal_dma.o(i.HAL_DMA_Init)
    i.HAL_DMA_Start_IT                       0x08001d6c   Section        0  stm32f7xx_hal_dma.o(i.HAL_DMA_Start_IT)
    i.HAL_Delay                              0x08001de6   Section        0  stm32f7xx_hal.o(i.HAL_Delay)
    i.HAL_FMC_MspInit                        0x08001dfc   Section        0  fmc.o(i.HAL_FMC_MspInit)
    HAL_FMC_MspInit                          0x08001dfd   Thumb Code   124  fmc.o(i.HAL_FMC_MspInit)
    i.HAL_GPIO_Init                          0x08001e94   Section        0  stm32f7xx_hal_gpio.o(i.HAL_GPIO_Init)
    i.HAL_GPIO_ReadPin                       0x0800206c   Section        0  stm32f7xx_hal_gpio.o(i.HAL_GPIO_ReadPin)
    i.HAL_GPIO_WritePin                      0x08002076   Section        0  stm32f7xx_hal_gpio.o(i.HAL_GPIO_WritePin)
    i.HAL_GetTick                            0x08002080   Section        0  stm32f7xx_hal.o(i.HAL_GetTick)
    i.HAL_IncTick                            0x0800208c   Section        0  stm32f7xx_hal.o(i.HAL_IncTick)
    i.HAL_Init                               0x0800209c   Section        0  stm32f7xx_hal.o(i.HAL_Init)
    i.HAL_InitTick                           0x080020b4   Section        0  stm32f7xx_hal.o(i.HAL_InitTick)
    i.HAL_LTDC_ConfigLayer                   0x080020dc   Section        0  stm32f7xx_hal_ltdc.o(i.HAL_LTDC_ConfigLayer)
    i.HAL_LTDC_Init                          0x08002130   Section        0  stm32f7xx_hal_ltdc.o(i.HAL_LTDC_Init)
    i.HAL_LTDC_MspInit                       0x08002230   Section        0  ltdc.o(i.HAL_LTDC_MspInit)
    i.HAL_MspInit                            0x08002320   Section        0  stm32f7xx_hal_msp.o(i.HAL_MspInit)
    i.HAL_NVIC_EnableIRQ                     0x08002378   Section        0  stm32f7xx_hal_cortex.o(i.HAL_NVIC_EnableIRQ)
    i.HAL_NVIC_SetPriority                   0x08002390   Section        0  stm32f7xx_hal_cortex.o(i.HAL_NVIC_SetPriority)
    i.HAL_NVIC_SetPriorityGrouping           0x080023d0   Section        0  stm32f7xx_hal_cortex.o(i.HAL_NVIC_SetPriorityGrouping)
    i.HAL_PWREx_EnableOverDrive              0x080023f4   Section        0  stm32f7xx_hal_pwr_ex.o(i.HAL_PWREx_EnableOverDrive)
    i.HAL_RCCEx_PeriphCLKConfig              0x08002460   Section        0  stm32f7xx_hal_rcc_ex.o(i.HAL_RCCEx_PeriphCLKConfig)
    i.HAL_RCC_ClockConfig                    0x0800295c   Section        0  stm32f7xx_hal_rcc.o(i.HAL_RCC_ClockConfig)
    i.HAL_RCC_GetHCLKFreq                    0x08002a70   Section        0  stm32f7xx_hal_rcc.o(i.HAL_RCC_GetHCLKFreq)
    i.HAL_RCC_GetPCLK1Freq                   0x08002a7c   Section        0  stm32f7xx_hal_rcc.o(i.HAL_RCC_GetPCLK1Freq)
    i.HAL_RCC_GetPCLK2Freq                   0x08002a9c   Section        0  stm32f7xx_hal_rcc.o(i.HAL_RCC_GetPCLK2Freq)
    i.HAL_RCC_GetSysClockFreq                0x08002abc   Section        0  stm32f7xx_hal_rcc.o(i.HAL_RCC_GetSysClockFreq)
    i.HAL_RCC_MCOConfig                      0x08002b18   Section        0  stm32f7xx_hal_rcc.o(i.HAL_RCC_MCOConfig)
    i.HAL_RCC_OscConfig                      0x08002bac   Section        0  stm32f7xx_hal_rcc.o(i.HAL_RCC_OscConfig)
    i.HAL_SDRAM_Init                         0x08002ee4   Section        0  stm32f7xx_hal_sdram.o(i.HAL_SDRAM_Init)
    i.HAL_SDRAM_MspInit                      0x08002f26   Section        0  fmc.o(i.HAL_SDRAM_MspInit)
    i.HAL_SDRAM_ProgramRefreshRate           0x08002f2a   Section        0  stm32f7xx_hal_sdram.o(i.HAL_SDRAM_ProgramRefreshRate)
    i.HAL_SDRAM_SendCommand                  0x08002f4c   Section        0  stm32f7xx_hal_sdram.o(i.HAL_SDRAM_SendCommand)
    i.HAL_SYSTICK_CLKSourceConfig            0x08002f7c   Section        0  stm32f7xx_hal_cortex.o(i.HAL_SYSTICK_CLKSourceConfig)
    i.HAL_SYSTICK_Callback                   0x08002f94   Section        0  stm32f7xx_hal_cortex.o(i.HAL_SYSTICK_Callback)
    i.HAL_SYSTICK_Config                     0x08002f96   Section        0  stm32f7xx_hal_cortex.o(i.HAL_SYSTICK_Config)
    i.HAL_SYSTICK_IRQHandler                 0x08002fbc   Section        0  stm32f7xx_hal_cortex.o(i.HAL_SYSTICK_IRQHandler)
    i.HAL_UART_Init                          0x08002fc4   Section        0  stm32f7xx_hal_uart.o(i.HAL_UART_Init)
    i.HAL_UART_MspInit                       0x08003030   Section        0  usart.o(i.HAL_UART_MspInit)
    i.HAL_UART_Transmit                      0x08003078   Section        0  stm32f7xx_hal_uart.o(i.HAL_UART_Transmit)
    i.LL_FillBuffer                          0x08003130   Section        0  stm32746g_lcd.o(i.LL_FillBuffer)
    LL_FillBuffer                            0x08003131   Thumb Code   142  stm32746g_lcd.o(i.LL_FillBuffer)
    i.LTDC_SetConfig                         0x080031d0   Section        0  stm32f7xx_hal_ltdc.o(i.LTDC_SetConfig)
    LTDC_SetConfig                           0x080031d1   Thumb Code   464  stm32f7xx_hal_ltdc.o(i.LTDC_SetConfig)
    i.MX_DCMI_Init                           0x080033a0   Section        0  dcmi.o(i.MX_DCMI_Init)
    i.MX_DMA2D_Init                          0x080033f4   Section        0  dma2d.o(i.MX_DMA2D_Init)
    i.MX_DMA_Init                            0x08003450   Section        0  dma.o(i.MX_DMA_Init)
    i.MX_FMC_Init                            0x080034d4   Section        0  fmc.o(i.MX_FMC_Init)
    i.MX_GPIO_Init                           0x08003548   Section        0  gpio.o(i.MX_GPIO_Init)
    i.MX_LTDC_Init                           0x08003670   Section        0  ltdc.o(i.MX_LTDC_Init)
    i.MX_USART1_UART_Init                    0x08003770   Section        0  usart.o(i.MX_USART1_UART_Init)
    i.NVIC_SetPriority                       0x080037c0   Section        0  stm32f7xx_hal_cortex.o(i.NVIC_SetPriority)
    NVIC_SetPriority                         0x080037c1   Thumb Code    34  stm32f7xx_hal_cortex.o(i.NVIC_SetPriority)
    i.OV5640_Brightness                      0x080037e2   Section        0  ov5640.o(i.OV5640_Brightness)
    i.OV5640_Color_Saturation                0x08003834   Section        0  ov5640.o(i.OV5640_Color_Saturation)
    i.OV5640_Contrast                        0x080038b0   Section        0  ov5640.o(i.OV5640_Contrast)
    i.OV5640_Init                            0x08003918   Section        0  ov5640.o(i.OV5640_Init)
    i.OV5640_JPEG_Mode                       0x080039a8   Section        0  ov5640.o(i.OV5640_JPEG_Mode)
    i.OV5640_Light_Mode                      0x080039cc   Section        0  ov5640.o(i.OV5640_Light_Mode)
    i.OV5640_OutSize_Set                     0x08003a10   Section        0  ov5640.o(i.OV5640_OutSize_Set)
    i.OV5640_RD_Reg                          0x08003afc   Section        0  ov5640.o(i.OV5640_RD_Reg)
    i.OV5640_RGB565_Mode                     0x08003b38   Section        0  ov5640.o(i.OV5640_RGB565_Mode)
    i.OV5640_Sharpness                       0x08003b5c   Section        0  ov5640.o(i.OV5640_Sharpness)
    i.OV5640_WR_Reg                          0x08003bd0   Section        0  ov5640.o(i.OV5640_WR_Reg)
    i.SCCB_No_Ack                            0x08003c0c   Section        0  sccb.o(i.SCCB_No_Ack)
    i.SCCB_RD_Byte                           0x08003c54   Section        0  sccb.o(i.SCCB_RD_Byte)
    i.SCCB_Start                             0x08003ca8   Section        0  sccb.o(i.SCCB_Start)
    i.SCCB_Stop                              0x08003ce8   Section        0  sccb.o(i.SCCB_Stop)
    i.SCCB_WR_Byte                           0x08003d24   Section        0  sccb.o(i.SCCB_WR_Byte)
    i.SysTick_Handler                        0x08003da4   Section        0  stm32f7xx_it.o(i.SysTick_Handler)
    i.SystemClock_Config                     0x08003db4   Section        0  main.o(i.SystemClock_Config)
    i.SystemInit                             0x08003e88   Section        0  system_stm32f7xx.o(i.SystemInit)
    i.UART_AdvFeatureConfig                  0x08003edc   Section        0  stm32f7xx_hal_uart.o(i.UART_AdvFeatureConfig)
    i.UART_CheckIdleState                    0x08003fa4   Section        0  stm32f7xx_hal_uart.o(i.UART_CheckIdleState)
    i.UART_SetConfig                         0x08003fe4   Section        0  stm32f7xx_hal_uart.o(i.UART_SetConfig)
    i.UART_WaitOnFlagUntilTimeout            0x0800423c   Section        0  stm32f7xx_hal_uart.o(i.UART_WaitOnFlagUntilTimeout)
    i._Error_Handler                         0x080042a0   Section        0  main.o(i._Error_Handler)
    i.__0printf$1                            0x080042a4   Section        0  printf1.o(i.__0printf$1)
    i.__scatterload_copy                     0x080042c4   Section       14  handlers.o(i.__scatterload_copy)
    i.__scatterload_null                     0x080042d2   Section        2  handlers.o(i.__scatterload_null)
    i.__scatterload_zeroinit                 0x080042d4   Section       14  handlers.o(i.__scatterload_zeroinit)
    i._printf_core                           0x080042e4   Section        0  printf1.o(i._printf_core)
    _printf_core                             0x080042e5   Thumb Code   336  printf1.o(i._printf_core)
    i.dcmi_dma_Full_TC_callback              0x08004438   Section        0  ov5640.o(i.dcmi_dma_Full_TC_callback)
    i.dcmi_dma_Half_TC_callback              0x0800448c   Section        0  ov5640.o(i.dcmi_dma_Half_TC_callback)
    i.delay_6us                              0x080044e0   Section        0  sccb.o(i.delay_6us)
    i.fputc                                  0x080044ec   Section        0  usart.o(i.fputc)
    i.jpeg_dcmi_frame_callback               0x08004504   Section        0  ov5640.o(i.jpeg_dcmi_frame_callback)
    i.jpeg_test                              0x0800459c   Section        0  ov5640.o(i.jpeg_test)
    i.main                                   0x08004658   Section        0  main.o(i.main)
    i.rgb565_test                            0x08004960   Section        0  ov5640.o(i.rgb565_test)
    .constdata                               0x08004a6c   Section        8  stm32f7xx_hal_dma.o(.constdata)
    flagBitshiftOffset                       0x08004a6c   Data           8  stm32f7xx_hal_dma.o(.constdata)
    .constdata                               0x08004a74   Section       16  system_stm32f7xx.o(.constdata)
    .constdata                               0x08004a84   Section        8  system_stm32f7xx.o(.constdata)
    .constdata                               0x08004a8c   Section     6840  stm32746g_lcd.o(.constdata)
    .constdata                               0x08006544   Section     3800  stm32746g_lcd.o(.constdata)
    .constdata                               0x0800741c   Section     5434  ov5640.o(.constdata)
    OV5640_EXPOSURE_TBL                      0x080088ca   Data          42  ov5640.o(.constdata)
    OV5640_LIGHTMODE_TBL                     0x080088f4   Data          35  ov5640.o(.constdata)
    OV5640_SATURATION_TBL                    0x08008917   Data          42  ov5640.o(.constdata)
    OV5640_EFFECTS_TBL                       0x08008941   Data          21  ov5640.o(.constdata)
    .data                                    0x20000000   Section        8  fmc.o(.data)
    FMC_Initialized                          0x20000000   Data           4  fmc.o(.data)
    FMC_DeInitialized                        0x20000004   Data           4  fmc.o(.data)
    .data                                    0x20000008   Section        4  stm32f7xx_hal.o(.data)
    .data                                    0x2000000c   Section        4  system_stm32f7xx.o(.data)
    .data                                    0x20000010   Section       12  stm32746g_lcd.o(.data)
    ActiveLayer                              0x20000010   Data           4  stm32746g_lcd.o(.data)
    .data                                    0x2000001c   Section        8  stm32746g_lcd.o(.data)
    .data                                    0x20000024   Section        2  stm32746g_sdram.o(.data)
    sdramstatus                              0x20000024   Data           1  stm32746g_sdram.o(.data)
    sdramstatus                              0x20000025   Data           1  stm32746g_sdram.o(.data)
    .data                                    0x20000028   Section        8  ov5640.o(.data)
    .data                                    0x20000030   Section        4  stdout.o(.data)
    .bss                                     0x20000034   Section       52  fmc.o(.bss)
    .bss                                     0x20000068   Section      112  usart.o(.bss)
    .bss                                     0x200000d8   Section       64  dma2d.o(.bss)
    .bss                                     0x20000118   Section      168  ltdc.o(.bss)
    .bss                                     0x200001c0   Section       96  dma.o(.bss)
    .bss                                     0x20000220   Section      176  dcmi.o(.bss)
    .bss                                     0x200002d0   Section      156  stm32746g_lcd.o(.bss)
    periph_clk_init_struct                   0x200002d0   Data         132  stm32746g_lcd.o(.bss)
    DrawProp                                 0x20000354   Data          24  stm32746g_lcd.o(.bss)
    .bss                                     0x2000036c   Section      260  stm32746g_sdram.o(.bss)
    dma_handle                               0x2000036c   Data          96  stm32746g_sdram.o(.bss)
    dma_handle                               0x200003cc   Data          96  stm32746g_sdram.o(.bss)
    sdramHandle                              0x2000042c   Data          52  stm32746g_sdram.o(.bss)
    Command                                  0x20000460   Data          16  stm32746g_sdram.o(.bss)
    .bss                                     0x20000470   Section     1920  ov5640.o(.bss)
    STACK                                    0x20000bf0   Section     1024  startup_stm32f746xx.o(STACK)
    .ARM.__AT_0xD0400000                     0xd0400000   Section    409600  ov5640.o(.ARM.__AT_0xD0400000)

    Global Symbols

    Symbol Name                              Value     Ov Type        Size  Object(Section)

    BuildAttributes$$THM_ISAv4$E$P$D$K$B$S$7EM$VFPi3$EXTD16$VFPS$VFMA$PE$PLD8$A:L22UL41UL21$X:L11$S22US41US21$IEEE1$IW$USESV6$~STKCKD$USESV7$~SHL$OSPACE$ROPI$EBA8$MICROLIB$REQ8$PRES8$EABIv2 0x00000000   Number         0  anon$$obj.o ABSOLUTE
    __ARM_use_no_argv                        0x00000000   Number         0  main.o ABSOLUTE
    _printf_a                                0x00000000   Number         0  stubs.o ABSOLUTE
    _printf_c                                0x00000000   Number         0  stubs.o ABSOLUTE
    _printf_charcount                        0x00000000   Number         0  stubs.o ABSOLUTE
    _printf_d                                0x00000000   Number         0  stubs.o ABSOLUTE
    _printf_e                                0x00000000   Number         0  stubs.o ABSOLUTE
    _printf_f                                0x00000000   Number         0  stubs.o ABSOLUTE
    _printf_flags                            0x00000000   Number         0  stubs.o ABSOLUTE
    _printf_fp_dec                           0x00000000   Number         0  stubs.o ABSOLUTE
    _printf_fp_hex                           0x00000000   Number         0  stubs.o ABSOLUTE
    _printf_g                                0x00000000   Number         0  stubs.o ABSOLUTE
    _printf_i                                0x00000000   Number         0  stubs.o ABSOLUTE
    _printf_int_dec                          0x00000000   Number         0  stubs.o ABSOLUTE
    _printf_l                                0x00000000   Number         0  stubs.o ABSOLUTE
    _printf_lc                               0x00000000   Number         0  stubs.o ABSOLUTE
    _printf_ll                               0x00000000   Number         0  stubs.o ABSOLUTE
    _printf_lld                              0x00000000   Number         0  stubs.o ABSOLUTE
    _printf_lli                              0x00000000   Number         0  stubs.o ABSOLUTE
    _printf_llo                              0x00000000   Number         0  stubs.o ABSOLUTE
    _printf_llu                              0x00000000   Number         0  stubs.o ABSOLUTE
    _printf_llx                              0x00000000   Number         0  stubs.o ABSOLUTE
    _printf_longlong_dec                     0x00000000   Number         0  stubs.o ABSOLUTE
    _printf_longlong_hex                     0x00000000   Number         0  stubs.o ABSOLUTE
    _printf_longlong_oct                     0x00000000   Number         0  stubs.o ABSOLUTE
    _printf_ls                               0x00000000   Number         0  stubs.o ABSOLUTE
    _printf_mbtowc                           0x00000000   Number         0  stubs.o ABSOLUTE
    _printf_n                                0x00000000   Number         0  stubs.o ABSOLUTE
    _printf_o                                0x00000000   Number         0  stubs.o ABSOLUTE
    _printf_p                                0x00000000   Number         0  stubs.o ABSOLUTE
    _printf_percent                          0x00000000   Number         0  stubs.o ABSOLUTE
    _printf_pre_padding                      0x00000000   Number         0  stubs.o ABSOLUTE
    _printf_return_value                     0x00000000   Number         0  stubs.o ABSOLUTE
    _printf_s                                0x00000000   Number         0  stubs.o ABSOLUTE
    _printf_sizespec                         0x00000000   Number         0  stubs.o ABSOLUTE
    _printf_str                              0x00000000   Number         0  stubs.o ABSOLUTE
    _printf_truncate_signed                  0x00000000   Number         0  stubs.o ABSOLUTE
    _printf_truncate_unsigned                0x00000000   Number         0  stubs.o ABSOLUTE
    _printf_u                                0x00000000   Number         0  stubs.o ABSOLUTE
    _printf_wc                               0x00000000   Number         0  stubs.o ABSOLUTE
    _printf_wctomb                           0x00000000   Number         0  stubs.o ABSOLUTE
    _printf_widthprec                        0x00000000   Number         0  stubs.o ABSOLUTE
    _printf_x                                0x00000000   Number         0  stubs.o ABSOLUTE
    __cpp_initialize__aeabi_                  - Undefined Weak Reference
    __cxa_finalize                            - Undefined Weak Reference
    __decompress                              - Undefined Weak Reference
    _clock_init                               - Undefined Weak Reference
    _microlib_exit                            - Undefined Weak Reference
    __Vectors_Size                           0x000001c8   Number         0  startup_stm32f746xx.o ABSOLUTE
    __Vectors                                0x08000000   Data           4  startup_stm32f746xx.o(RESET)
    __Vectors_End                            0x080001c8   Data           0  startup_stm32f746xx.o(RESET)
    __main                                   0x080001c9   Thumb Code     0  entry.o(.ARM.Collect$$$$00000000)
    _main_stk                                0x080001c9   Thumb Code     0  entry2.o(.ARM.Collect$$$$00000001)
    _main_scatterload                        0x080001cd   Thumb Code     0  entry5.o(.ARM.Collect$$$$00000004)
    __main_after_scatterload                 0x080001d1   Thumb Code     0  entry5.o(.ARM.Collect$$$$00000004)
    _main_clock                              0x080001d1   Thumb Code     0  entry7b.o(.ARM.Collect$$$$00000008)
    _main_cpp_init                           0x080001d1   Thumb Code     0  entry8b.o(.ARM.Collect$$$$0000000A)
    _main_init                               0x080001d1   Thumb Code     0  entry9a.o(.ARM.Collect$$$$0000000B)
    __rt_final_cpp                           0x080001d9   Thumb Code     0  entry10a.o(.ARM.Collect$$$$0000000D)
    __rt_final_exit                          0x080001d9   Thumb Code     0  entry11a.o(.ARM.Collect$$$$0000000F)
    Reset_Handler                            0x080001dd   Thumb Code     8  startup_stm32f746xx.o(.text)
    NMI_Handler                              0x080001e5   Thumb Code     2  startup_stm32f746xx.o(.text)
    HardFault_Handler                        0x080001e7   Thumb Code     2  startup_stm32f746xx.o(.text)
    MemManage_Handler                        0x080001e9   Thumb Code     2  startup_stm32f746xx.o(.text)
    BusFault_Handler                         0x080001eb   Thumb Code     2  startup_stm32f746xx.o(.text)
    UsageFault_Handler                       0x080001ed   Thumb Code     2  startup_stm32f746xx.o(.text)
    SVC_Handler                              0x080001ef   Thumb Code     2  startup_stm32f746xx.o(.text)
    DebugMon_Handler                         0x080001f1   Thumb Code     2  startup_stm32f746xx.o(.text)
    PendSV_Handler                           0x080001f3   Thumb Code     2  startup_stm32f746xx.o(.text)
    ADC_IRQHandler                           0x080001f7   Thumb Code     0  startup_stm32f746xx.o(.text)
    CAN1_RX0_IRQHandler                      0x080001f7   Thumb Code     0  startup_stm32f746xx.o(.text)
    CAN1_RX1_IRQHandler                      0x080001f7   Thumb Code     0  startup_stm32f746xx.o(.text)
    CAN1_SCE_IRQHandler                      0x080001f7   Thumb Code     0  startup_stm32f746xx.o(.text)
    CAN1_TX_IRQHandler                       0x080001f7   Thumb Code     0  startup_stm32f746xx.o(.text)
    CAN2_RX0_IRQHandler                      0x080001f7   Thumb Code     0  startup_stm32f746xx.o(.text)
    CAN2_RX1_IRQHandler                      0x080001f7   Thumb Code     0  startup_stm32f746xx.o(.text)
    CAN2_SCE_IRQHandler                      0x080001f7   Thumb Code     0  startup_stm32f746xx.o(.text)
    CAN2_TX_IRQHandler                       0x080001f7   Thumb Code     0  startup_stm32f746xx.o(.text)
    CEC_IRQHandler                           0x080001f7   Thumb Code     0  startup_stm32f746xx.o(.text)
    DMA1_Stream0_IRQHandler                  0x080001f7   Thumb Code     0  startup_stm32f746xx.o(.text)
    DMA1_Stream1_IRQHandler                  0x080001f7   Thumb Code     0  startup_stm32f746xx.o(.text)
    DMA1_Stream2_IRQHandler                  0x080001f7   Thumb Code     0  startup_stm32f746xx.o(.text)
    DMA1_Stream3_IRQHandler                  0x080001f7   Thumb Code     0  startup_stm32f746xx.o(.text)
    DMA1_Stream4_IRQHandler                  0x080001f7   Thumb Code     0  startup_stm32f746xx.o(.text)
    DMA1_Stream5_IRQHandler                  0x080001f7   Thumb Code     0  startup_stm32f746xx.o(.text)
    DMA1_Stream6_IRQHandler                  0x080001f7   Thumb Code     0  startup_stm32f746xx.o(.text)
    DMA1_Stream7_IRQHandler                  0x080001f7   Thumb Code     0  startup_stm32f746xx.o(.text)
    DMA2D_IRQHandler                         0x080001f7   Thumb Code     0  startup_stm32f746xx.o(.text)
    DMA2_Stream0_IRQHandler                  0x080001f7   Thumb Code     0  startup_stm32f746xx.o(.text)
    DMA2_Stream2_IRQHandler                  0x080001f7   Thumb Code     0  startup_stm32f746xx.o(.text)
    DMA2_Stream3_IRQHandler                  0x080001f7   Thumb Code     0  startup_stm32f746xx.o(.text)
    DMA2_Stream4_IRQHandler                  0x080001f7   Thumb Code     0  startup_stm32f746xx.o(.text)
    DMA2_Stream5_IRQHandler                  0x080001f7   Thumb Code     0  startup_stm32f746xx.o(.text)
    DMA2_Stream6_IRQHandler                  0x080001f7   Thumb Code     0  startup_stm32f746xx.o(.text)
    DMA2_Stream7_IRQHandler                  0x080001f7   Thumb Code     0  startup_stm32f746xx.o(.text)
    ETH_IRQHandler                           0x080001f7   Thumb Code     0  startup_stm32f746xx.o(.text)
    ETH_WKUP_IRQHandler                      0x080001f7   Thumb Code     0  startup_stm32f746xx.o(.text)
    EXTI0_IRQHandler                         0x080001f7   Thumb Code     0  startup_stm32f746xx.o(.text)
    EXTI15_10_IRQHandler                     0x080001f7   Thumb Code     0  startup_stm32f746xx.o(.text)
    EXTI1_IRQHandler                         0x080001f7   Thumb Code     0  startup_stm32f746xx.o(.text)
    EXTI2_IRQHandler                         0x080001f7   Thumb Code     0  startup_stm32f746xx.o(.text)
    EXTI3_IRQHandler                         0x080001f7   Thumb Code     0  startup_stm32f746xx.o(.text)
    EXTI4_IRQHandler                         0x080001f7   Thumb Code     0  startup_stm32f746xx.o(.text)
    EXTI9_5_IRQHandler                       0x080001f7   Thumb Code     0  startup_stm32f746xx.o(.text)
    FLASH_IRQHandler                         0x080001f7   Thumb Code     0  startup_stm32f746xx.o(.text)
    FMC_IRQHandler                           0x080001f7   Thumb Code     0  startup_stm32f746xx.o(.text)
    FPU_IRQHandler                           0x080001f7   Thumb Code     0  startup_stm32f746xx.o(.text)
    I2C1_ER_IRQHandler                       0x080001f7   Thumb Code     0  startup_stm32f746xx.o(.text)
    I2C1_EV_IRQHandler                       0x080001f7   Thumb Code     0  startup_stm32f746xx.o(.text)
    I2C2_ER_IRQHandler                       0x080001f7   Thumb Code     0  startup_stm32f746xx.o(.text)
    I2C2_EV_IRQHandler                       0x080001f7   Thumb Code     0  startup_stm32f746xx.o(.text)
    I2C3_ER_IRQHandler                       0x080001f7   Thumb Code     0  startup_stm32f746xx.o(.text)
    I2C3_EV_IRQHandler                       0x080001f7   Thumb Code     0  startup_stm32f746xx.o(.text)
    I2C4_ER_IRQHandler                       0x080001f7   Thumb Code     0  startup_stm32f746xx.o(.text)
    I2C4_EV_IRQHandler                       0x080001f7   Thumb Code     0  startup_stm32f746xx.o(.text)
    LPTIM1_IRQHandler                        0x080001f7   Thumb Code     0  startup_stm32f746xx.o(.text)
    LTDC_ER_IRQHandler                       0x080001f7   Thumb Code     0  startup_stm32f746xx.o(.text)
    LTDC_IRQHandler                          0x080001f7   Thumb Code     0  startup_stm32f746xx.o(.text)
    OTG_FS_IRQHandler                        0x080001f7   Thumb Code     0  startup_stm32f746xx.o(.text)
    OTG_FS_WKUP_IRQHandler                   0x080001f7   Thumb Code     0  startup_stm32f746xx.o(.text)
    OTG_HS_EP1_IN_IRQHandler                 0x080001f7   Thumb Code     0  startup_stm32f746xx.o(.text)
    OTG_HS_EP1_OUT_IRQHandler                0x080001f7   Thumb Code     0  startup_stm32f746xx.o(.text)
    OTG_HS_IRQHandler                        0x080001f7   Thumb Code     0  startup_stm32f746xx.o(.text)
    OTG_HS_WKUP_IRQHandler                   0x080001f7   Thumb Code     0  startup_stm32f746xx.o(.text)
    PVD_IRQHandler                           0x080001f7   Thumb Code     0  startup_stm32f746xx.o(.text)
    QUADSPI_IRQHandler                       0x080001f7   Thumb Code     0  startup_stm32f746xx.o(.text)
    RCC_IRQHandler                           0x080001f7   Thumb Code     0  startup_stm32f746xx.o(.text)
    RNG_IRQHandler                           0x080001f7   Thumb Code     0  startup_stm32f746xx.o(.text)
    RTC_Alarm_IRQHandler                     0x080001f7   Thumb Code     0  startup_stm32f746xx.o(.text)
    RTC_WKUP_IRQHandler                      0x080001f7   Thumb Code     0  startup_stm32f746xx.o(.text)
    SAI1_IRQHandler                          0x080001f7   Thumb Code     0  startup_stm32f746xx.o(.text)
    SAI2_IRQHandler                          0x080001f7   Thumb Code     0  startup_stm32f746xx.o(.text)
    SDMMC1_IRQHandler                        0x080001f7   Thumb Code     0  startup_stm32f746xx.o(.text)
    SPDIF_RX_IRQHandler                      0x080001f7   Thumb Code     0  startup_stm32f746xx.o(.text)
    SPI1_IRQHandler                          0x080001f7   Thumb Code     0  startup_stm32f746xx.o(.text)
    SPI2_IRQHandler                          0x080001f7   Thumb Code     0  startup_stm32f746xx.o(.text)
    SPI3_IRQHandler                          0x080001f7   Thumb Code     0  startup_stm32f746xx.o(.text)
    SPI4_IRQHandler                          0x080001f7   Thumb Code     0  startup_stm32f746xx.o(.text)
    SPI5_IRQHandler                          0x080001f7   Thumb Code     0  startup_stm32f746xx.o(.text)
    SPI6_IRQHandler                          0x080001f7   Thumb Code     0  startup_stm32f746xx.o(.text)
    TAMP_STAMP_IRQHandler                    0x080001f7   Thumb Code     0  startup_stm32f746xx.o(.text)
    TIM1_BRK_TIM9_IRQHandler                 0x080001f7   Thumb Code     0  startup_stm32f746xx.o(.text)
    TIM1_CC_IRQHandler                       0x080001f7   Thumb Code     0  startup_stm32f746xx.o(.text)
    TIM1_TRG_COM_TIM11_IRQHandler            0x080001f7   Thumb Code     0  startup_stm32f746xx.o(.text)
    TIM1_UP_TIM10_IRQHandler                 0x080001f7   Thumb Code     0  startup_stm32f746xx.o(.text)
    TIM2_IRQHandler                          0x080001f7   Thumb Code     0  startup_stm32f746xx.o(.text)
    TIM3_IRQHandler                          0x080001f7   Thumb Code     0  startup_stm32f746xx.o(.text)
    TIM4_IRQHandler                          0x080001f7   Thumb Code     0  startup_stm32f746xx.o(.text)
    TIM5_IRQHandler                          0x080001f7   Thumb Code     0  startup_stm32f746xx.o(.text)
    TIM6_DAC_IRQHandler                      0x080001f7   Thumb Code     0  startup_stm32f746xx.o(.text)
    TIM7_IRQHandler                          0x080001f7   Thumb Code     0  startup_stm32f746xx.o(.text)
    TIM8_BRK_TIM12_IRQHandler                0x080001f7   Thumb Code     0  startup_stm32f746xx.o(.text)
    TIM8_CC_IRQHandler                       0x080001f7   Thumb Code     0  startup_stm32f746xx.o(.text)
    TIM8_TRG_COM_TIM14_IRQHandler            0x080001f7   Thumb Code     0  startup_stm32f746xx.o(.text)
    TIM8_UP_TIM13_IRQHandler                 0x080001f7   Thumb Code     0  startup_stm32f746xx.o(.text)
    UART4_IRQHandler                         0x080001f7   Thumb Code     0  startup_stm32f746xx.o(.text)
    UART5_IRQHandler                         0x080001f7   Thumb Code     0  startup_stm32f746xx.o(.text)
    UART7_IRQHandler                         0x080001f7   Thumb Code     0  startup_stm32f746xx.o(.text)
    UART8_IRQHandler                         0x080001f7   Thumb Code     0  startup_stm32f746xx.o(.text)
    USART1_IRQHandler                        0x080001f7   Thumb Code     0  startup_stm32f746xx.o(.text)
    USART2_IRQHandler                        0x080001f7   Thumb Code     0  startup_stm32f746xx.o(.text)
    USART3_IRQHandler                        0x080001f7   Thumb Code     0  startup_stm32f746xx.o(.text)
    USART6_IRQHandler                        0x080001f7   Thumb Code     0  startup_stm32f746xx.o(.text)
    WWDG_IRQHandler                          0x080001f7   Thumb Code     0  startup_stm32f746xx.o(.text)
    __aeabi_memcpy                           0x08000201   Thumb Code    36  memcpya.o(.text)
    __aeabi_memcpy4                          0x08000201   Thumb Code     0  memcpya.o(.text)
    __aeabi_memcpy8                          0x08000201   Thumb Code     0  memcpya.o(.text)
    __aeabi_uidiv                            0x08000225   Thumb Code     0  uidiv.o(.text)
    __aeabi_uidivmod                         0x08000225   Thumb Code    44  uidiv.o(.text)
    __scatterload                            0x08000251   Thumb Code    28  init.o(.text)
    __scatterload_rt2                        0x08000251   Thumb Code     0  init.o(.text)
    BSP_LCD_Clear                            0x08000275   Thumb Code    48  stm32746g_lcd.o(i.BSP_LCD_Clear)
    BSP_LCD_DisplayChar                      0x080002ad   Thumb Code    44  stm32746g_lcd.o(i.BSP_LCD_DisplayChar)
    BSP_LCD_DisplayOn                        0x080002e1   Thumb Code    38  stm32746g_lcd.o(i.BSP_LCD_DisplayOn)
    BSP_LCD_DisplayStringAt                  0x08000315   Thumb Code   192  stm32746g_lcd.o(i.BSP_LCD_DisplayStringAt)
    BSP_LCD_DrawPixel                        0x080003dd   Thumb Code    90  stm32746g_lcd.o(i.BSP_LCD_DrawPixel)
    BSP_LCD_GetXSize                         0x08000441   Thumb Code    22  stm32746g_lcd.o(i.BSP_LCD_GetXSize)
    BSP_LCD_GetYSize                         0x08000461   Thumb Code    22  stm32746g_lcd.o(i.BSP_LCD_GetYSize)
    BSP_LCD_Init                             0x08000481   Thumb Code    12  stm32746g_lcd.o(i.BSP_LCD_Init)
    BSP_LCD_SelectLayer                      0x08000491   Thumb Code     6  stm32746g_lcd.o(i.BSP_LCD_SelectLayer)
    BSP_LCD_SetBackColor                     0x0800049d   Thumb Code    18  stm32746g_lcd.o(i.BSP_LCD_SetBackColor)
    BSP_LCD_SetFont                          0x080004b9   Thumb Code    18  stm32746g_lcd.o(i.BSP_LCD_SetFont)
    BSP_LCD_SetLayerVisible                  0x080004d5   Thumb Code    40  stm32746g_lcd.o(i.BSP_LCD_SetLayerVisible)
    BSP_LCD_SetTextColor                     0x08000501   Thumb Code    16  stm32746g_lcd.o(i.BSP_LCD_SetTextColor)
    BSP_SDRAM_Init                           0x08000519   Thumb Code    22  stm32746g_sdram.o(i.BSP_SDRAM_Init)
    BSP_SDRAM_Initialization_sequence        0x0800053d   Thumb Code   130  stm32746g_sdram.o(i.BSP_SDRAM_Initialization_sequence)
    DCMI_IRQHandler                          0x08000669   Thumb Code     6  stm32f7xx_it.o(i.DCMI_IRQHandler)
    DMA2_Stream1_IRQHandler                  0x08000709   Thumb Code     6  stm32f7xx_it.o(i.DMA2_Stream1_IRQHandler)
    FMC_SDRAM_Init                           0x08000889   Thumb Code    94  stm32f7xx_ll_fmc.o(i.FMC_SDRAM_Init)
    FMC_SDRAM_ProgramRefreshRate             0x080008e7   Thumb Code    12  stm32f7xx_ll_fmc.o(i.FMC_SDRAM_ProgramRefreshRate)
    FMC_SDRAM_SendCommand                    0x080008f3   Thumb Code    72  stm32f7xx_ll_fmc.o(i.FMC_SDRAM_SendCommand)
    FMC_SDRAM_Timing_Init                    0x0800093d   Thumb Code   134  stm32f7xx_ll_fmc.o(i.FMC_SDRAM_Timing_Init)
    HAL_DCMI_ErrorCallback                   0x080009c9   Thumb Code     2  stm32f7xx_hal_dcmi.o(i.HAL_DCMI_ErrorCallback)
    HAL_DCMI_FrameEventCallback              0x080009cd   Thumb Code    80  ov5640.o(i.HAL_DCMI_FrameEventCallback)
    HAL_DCMI_IRQHandler                      0x08000a31   Thumb Code   152  stm32f7xx_hal_dcmi.o(i.HAL_DCMI_IRQHandler)
    HAL_DCMI_Init                            0x08000acd   Thumb Code   134  stm32f7xx_hal_dcmi.o(i.HAL_DCMI_Init)
    HAL_DCMI_LineEventCallback               0x08000b59   Thumb Code     2  stm32f7xx_hal_dcmi.o(i.HAL_DCMI_LineEventCallback)
    HAL_DCMI_MspInit                         0x08000b5d   Thumb Code   260  dcmi.o(i.HAL_DCMI_MspInit)
    HAL_DCMI_Start_DMA                       0x08000c99   Thumb Code   178  stm32f7xx_hal_dcmi.o(i.HAL_DCMI_Start_DMA)
    HAL_DCMI_Stop                            0x08000d55   Thumb Code   112  stm32f7xx_hal_dcmi.o(i.HAL_DCMI_Stop)
    HAL_DCMI_VsyncEventCallback              0x08000dc9   Thumb Code     2  stm32f7xx_hal_dcmi.o(i.HAL_DCMI_VsyncEventCallback)
    HAL_DMA2D_ConfigLayer                    0x08000dcd   Thumb Code   158  stm32f7xx_hal_dma2d.o(i.HAL_DMA2D_ConfigLayer)
    HAL_DMA2D_Init                           0x08000e71   Thumb Code    90  stm32f7xx_hal_dma2d.o(i.HAL_DMA2D_Init)
    HAL_DMA2D_MspInit                        0x08000ecd   Thumb Code    30  dma2d.o(i.HAL_DMA2D_MspInit)
    HAL_DMA2D_PollForTransfer                0x08000ef5   Thumb Code   268  stm32f7xx_hal_dma2d.o(i.HAL_DMA2D_PollForTransfer)
    HAL_DMA2D_Start                          0x08001001   Thumb Code    52  stm32f7xx_hal_dma2d.o(i.HAL_DMA2D_Start)
    HAL_DMAEx_ChangeMemory                   0x08001035   Thumb Code    14  stm32f7xx_hal_dma_ex.o(i.HAL_DMAEx_ChangeMemory)
    HAL_DMAEx_MultiBufferStart_IT            0x08001045   Thumb Code  2436  stm32f7xx_hal_dma_ex.o(i.HAL_DMAEx_MultiBufferStart_IT)
    HAL_DMA_Abort                            0x080019d5   Thumb Code   146  stm32f7xx_hal_dma.o(i.HAL_DMA_Abort)
    HAL_DMA_Abort_IT                         0x08001a67   Thumb Code    36  stm32f7xx_hal_dma.o(i.HAL_DMA_Abort_IT)
    HAL_DMA_DeInit                           0x08001a8b   Thumb Code    86  stm32f7xx_hal_dma.o(i.HAL_DMA_DeInit)
    HAL_DMA_IRQHandler                       0x08001ae1   Thumb Code   414  stm32f7xx_hal_dma.o(i.HAL_DMA_IRQHandler)
    HAL_DMA_Init                             0x08001c89   Thumb Code   222  stm32f7xx_hal_dma.o(i.HAL_DMA_Init)
    HAL_DMA_Start_IT                         0x08001d6d   Thumb Code   122  stm32f7xx_hal_dma.o(i.HAL_DMA_Start_IT)
    HAL_Delay                                0x08001de7   Thumb Code    22  stm32f7xx_hal.o(i.HAL_Delay)
    HAL_GPIO_Init                            0x08001e95   Thumb Code   418  stm32f7xx_hal_gpio.o(i.HAL_GPIO_Init)
    HAL_GPIO_ReadPin                         0x0800206d   Thumb Code    10  stm32f7xx_hal_gpio.o(i.HAL_GPIO_ReadPin)
    HAL_GPIO_WritePin                        0x08002077   Thumb Code    10  stm32f7xx_hal_gpio.o(i.HAL_GPIO_WritePin)
    HAL_GetTick                              0x08002081   Thumb Code     6  stm32f7xx_hal.o(i.HAL_GetTick)
    HAL_IncTick                              0x0800208d   Thumb Code    10  stm32f7xx_hal.o(i.HAL_IncTick)
    HAL_Init                                 0x0800209d   Thumb Code    22  stm32f7xx_hal.o(i.HAL_Init)
    HAL_InitTick                             0x080020b5   Thumb Code    34  stm32f7xx_hal.o(i.HAL_InitTick)
    HAL_LTDC_ConfigLayer                     0x080020dd   Thumb Code    82  stm32f7xx_hal_ltdc.o(i.HAL_LTDC_ConfigLayer)
    HAL_LTDC_Init                            0x08002131   Thumb Code   252  stm32f7xx_hal_ltdc.o(i.HAL_LTDC_Init)
    HAL_LTDC_MspInit                         0x08002231   Thumb Code   200  ltdc.o(i.HAL_LTDC_MspInit)
    HAL_MspInit                              0x08002321   Thumb Code    88  stm32f7xx_hal_msp.o(i.HAL_MspInit)
    HAL_NVIC_EnableIRQ                       0x08002379   Thumb Code    22  stm32f7xx_hal_cortex.o(i.HAL_NVIC_EnableIRQ)
    HAL_NVIC_SetPriority                     0x08002391   Thumb Code    60  stm32f7xx_hal_cortex.o(i.HAL_NVIC_SetPriority)
    HAL_NVIC_SetPriorityGrouping             0x080023d1   Thumb Code    28  stm32f7xx_hal_cortex.o(i.HAL_NVIC_SetPriorityGrouping)
    HAL_PWREx_EnableOverDrive                0x080023f5   Thumb Code   100  stm32f7xx_hal_pwr_ex.o(i.HAL_PWREx_EnableOverDrive)
    HAL_RCCEx_PeriphCLKConfig                0x08002461   Thumb Code  1276  stm32f7xx_hal_rcc_ex.o(i.HAL_RCCEx_PeriphCLKConfig)
    HAL_RCC_ClockConfig                      0x0800295d   Thumb Code   258  stm32f7xx_hal_rcc.o(i.HAL_RCC_ClockConfig)
    HAL_RCC_GetHCLKFreq                      0x08002a71   Thumb Code     6  stm32f7xx_hal_rcc.o(i.HAL_RCC_GetHCLKFreq)
    HAL_RCC_GetPCLK1Freq                     0x08002a7d   Thumb Code    20  stm32f7xx_hal_rcc.o(i.HAL_RCC_GetPCLK1Freq)
    HAL_RCC_GetPCLK2Freq                     0x08002a9d   Thumb Code    20  stm32f7xx_hal_rcc.o(i.HAL_RCC_GetPCLK2Freq)
    HAL_RCC_GetSysClockFreq                  0x08002abd   Thumb Code    84  stm32f7xx_hal_rcc.o(i.HAL_RCC_GetSysClockFreq)
    HAL_RCC_MCOConfig                        0x08002b19   Thumb Code   130  stm32f7xx_hal_rcc.o(i.HAL_RCC_MCOConfig)
    HAL_RCC_OscConfig                        0x08002bad   Thumb Code   810  stm32f7xx_hal_rcc.o(i.HAL_RCC_OscConfig)
    HAL_SDRAM_Init                           0x08002ee5   Thumb Code    66  stm32f7xx_hal_sdram.o(i.HAL_SDRAM_Init)
    HAL_SDRAM_MspInit                        0x08002f27   Thumb Code     4  fmc.o(i.HAL_SDRAM_MspInit)
    HAL_SDRAM_ProgramRefreshRate             0x08002f2b   Thumb Code    34  stm32f7xx_hal_sdram.o(i.HAL_SDRAM_ProgramRefreshRate)
    HAL_SDRAM_SendCommand                    0x08002f4d   Thumb Code    48  stm32f7xx_hal_sdram.o(i.HAL_SDRAM_SendCommand)
    HAL_SYSTICK_CLKSourceConfig              0x08002f7d   Thumb Code    24  stm32f7xx_hal_cortex.o(i.HAL_SYSTICK_CLKSourceConfig)
    HAL_SYSTICK_Callback                     0x08002f95   Thumb Code     2  stm32f7xx_hal_cortex.o(i.HAL_SYSTICK_Callback)
    HAL_SYSTICK_Config                       0x08002f97   Thumb Code    38  stm32f7xx_hal_cortex.o(i.HAL_SYSTICK_Config)
    HAL_SYSTICK_IRQHandler                   0x08002fbd   Thumb Code     8  stm32f7xx_hal_cortex.o(i.HAL_SYSTICK_IRQHandler)
    HAL_UART_Init                            0x08002fc5   Thumb Code   106  stm32f7xx_hal_uart.o(i.HAL_UART_Init)
    HAL_UART_MspInit                         0x08003031   Thumb Code    58  usart.o(i.HAL_UART_MspInit)
    HAL_UART_Transmit                        0x08003079   Thumb Code   182  stm32f7xx_hal_uart.o(i.HAL_UART_Transmit)
    MX_DCMI_Init                             0x080033a1   Thumb Code    58  dcmi.o(i.MX_DCMI_Init)
    MX_DMA2D_Init                            0x080033f5   Thumb Code    66  dma2d.o(i.MX_DMA2D_Init)
    MX_DMA_Init                              0x08003451   Thumb Code   104  dma.o(i.MX_DMA_Init)
    MX_FMC_Init                              0x080034d5   Thumb Code    92  fmc.o(i.MX_FMC_Init)
    MX_GPIO_Init                             0x08003549   Thumb Code   280  gpio.o(i.MX_GPIO_Init)
    MX_LTDC_Init                             0x08003671   Thumb Code   228  ltdc.o(i.MX_LTDC_Init)
    MX_USART1_UART_Init                      0x08003771   Thumb Code    56  usart.o(i.MX_USART1_UART_Init)
    OV5640_Brightness                        0x080037e3   Thumb Code    80  ov5640.o(i.OV5640_Brightness)
    OV5640_Color_Saturation                  0x08003835   Thumb Code   120  ov5640.o(i.OV5640_Color_Saturation)
    OV5640_Contrast                          0x080038b1   Thumb Code   104  ov5640.o(i.OV5640_Contrast)
    OV5640_Init                              0x08003919   Thumb Code   122  ov5640.o(i.OV5640_Init)
    OV5640_JPEG_Mode                         0x080039a9   Thumb Code    32  ov5640.o(i.OV5640_JPEG_Mode)
    OV5640_Light_Mode                        0x080039cd   Thumb Code    64  ov5640.o(i.OV5640_Light_Mode)
    OV5640_OutSize_Set                       0x08003a11   Thumb Code   230  ov5640.o(i.OV5640_OutSize_Set)
    OV5640_RD_Reg                            0x08003afd   Thumb Code    58  ov5640.o(i.OV5640_RD_Reg)
    OV5640_RGB565_Mode                       0x08003b39   Thumb Code    32  ov5640.o(i.OV5640_RGB565_Mode)
    OV5640_Sharpness                         0x08003b5d   Thumb Code   116  ov5640.o(i.OV5640_Sharpness)
    OV5640_WR_Reg                            0x08003bd1   Thumb Code    60  ov5640.o(i.OV5640_WR_Reg)
    SCCB_No_Ack                              0x08003c0d   Thumb Code    68  sccb.o(i.SCCB_No_Ack)
    SCCB_RD_Byte                             0x08003c55   Thumb Code    80  sccb.o(i.SCCB_RD_Byte)
    SCCB_Start                               0x08003ca9   Thumb Code    60  sccb.o(i.SCCB_Start)
    SCCB_Stop                                0x08003ce9   Thumb Code    54  sccb.o(i.SCCB_Stop)
    SCCB_WR_Byte                             0x08003d25   Thumb Code   124  sccb.o(i.SCCB_WR_Byte)
    SysTick_Handler                          0x08003da5   Thumb Code    14  stm32f7xx_it.o(i.SysTick_Handler)
    SystemClock_Config                       0x08003db5   Thumb Code   204  main.o(i.SystemClock_Config)
    SystemInit                               0x08003e89   Thumb Code    68  system_stm32f7xx.o(i.SystemInit)
    UART_AdvFeatureConfig                    0x08003edd   Thumb Code   200  stm32f7xx_hal_uart.o(i.UART_AdvFeatureConfig)
    UART_CheckIdleState                      0x08003fa5   Thumb Code    64  stm32f7xx_hal_uart.o(i.UART_CheckIdleState)
    UART_SetConfig                           0x08003fe5   Thumb Code   550  stm32f7xx_hal_uart.o(i.UART_SetConfig)
    UART_WaitOnFlagUntilTimeout              0x0800423d   Thumb Code   100  stm32f7xx_hal_uart.o(i.UART_WaitOnFlagUntilTimeout)
    _Error_Handler                           0x080042a1   Thumb Code     2  main.o(i._Error_Handler)
    __0printf$1                              0x080042a5   Thumb Code    22  printf1.o(i.__0printf$1)
    __1printf$1                              0x080042a5   Thumb Code     0  printf1.o(i.__0printf$1)
    __2printf                                0x080042a5   Thumb Code     0  printf1.o(i.__0printf$1)
    __scatterload_copy                       0x080042c5   Thumb Code    14  handlers.o(i.__scatterload_copy)
    __scatterload_null                       0x080042d3   Thumb Code     2  handlers.o(i.__scatterload_null)
    __scatterload_zeroinit                   0x080042d5   Thumb Code    14  handlers.o(i.__scatterload_zeroinit)
    dcmi_dma_Full_TC_callback                0x08004439   Thumb Code    66  ov5640.o(i.dcmi_dma_Full_TC_callback)
    dcmi_dma_Half_TC_callback                0x0800448d   Thumb Code    66  ov5640.o(i.dcmi_dma_Half_TC_callback)
    delay_6us                                0x080044e1   Thumb Code    12  sccb.o(i.delay_6us)
    fputc                                    0x080044ed   Thumb Code    20  usart.o(i.fputc)
    jpeg_dcmi_frame_callback                 0x08004505   Thumb Code   114  ov5640.o(i.jpeg_dcmi_frame_callback)
    jpeg_test                                0x0800459d   Thumb Code   146  ov5640.o(i.jpeg_test)
    main                                     0x08004659   Thumb Code   482  main.o(i.main)
    rgb565_test                              0x08004961   Thumb Code   216  ov5640.o(i.rgb565_test)
    AHBPrescTable                            0x08004a74   Data          16  system_stm32f7xx.o(.constdata)
    APBPrescTable                            0x08004a84   Data           8  system_stm32f7xx.o(.constdata)
    Font24_Table                             0x08004a8c   Data        6840  stm32746g_lcd.o(.constdata)
    Font20_Table                             0x08006544   Data        3800  stm32746g_lcd.o(.constdata)
    OV5640_jpeg_reg_tbl                      0x0800741c   Data         180  ov5640.o(.constdata)
    ov5640_rgb565_reg_tbl                    0x080074d0   Data         180  ov5640.o(.constdata)
    ov5640_init_reg_tbl                      0x08007584   Data         828  ov5640.o(.constdata)
    OV5640_AF_Config                         0x080078c0   Data        4077  ov5640.o(.constdata)
    jpeg_size_tbl                            0x080088ae   Data          28  ov5640.o(.constdata)
    Region$$Table$$Base                      0x08008958   Number         0  anon$$obj.o(Region$$Table)
    Region$$Table$$Limit                     0x08008978   Number         0  anon$$obj.o(Region$$Table)
    uwTick                                   0x20000008   Data           4  stm32f7xx_hal.o(.data)
    SystemCoreClock                          0x2000000c   Data           4  system_stm32f7xx.o(.data)
    Font24                                   0x20000014   Data           8  stm32746g_lcd.o(.data)
    Font20                                   0x2000001c   Data           8  stm32746g_lcd.o(.data)
    jpeg_mode                                0x20000028   Data           1  ov5640.o(.data)
    curline                                  0x2000002a   Data           2  ov5640.o(.data)
    jpeg_buf_size                            0x2000002c   Data           4  ov5640.o(.data)
    __stdout                                 0x20000030   Data           4  stdout.o(.data)
    hsdram1                                  0x20000034   Data          52  fmc.o(.bss)
    huart1                                   0x20000068   Data         112  usart.o(.bss)
    hdma2d                                   0x200000d8   Data          64  dma2d.o(.bss)
    hltdc                                    0x20000118   Data         168  ltdc.o(.bss)
    hdma_memtomem_dma2_stream0               0x200001c0   Data          96  dma.o(.bss)
    hdcmi                                    0x20000220   Data          80  dcmi.o(.bss)
    hdma_dcmi                                0x20000270   Data          96  dcmi.o(.bss)
    dcmi_line_buf                            0x20000470   Data        1920  ov5640.o(.bss)
    __initial_sp                             0x20000ff0   Data           0  startup_stm32f746xx.o(STACK)
    jpeg_data_buf                            0xd0400000   Data       409600  ov5640.o(.ARM.__AT_0xD0400000)



==============================================================================

Memory Map of the image

  Image Entry point : 0x080001c9

  Load Region LR_IROM1 (Base: 0x08000000, Size: 0x000089ac, Max: 0x00100000, ABSOLUTE)

    Execution Region ER_IROM1 (Base: 0x08000000, Size: 0x00008978, Max: 0x00100000, ABSOLUTE)

    Base Addr    Size         Type   Attr      Idx    E Section Name        Object

    0x08000000   0x000001c8   Data   RO          535    RESET               startup_stm32f746xx.o
    0x080001c8   0x00000000   Code   RO         4031  * .ARM.Collect$$$$00000000  mc_w.l(entry.o)
    0x080001c8   0x00000004   Code   RO         4299    .ARM.Collect$$$$00000001  mc_w.l(entry2.o)
    0x080001cc   0x00000004   Code   RO         4302    .ARM.Collect$$$$00000004  mc_w.l(entry5.o)
    0x080001d0   0x00000000   Code   RO         4304    .ARM.Collect$$$$00000008  mc_w.l(entry7b.o)
    0x080001d0   0x00000000   Code   RO         4306    .ARM.Collect$$$$0000000A  mc_w.l(entry8b.o)
    0x080001d0   0x00000008   Code   RO         4307    .ARM.Collect$$$$0000000B  mc_w.l(entry9a.o)
    0x080001d8   0x00000000   Code   RO         4309    .ARM.Collect$$$$0000000D  mc_w.l(entry10a.o)
    0x080001d8   0x00000000   Code   RO         4311    .ARM.Collect$$$$0000000F  mc_w.l(entry11a.o)
    0x080001d8   0x00000004   Code   RO         4300    .ARM.Collect$$$$00002712  mc_w.l(entry2.o)
    0x080001dc   0x00000024   Code   RO          536    .text               startup_stm32f746xx.o
    0x08000200   0x00000024   Code   RO         4034    .text               mc_w.l(memcpya.o)
    0x08000224   0x0000002c   Code   RO         4314    .text               mc_w.l(uidiv.o)
    0x08000250   0x00000024   Code   RO         4329    .text               mc_w.l(init.o)
    0x08000274   0x00000038   Code   RO         3365    i.BSP_LCD_Clear     stm32746g_lcd.o
    0x080002ac   0x00000034   Code   RO         3369    i.BSP_LCD_DisplayChar  stm32746g_lcd.o
    0x080002e0   0x00000034   Code   RO         3371    i.BSP_LCD_DisplayOn  stm32746g_lcd.o
    0x08000314   0x000000c8   Code   RO         3372    i.BSP_LCD_DisplayStringAt  stm32746g_lcd.o
    0x080003dc   0x00000064   Code   RO         3379    i.BSP_LCD_DrawPixel  stm32746g_lcd.o
    0x08000440   0x00000020   Code   RO         3390    i.BSP_LCD_GetXSize  stm32746g_lcd.o
    0x08000460   0x00000020   Code   RO         3391    i.BSP_LCD_GetYSize  stm32746g_lcd.o
    0x08000480   0x00000010   Code   RO         3392    i.BSP_LCD_Init      stm32746g_lcd.o
    0x08000490   0x0000000c   Code   RO         3399    i.BSP_LCD_SelectLayer  stm32746g_lcd.o
    0x0800049c   0x0000001c   Code   RO         3400    i.BSP_LCD_SetBackColor  stm32746g_lcd.o
    0x080004b8   0x0000001c   Code   RO         3402    i.BSP_LCD_SetFont   stm32746g_lcd.o
    0x080004d4   0x0000002c   Code   RO         3404    i.BSP_LCD_SetLayerVisible  stm32746g_lcd.o
    0x08000500   0x00000018   Code   RO         3406    i.BSP_LCD_SetTextColor  stm32746g_lcd.o
    0x08000518   0x00000024   Code   RO         3708    i.BSP_SDRAM_Init    stm32746g_sdram.o
    0x0800053c   0x00000088   Code   RO         3709    i.BSP_SDRAM_Initialization_sequence  stm32746g_sdram.o
    0x080005c4   0x00000020   Code   RO         3191    i.DCMI_DMAError     stm32f7xx_hal_dcmi.o
    0x080005e4   0x00000084   Code   RO         3192    i.DCMI_DMAXferCplt  stm32f7xx_hal_dcmi.o
    0x08000668   0x0000000c   Code   RO          190    i.DCMI_IRQHandler   stm32f7xx_it.o
    0x08000674   0x00000092   Code   RO         1223    i.DMA2D_SetConfig   stm32f7xx_hal_dma2d.o
    0x08000706   0x00000002   PAD
    0x08000708   0x0000000c   Code   RO          191    i.DMA2_Stream1_IRQHandler  stm32f7xx_it.o
    0x08000714   0x00000028   Code   RO         2871    i.DMA_CalcBaseAndBitshift  stm32f7xx_hal_dma.o
    0x0800073c   0x00000054   Code   RO         2872    i.DMA_CheckFifoParam  stm32f7xx_hal_dma.o
    0x08000790   0x0000001e   Code   RO         1969    i.DMA_MultiBufferSetConfig  stm32f7xx_hal_dma_ex.o
    0x080007ae   0x00000028   Code   RO         2873    i.DMA_SetConfig     stm32f7xx_hal_dma.o
    0x080007d6   0x00000002   PAD
    0x080007d8   0x000000b0   Code   RO         3410    i.DrawChar          stm32746g_lcd.o
    0x08000888   0x0000005e   Code   RO         1088    i.FMC_SDRAM_Init    stm32f7xx_ll_fmc.o
    0x080008e6   0x0000000c   Code   RO         1089    i.FMC_SDRAM_ProgramRefreshRate  stm32f7xx_ll_fmc.o
    0x080008f2   0x00000048   Code   RO         1090    i.FMC_SDRAM_SendCommand  stm32f7xx_ll_fmc.o
    0x0800093a   0x00000002   PAD
    0x0800093c   0x0000008c   Code   RO         1092    i.FMC_SDRAM_Timing_Init  stm32f7xx_ll_fmc.o
    0x080009c8   0x00000002   Code   RO         3197    i.HAL_DCMI_ErrorCallback  stm32f7xx_hal_dcmi.o
    0x080009ca   0x00000002   PAD
    0x080009cc   0x00000064   Code   RO         3793    i.HAL_DCMI_FrameEventCallback  ov5640.o
    0x08000a30   0x0000009c   Code   RO         3201    i.HAL_DCMI_IRQHandler  stm32f7xx_hal_dcmi.o
    0x08000acc   0x0000008c   Code   RO         3202    i.HAL_DCMI_Init     stm32f7xx_hal_dcmi.o
    0x08000b58   0x00000002   Code   RO         3203    i.HAL_DCMI_LineEventCallback  stm32f7xx_hal_dcmi.o
    0x08000b5a   0x00000002   PAD
    0x08000b5c   0x0000013c   Code   RO          495    i.HAL_DCMI_MspInit  dcmi.o
    0x08000c98   0x000000bc   Code   RO         3207    i.HAL_DCMI_Start_DMA  stm32f7xx_hal_dcmi.o
    0x08000d54   0x00000074   Code   RO         3208    i.HAL_DCMI_Stop     stm32f7xx_hal_dcmi.o
    0x08000dc8   0x00000002   Code   RO         3210    i.HAL_DCMI_VsyncEventCallback  stm32f7xx_hal_dcmi.o
    0x08000dca   0x00000002   PAD
    0x08000dcc   0x000000a4   Code   RO         1235    i.HAL_DMA2D_ConfigLayer  stm32f7xx_hal_dma2d.o
    0x08000e70   0x0000005a   Code   RO         1243    i.HAL_DMA2D_Init    stm32f7xx_hal_dma2d.o
    0x08000eca   0x00000002   PAD
    0x08000ecc   0x00000028   Code   RO          303    i.HAL_DMA2D_MspInit  dma2d.o
    0x08000ef4   0x0000010c   Code   RO         1247    i.HAL_DMA2D_PollForTransfer  stm32f7xx_hal_dma2d.o
    0x08001000   0x00000034   Code   RO         1250    i.HAL_DMA2D_Start   stm32f7xx_hal_dma2d.o
    0x08001034   0x0000000e   Code   RO         1970    i.HAL_DMAEx_ChangeMemory  stm32f7xx_hal_dma_ex.o
    0x08001042   0x00000002   PAD
    0x08001044   0x00000990   Code   RO         1972    i.HAL_DMAEx_MultiBufferStart_IT  stm32f7xx_hal_dma_ex.o
    0x080019d4   0x00000092   Code   RO         2874    i.HAL_DMA_Abort     stm32f7xx_hal_dma.o
    0x08001a66   0x00000024   Code   RO         2875    i.HAL_DMA_Abort_IT  stm32f7xx_hal_dma.o
    0x08001a8a   0x00000056   Code   RO         2876    i.HAL_DMA_DeInit    stm32f7xx_hal_dma.o
    0x08001ae0   0x000001a8   Code   RO         2879    i.HAL_DMA_IRQHandler  stm32f7xx_hal_dma.o
    0x08001c88   0x000000e4   Code   RO         2880    i.HAL_DMA_Init      stm32f7xx_hal_dma.o
    0x08001d6c   0x0000007a   Code   RO         2884    i.HAL_DMA_Start_IT  stm32f7xx_hal_dma.o
    0x08001de6   0x00000016   Code   RO         1799    i.HAL_Delay         stm32f7xx_hal.o
    0x08001dfc   0x00000098   Code   RO            4    i.HAL_FMC_MspInit   fmc.o
    0x08001e94   0x000001d8   Code   RO          564    i.HAL_GPIO_Init     stm32f7xx_hal_gpio.o
    0x0800206c   0x0000000a   Code   RO          566    i.HAL_GPIO_ReadPin  stm32f7xx_hal_gpio.o
    0x08002076   0x0000000a   Code   RO          568    i.HAL_GPIO_WritePin  stm32f7xx_hal_gpio.o
    0x08002080   0x0000000c   Code   RO         1807    i.HAL_GetTick       stm32f7xx_hal.o
    0x0800208c   0x00000010   Code   RO         1811    i.HAL_IncTick       stm32f7xx_hal.o
    0x0800209c   0x00000016   Code   RO         1812    i.HAL_Init          stm32f7xx_hal.o
    0x080020b2   0x00000002   PAD
    0x080020b4   0x00000028   Code   RO         1813    i.HAL_InitTick      stm32f7xx_hal.o
    0x080020dc   0x00000052   Code   RO         2013    i.HAL_LTDC_ConfigLayer  stm32f7xx_hal_ltdc.o
    0x0800212e   0x00000002   PAD
    0x08002130   0x00000100   Code   RO         2030    i.HAL_LTDC_Init     stm32f7xx_hal_ltdc.o
    0x08002230   0x000000f0   Code   RO          423    i.HAL_LTDC_MspInit  ltdc.o
    0x08002320   0x00000058   Code   RO          166    i.HAL_MspInit       stm32f7xx_hal_msp.o
    0x08002378   0x00000016   Code   RO         2444    i.HAL_NVIC_EnableIRQ  stm32f7xx_hal_cortex.o
    0x0800238e   0x00000002   PAD
    0x08002390   0x00000040   Code   RO         2450    i.HAL_NVIC_SetPriority  stm32f7xx_hal_cortex.o
    0x080023d0   0x00000024   Code   RO         2451    i.HAL_NVIC_SetPriorityGrouping  stm32f7xx_hal_cortex.o
    0x080023f4   0x0000006c   Code   RO         1550    i.HAL_PWREx_EnableOverDrive  stm32f7xx_hal_pwr_ex.o
    0x08002460   0x000004fc   Code   RO         2269    i.HAL_RCCEx_PeriphCLKConfig  stm32f7xx_hal_rcc_ex.o
    0x0800295c   0x00000114   Code   RO         3072    i.HAL_RCC_ClockConfig  stm32f7xx_hal_rcc.o
    0x08002a70   0x0000000c   Code   RO         3077    i.HAL_RCC_GetHCLKFreq  stm32f7xx_hal_rcc.o
    0x08002a7c   0x00000020   Code   RO         3079    i.HAL_RCC_GetPCLK1Freq  stm32f7xx_hal_rcc.o
    0x08002a9c   0x00000020   Code   RO         3080    i.HAL_RCC_GetPCLK2Freq  stm32f7xx_hal_rcc.o
    0x08002abc   0x0000005c   Code   RO         3081    i.HAL_RCC_GetSysClockFreq  stm32f7xx_hal_rcc.o
    0x08002b18   0x00000094   Code   RO         3082    i.HAL_RCC_MCOConfig  stm32f7xx_hal_rcc.o
    0x08002bac   0x00000338   Code   RO         3084    i.HAL_RCC_OscConfig  stm32f7xx_hal_rcc.o
    0x08002ee4   0x00000042   Code   RO         1642    i.HAL_SDRAM_Init    stm32f7xx_hal_sdram.o
    0x08002f26   0x00000004   Code   RO            6    i.HAL_SDRAM_MspInit  fmc.o
    0x08002f2a   0x00000022   Code   RO         1645    i.HAL_SDRAM_ProgramRefreshRate  stm32f7xx_hal_sdram.o
    0x08002f4c   0x00000030   Code   RO         1651    i.HAL_SDRAM_SendCommand  stm32f7xx_hal_sdram.o
    0x08002f7c   0x00000018   Code   RO         2453    i.HAL_SYSTICK_CLKSourceConfig  stm32f7xx_hal_cortex.o
    0x08002f94   0x00000002   Code   RO         2454    i.HAL_SYSTICK_Callback  stm32f7xx_hal_cortex.o
    0x08002f96   0x00000026   Code   RO         2455    i.HAL_SYSTICK_Config  stm32f7xx_hal_cortex.o
    0x08002fbc   0x00000008   Code   RO         2456    i.HAL_SYSTICK_IRQHandler  stm32f7xx_hal_cortex.o
    0x08002fc4   0x0000006a   Code   RO         2593    i.HAL_UART_Init     stm32f7xx_hal_uart.o
    0x0800302e   0x00000002   PAD
    0x08003030   0x00000048   Code   RO          255    i.HAL_UART_MspInit  usart.o
    0x08003078   0x000000b6   Code   RO         2601    i.HAL_UART_Transmit  stm32f7xx_hal_uart.o
    0x0800312e   0x00000002   PAD
    0x08003130   0x000000a0   Code   RO         3413    i.LL_FillBuffer     stm32746g_lcd.o
    0x080031d0   0x000001d0   Code   RO         2049    i.LTDC_SetConfig    stm32f7xx_hal_ltdc.o
    0x080033a0   0x00000054   Code   RO          496    i.MX_DCMI_Init      dcmi.o
    0x080033f4   0x0000005c   Code   RO          304    i.MX_DMA2D_Init     dma2d.o
    0x08003450   0x00000084   Code   RO          464    i.MX_DMA_Init       dma.o
    0x080034d4   0x00000074   Code   RO            7    i.MX_FMC_Init       fmc.o
    0x08003548   0x00000128   Code   RO          230    i.MX_GPIO_Init      gpio.o
    0x08003670   0x00000100   Code   RO          424    i.MX_LTDC_Init      ltdc.o
    0x08003770   0x00000050   Code   RO          256    i.MX_USART1_UART_Init  usart.o
    0x080037c0   0x00000022   Code   RO         2457    i.NVIC_SetPriority  stm32f7xx_hal_cortex.o
    0x080037e2   0x00000050   Code   RO         3795    i.OV5640_Brightness  ov5640.o
    0x08003832   0x00000002   PAD
    0x08003834   0x0000007c   Code   RO         3796    i.OV5640_Color_Saturation  ov5640.o
    0x080038b0   0x00000068   Code   RO         3797    i.OV5640_Contrast   ov5640.o
    0x08003918   0x00000090   Code   RO         3801    i.OV5640_Init       ov5640.o
    0x080039a8   0x00000024   Code   RO         3802    i.OV5640_JPEG_Mode  ov5640.o
    0x080039cc   0x00000044   Code   RO         3803    i.OV5640_Light_Mode  ov5640.o
    0x08003a10   0x000000ec   Code   RO         3804    i.OV5640_OutSize_Set  ov5640.o
    0x08003afc   0x0000003a   Code   RO         3805    i.OV5640_RD_Reg     ov5640.o
    0x08003b36   0x00000002   PAD
    0x08003b38   0x00000024   Code   RO         3806    i.OV5640_RGB565_Mode  ov5640.o
    0x08003b5c   0x00000074   Code   RO         3807    i.OV5640_Sharpness  ov5640.o
    0x08003bd0   0x0000003c   Code   RO         3809    i.OV5640_WR_Reg     ov5640.o
    0x08003c0c   0x00000048   Code   RO         3976    i.SCCB_No_Ack       sccb.o
    0x08003c54   0x00000054   Code   RO         3977    i.SCCB_RD_Byte      sccb.o
    0x08003ca8   0x00000040   Code   RO         3978    i.SCCB_Start        sccb.o
    0x08003ce8   0x0000003c   Code   RO         3979    i.SCCB_Stop         sccb.o
    0x08003d24   0x00000080   Code   RO         3980    i.SCCB_WR_Byte      sccb.o
    0x08003da4   0x0000000e   Code   RO          192    i.SysTick_Handler   stm32f7xx_it.o
    0x08003db2   0x00000002   PAD
    0x08003db4   0x000000d4   Code   RO          344    i.SystemClock_Config  main.o
    0x08003e88   0x00000054   Code   RO         3328    i.SystemInit        system_stm32f7xx.o
    0x08003edc   0x000000c8   Code   RO         2606    i.UART_AdvFeatureConfig  stm32f7xx_hal_uart.o
    0x08003fa4   0x00000040   Code   RO         2607    i.UART_CheckIdleState  stm32f7xx_hal_uart.o
    0x08003fe4   0x00000258   Code   RO         2617    i.UART_SetConfig    stm32f7xx_hal_uart.o
    0x0800423c   0x00000064   Code   RO         2618    i.UART_WaitOnFlagUntilTimeout  stm32f7xx_hal_uart.o
    0x080042a0   0x00000002   Code   RO          345    i._Error_Handler    main.o
    0x080042a2   0x00000002   PAD
    0x080042a4   0x00000020   Code   RO         4083    i.__0printf$1       mc_w.l(printf1.o)
    0x080042c4   0x0000000e   Code   RO         4341    i.__scatterload_copy  mc_w.l(handlers.o)
    0x080042d2   0x00000002   Code   RO         4342    i.__scatterload_null  mc_w.l(handlers.o)
    0x080042d4   0x0000000e   Code   RO         4343    i.__scatterload_zeroinit  mc_w.l(handlers.o)
    0x080042e2   0x00000002   PAD
    0x080042e4   0x00000154   Code   RO         4090    i._printf_core      mc_w.l(printf1.o)
    0x08004438   0x00000054   Code   RO         3810    i.dcmi_dma_Full_TC_callback  ov5640.o
    0x0800448c   0x00000054   Code   RO         3811    i.dcmi_dma_Half_TC_callback  ov5640.o
    0x080044e0   0x0000000c   Code   RO         3981    i.delay_6us         sccb.o
    0x080044ec   0x00000018   Code   RO          257    i.fputc             usart.o
    0x08004504   0x00000098   Code   RO         3812    i.jpeg_dcmi_frame_callback  ov5640.o
    0x0800459c   0x000000bc   Code   RO         3813    i.jpeg_test         ov5640.o
    0x08004658   0x00000308   Code   RO          346    i.main              main.o
    0x08004960   0x0000010c   Code   RO         3814    i.rgb565_test       ov5640.o
    0x08004a6c   0x00000008   Data   RO         2886    .constdata          stm32f7xx_hal_dma.o
    0x08004a74   0x00000010   Data   RO         3329    .constdata          system_stm32f7xx.o
    0x08004a84   0x00000008   Data   RO         3330    .constdata          system_stm32f7xx.o
    0x08004a8c   0x00001ab8   Data   RO         3415    .constdata          stm32746g_lcd.o
    0x08006544   0x00000ed8   Data   RO         3416    .constdata          stm32746g_lcd.o
    0x0800741c   0x0000153a   Data   RO         3817    .constdata          ov5640.o
    0x08008956   0x00000002   PAD
    0x08008958   0x00000020   Data   RO         4339    Region$$Table       anon$$obj.o


    Execution Region RW_IRAM1 (Base: 0x20000000, Size: 0x00000ff0, Max: 0x00050000, ABSOLUTE)

    Base Addr    Size         Type   Attr      Idx    E Section Name        Object

    0x20000000   0x00000008   Data   RW            9    .data               fmc.o
    0x20000008   0x00000004   Data   RW         1818    .data               stm32f7xx_hal.o
    0x2000000c   0x00000004   Data   RW         3331    .data               system_stm32f7xx.o
    0x20000010   0x0000000c   Data   RW         3420    .data               stm32746g_lcd.o
    0x2000001c   0x00000008   Data   RW         3421    .data               stm32746g_lcd.o
    0x20000024   0x00000002   Data   RW         3718    .data               stm32746g_sdram.o
    0x20000026   0x00000002   PAD
    0x20000028   0x00000008   Data   RW         3819    .data               ov5640.o
    0x20000030   0x00000004   Data   RW         4313    .data               mc_w.l(stdout.o)
    0x20000034   0x00000034   Zero   RW            8    .bss                fmc.o
    0x20000068   0x00000070   Zero   RW          258    .bss                usart.o
    0x200000d8   0x00000040   Zero   RW          305    .bss                dma2d.o
    0x20000118   0x000000a8   Zero   RW          425    .bss                ltdc.o
    0x200001c0   0x00000060   Zero   RW          465    .bss                dma.o
    0x20000220   0x000000b0   Zero   RW          497    .bss                dcmi.o
    0x200002d0   0x0000009c   Zero   RW         3414    .bss                stm32746g_lcd.o
    0x2000036c   0x00000104   Zero   RW         3717    .bss                stm32746g_sdram.o
    0x20000470   0x00000780   Zero   RW         3816    .bss                ov5640.o
    0x20000bf0   0x00000400   Zero   RW          533    STACK               startup_stm32f746xx.o



  Load Region LR$$.ARM.__AT_0xD0400000 (Base: 0xd0400000, Size: 0x00000000, Max: 0x00064000, ABSOLUTE)

    Execution Region ER$$.ARM.__AT_0xD0400000 (Base: 0xd0400000, Size: 0x00064000, Max: 0x00064000, ABSOLUTE, UNINIT)

    Base Addr    Size         Type   Attr      Idx    E Section Name        Object

    0xd0400000   0x00064000   Zero   RW         3815    .ARM.__AT_0xD0400000  ov5640.o


==============================================================================

Image component sizes


      Code (inc. data)   RO Data    RW Data    ZI Data      Debug   Object Name

       400         82          0          0        176       2132   dcmi.o
       132         28          0          0         96       1319   dma.o
       132         36          0          0         64       1857   dma2d.o
       272         52          0          8         52     807928   fmc.o
       296         16          0          0          0       1303   gpio.o
       496         68          0          0        168       2266   ltdc.o
       990        302          0          0          0      35024   main.o
      1938        240       5434          8     411520      14536   ov5640.o
       420         22          0          0          0       4520   sccb.o
        36          8        456          0       1024        872   startup_stm32f746xx.o
      1012        136      10640         20        156      16921   stm32746g_lcd.o
       172         20          0          2        260       4134   stm32746g_sdram.o
       112         18          0          4          0       4367   stm32f7xx_hal.o
       228         12          0          0          0      37913   stm32f7xx_hal_cortex.o
       770         24          0          0          0       7523   stm32f7xx_hal_dcmi.o
      1206         22          8          0          0       8863   stm32f7xx_hal_dma.o
       720          6          0          0          0       5563   stm32f7xx_hal_dma2d.o
      2492         20          0          0          0       3621   stm32f7xx_hal_dma_ex.o
       492         54          0          0          0       3535   stm32f7xx_hal_gpio.o
       802          4          0          0          0       3355   stm32f7xx_hal_ltdc.o
        88          0          0          0          0        614   stm32f7xx_hal_msp.o
       108          8          0          0          0       1440   stm32f7xx_hal_pwr_ex.o
      1416         88          0          0          0       7108   stm32f7xx_hal_rcc.o
      1276         16          0          0          0       2484   stm32f7xx_hal_rcc_ex.o
       148          0          0          0          0       3008   stm32f7xx_hal_sdram.o
      1252         70          0          0          0       6645   stm32f7xx_hal_uart.o
        38         12          0          0          0       1686   stm32f7xx_it.o
       318          6          0          0          0       3860   stm32f7xx_ll_fmc.o
        84         16         24          4          0       1487   system_stm32f7xx.o
       176         42          0          0        112       2562   usart.o

    ----------------------------------------------------------------------
     18056       1428      16596         48     413628     998446   Object Totals
         0          0         32          0          0          0   (incl. Generated)
        34          0          2          2          0          0   (incl. Padding)

    ----------------------------------------------------------------------

      Code (inc. data)   RO Data    RW Data    ZI Data      Debug   Library Member Name

         0          0          0          0          0          0   entry.o
         0          0          0          0          0          0   entry10a.o
         0          0          0          0          0          0   entry11a.o
         8          4          0          0          0          0   entry2.o
         4          0          0          0          0          0   entry5.o
         0          0          0          0          0          0   entry7b.o
         0          0          0          0          0          0   entry8b.o
         8          4          0          0          0          0   entry9a.o
        30          0          0          0          0          0   handlers.o
        36          8          0          0          0         68   init.o
        36          0          0          0          0         68   memcpya.o
       372         14          0          0          0        184   printf1.o
         0          0          0          4          0          0   stdout.o
        44          0          0          0          0         80   uidiv.o

    ----------------------------------------------------------------------
       540         30          0          4          0        400   Library Totals
         2          0          0          0          0          0   (incl. Padding)

    ----------------------------------------------------------------------

      Code (inc. data)   RO Data    RW Data    ZI Data      Debug   Library Name

       538         30          0          4          0        400   mc_w.l

    ----------------------------------------------------------------------
       540         30          0          4          0        400   Library Totals

    ----------------------------------------------------------------------

==============================================================================


      Code (inc. data)   RO Data    RW Data    ZI Data      Debug   

     18596       1458      16596         52     413628     986846   Grand Totals
     18596       1458      16596         52     413628     986846   ELF Image Totals
     18596       1458      16596         52          0          0   ROM Totals

==============================================================================

    Total RO  Size (Code + RO Data)                35192 (  34.37kB)
    Total RW  Size (RW Data + ZI Data)            413680 ( 403.98kB)
    Total ROM Size (Code + RO Data + RW Data)      35244 (  34.42kB)

==============================================================================

