<html>
<body>
<pre>
<h1>礦ision Build Log</h1>
<h2>Tool Versions:</h2>
IDE-Version: μVision V5.15
Copyright (C) 2015 ARM Ltd and ARM Germany GmbH. All rights reserved.
License Information: Siuk wuzhaoqi, Siuk, LIC=1WS63-AQB8A-04ISQ-NTE12-HBEKQ-EZE0B
 
Tool Versions:
Toolchain:       MDK-ARM Professional  Version: 5.15.0
Toolchain Path:  D:\Program Files (x86)\Keil_v5\ARM\ARMCC\Bin
C Compiler:      Armcc.exe V5.05 update 2 (build 169)
Assembler:       Armasm.exe V5.05 update 2 (build 169)
Linker/Locator:  ArmLink.exe V5.05 update 2 (build 169)
Library Manager: ArmAr.exe V5.05 update 2 (build 169)
Hex Converter:   FromElf.exe V5.05 update 2 (build 169)
CPU DLL:         SARMCM3.DLL V5.15.0
Dialog DLL:      DCM.DLL V1.13.2.0
Target DLL:      STLink\ST-LINKIII-KEIL_SWO.dll V2.0.15.0_KEIL
Dialog DLL:      TCM.DLL V1.14.5.0
 
<h2>Project:</h2>
D:\0_work\开发资料（给客户）\OV5640摄像头资料+代码\代码\OV5640 Camera Board (C)\OV5640_F746I-C (4.3 inch)\MDK-ARM\STM32F746I.uvprojx
Project File Date:  11/20/2017

<h2>Output:</h2>
*** Using Compiler 'V5.05 update 2 (build 169)', folder: 'D:\Program Files (x86)\Keil_v5\ARM\ARMCC\Bin'
Build target 'STM32F746I'
compiling fmc.c...
compiling stm32f7xx_hal_msp.c...
compiling stm32f7xx_it.c...
compiling gpio.c...
compiling usart.c...
compiling dma2d.c...
compiling main.c...
compiling ltdc.c...
compiling dma.c...
compiling dcmi.c...
assembling startup_stm32f746xx.s...
compiling stm32f7xx_hal_tim_ex.c...
compiling stm32f7xx_hal_gpio.c...
compiling stm32f7xx_hal_i2c.c...
compiling stm32f7xx_hal_tim.c...
compiling stm32f7xx_ll_fmc.c...
compiling stm32f7xx_hal_dma2d.c...
compiling stm32f7xx_hal_pwr.c...
compiling stm32f7xx_hal_pwr_ex.c...
compiling stm32f7xx_hal_sdram.c...
compiling stm32f7xx_hal.c...
compiling stm32f7xx_hal_dma_ex.c...
compiling stm32f7xx_hal_ltdc.c...
compiling stm32f7xx_hal_rcc_ex.c...
compiling stm32f7xx_hal_ltdc_ex.c...
compiling stm32f7xx_hal_flash.c...
compiling stm32f7xx_hal_cortex.c...
compiling stm32f7xx_hal_uart.c...
compiling stm32f7xx_hal_dsi.c...
compiling stm32f7xx_hal_dma.c...
compiling stm32f7xx_hal_i2c_ex.c...
compiling stm32f7xx_hal_flash_ex.c...
compiling stm32f7xx_hal_rcc.c...
compiling stm32f7xx_hal_dcmi_ex.c...
compiling stm32f7xx_hal_dcmi.c...
compiling system_stm32f7xx.c...
compiling stm32746g_lcd.c...
compiling stm32746g_sdram.c...
compiling ov5640.c...
compiling sccb.c...
linking...
Program Size: Code=18596 RO-data=16596 RW-data=52 ZI-data=413628  
"STM32F746I\STM32F746I.axf" - 0 Error(s), 0 Warning(s).

<h2>Software Packages used:</h2>

Package Vendor: ARM
                http://www.keil.com/pack/ARM.CMSIS.4.3.0.pack
                ARM::CMSIS:CORE:4.1.0
                CMSIS (Cortex Microcontroller Software Interface Standard)
   * Component: CORE Version: 4.1.0

<h2>Collection of Component include folders:</h2>
  D:\0_work\开发资料（给客户）\OV5640摄像头资料+代码\代码\OV5640 Camera Board (C)\OV5640_F746I-C (4.3 inch)\MDK-ARM\RTE
  D:\Program Files (x86)\Keil_v5\ARM\PACK\ARM\CMSIS\4.3.0\CMSIS\Include
  D:\Program Files (x86)\Keil_v5\ARM\PACK\Keil\STM32F7xx_DFP\2.9.0\Drivers\CMSIS\Device\ST\STM32F7xx\Include

<h2>Collection of Component Files used:</h2>

   * Component: ARM::CMSIS:CORE:4.1.0
</pre>
</body>
</html>
