Component: ARM Compiler 5.05 update 2 (build 169) Tool: armlink [4d0f33]

==============================================================================

Section Cross References

    system_stm32f4xx.o(i.SystemCoreClockUpdate) refers to system_stm32f4xx.o(.data) for .data
    system_stm32f4xx.o(i.SystemCoreClockUpdate) refers to system_stm32f4xx.o(.constdata) for .constdata
    startup_stm32f439xx.o(RESET) refers to startup_stm32f439xx.o(STACK) for __initial_sp
    startup_stm32f439xx.o(RESET) refers to startup_stm32f439xx.o(.text) for Reset_Handler
    startup_stm32f439xx.o(RESET) refers to stm32f4xx_it.o(i.SysTick_Handler) for SysTick_Handler
    startup_stm32f439xx.o(RESET) refers to stm32f4xx_it.o(i.FMC_IRQHandler) for FMC_IRQHandler
    startup_stm32f439xx.o(RESET) refers to stm32f4xx_it.o(i.DMA2_Stream1_IRQHandler) for DMA2_Stream1_IRQHandler
    startup_stm32f439xx.o(RESET) refers to stm32f4xx_it.o(i.DCMI_IRQHandler) for DCMI_IRQHandler
    startup_stm32f439xx.o(.text) refers to system_stm32f4xx.o(i.SystemInit) for SystemInit
    startup_stm32f439xx.o(.text) refers to entry.o(.ARM.Collect$$$$00000000) for __main
    stm32f4xx_hal_uart.o(i.HAL_HalfDuplex_Init) refers to usart.o(i.HAL_UART_MspInit) for HAL_UART_MspInit
    stm32f4xx_hal_uart.o(i.HAL_HalfDuplex_Init) refers to stm32f4xx_hal_uart.o(i.UART_SetConfig) for UART_SetConfig
    stm32f4xx_hal_uart.o(i.HAL_LIN_Init) refers to usart.o(i.HAL_UART_MspInit) for HAL_UART_MspInit
    stm32f4xx_hal_uart.o(i.HAL_LIN_Init) refers to stm32f4xx_hal_uart.o(i.UART_SetConfig) for UART_SetConfig
    stm32f4xx_hal_uart.o(i.HAL_MultiProcessor_Init) refers to usart.o(i.HAL_UART_MspInit) for HAL_UART_MspInit
    stm32f4xx_hal_uart.o(i.HAL_MultiProcessor_Init) refers to stm32f4xx_hal_uart.o(i.UART_SetConfig) for UART_SetConfig
    stm32f4xx_hal_uart.o(i.HAL_UART_Abort) refers to stm32f4xx_hal_dma.o(i.HAL_DMA_Abort) for HAL_DMA_Abort
    stm32f4xx_hal_uart.o(i.HAL_UART_AbortReceive) refers to stm32f4xx_hal_dma.o(i.HAL_DMA_Abort) for HAL_DMA_Abort
    stm32f4xx_hal_uart.o(i.HAL_UART_AbortReceive_IT) refers to stm32f4xx_hal_dma.o(i.HAL_DMA_Abort_IT) for HAL_DMA_Abort_IT
    stm32f4xx_hal_uart.o(i.HAL_UART_AbortReceive_IT) refers to stm32f4xx_hal_uart.o(i.HAL_UART_AbortReceiveCpltCallback) for HAL_UART_AbortReceiveCpltCallback
    stm32f4xx_hal_uart.o(i.HAL_UART_AbortReceive_IT) refers to stm32f4xx_hal_uart.o(i.UART_DMARxOnlyAbortCallback) for UART_DMARxOnlyAbortCallback
    stm32f4xx_hal_uart.o(i.HAL_UART_AbortTransmit) refers to stm32f4xx_hal_dma.o(i.HAL_DMA_Abort) for HAL_DMA_Abort
    stm32f4xx_hal_uart.o(i.HAL_UART_AbortTransmit_IT) refers to stm32f4xx_hal_dma.o(i.HAL_DMA_Abort_IT) for HAL_DMA_Abort_IT
    stm32f4xx_hal_uart.o(i.HAL_UART_AbortTransmit_IT) refers to stm32f4xx_hal_uart.o(i.HAL_UART_AbortTransmitCpltCallback) for HAL_UART_AbortTransmitCpltCallback
    stm32f4xx_hal_uart.o(i.HAL_UART_AbortTransmit_IT) refers to stm32f4xx_hal_uart.o(i.UART_DMATxOnlyAbortCallback) for UART_DMATxOnlyAbortCallback
    stm32f4xx_hal_uart.o(i.HAL_UART_Abort_IT) refers to stm32f4xx_hal_dma.o(i.HAL_DMA_Abort_IT) for HAL_DMA_Abort_IT
    stm32f4xx_hal_uart.o(i.HAL_UART_Abort_IT) refers to stm32f4xx_hal_uart.o(i.HAL_UART_AbortCpltCallback) for HAL_UART_AbortCpltCallback
    stm32f4xx_hal_uart.o(i.HAL_UART_Abort_IT) refers to stm32f4xx_hal_uart.o(i.UART_DMATxAbortCallback) for UART_DMATxAbortCallback
    stm32f4xx_hal_uart.o(i.HAL_UART_Abort_IT) refers to stm32f4xx_hal_uart.o(i.UART_DMARxAbortCallback) for UART_DMARxAbortCallback
    stm32f4xx_hal_uart.o(i.HAL_UART_DMAStop) refers to stm32f4xx_hal_dma.o(i.HAL_DMA_Abort) for HAL_DMA_Abort
    stm32f4xx_hal_uart.o(i.HAL_UART_DMAStop) refers to stm32f4xx_hal_uart.o(i.UART_EndTxTransfer) for UART_EndTxTransfer
    stm32f4xx_hal_uart.o(i.HAL_UART_DMAStop) refers to stm32f4xx_hal_uart.o(i.UART_EndRxTransfer) for UART_EndRxTransfer
    stm32f4xx_hal_uart.o(i.HAL_UART_DeInit) refers to usart.o(i.HAL_UART_MspDeInit) for HAL_UART_MspDeInit
    stm32f4xx_hal_uart.o(i.HAL_UART_IRQHandler) refers to stm32f4xx_hal_uart.o(i.UART_Receive_IT) for UART_Receive_IT
    stm32f4xx_hal_uart.o(i.HAL_UART_IRQHandler) refers to stm32f4xx_hal_uart.o(i.UART_EndRxTransfer) for UART_EndRxTransfer
    stm32f4xx_hal_uart.o(i.HAL_UART_IRQHandler) refers to stm32f4xx_hal_dma.o(i.HAL_DMA_Abort_IT) for HAL_DMA_Abort_IT
    stm32f4xx_hal_uart.o(i.HAL_UART_IRQHandler) refers to stm32f4xx_hal_uart.o(i.HAL_UART_ErrorCallback) for HAL_UART_ErrorCallback
    stm32f4xx_hal_uart.o(i.HAL_UART_IRQHandler) refers to stm32f4xx_hal_uart.o(i.UART_Transmit_IT) for UART_Transmit_IT
    stm32f4xx_hal_uart.o(i.HAL_UART_IRQHandler) refers to stm32f4xx_hal_uart.o(i.HAL_UART_TxCpltCallback) for HAL_UART_TxCpltCallback
    stm32f4xx_hal_uart.o(i.HAL_UART_IRQHandler) refers to stm32f4xx_hal_uart.o(i.UART_DMAAbortOnError) for UART_DMAAbortOnError
[...]
    Removing stm32f4xx_hal_tim_ex.o(.revsh_text), (4 bytes).
    Removing stm32f4xx_hal_tim_ex.o(.rrx_text), (6 bytes).
    Removing stm32f4xx_hal_dma_ex.o(.rev16_text), (4 bytes).
    Removing stm32f4xx_hal_dma_ex.o(.revsh_text), (4 bytes).
    Removing stm32f4xx_hal_dma_ex.o(.rrx_text), (6 bytes).
    Removing stm32f4xx_hal_dma_ex.o(i.HAL_DMAEx_MultiBufferStart), (100 bytes).
    Removing stm32f4xx_hal_flash_ex.o(.rev16_text), (4 bytes).
    Removing stm32f4xx_hal_flash_ex.o(.revsh_text), (4 bytes).
    Removing stm32f4xx_hal_flash_ex.o(.rrx_text), (6 bytes).
    Removing stm32f4xx_hal_flash_ex.o(i.FLASH_Erase_Sector), (84 bytes).
    Removing stm32f4xx_hal_flash_ex.o(i.FLASH_FlushCaches), (84 bytes).
    Removing stm32f4xx_hal_flash_ex.o(i.FLASH_MassErase), (64 bytes).
    Removing stm32f4xx_hal_flash_ex.o(i.FLASH_OB_DisableWRP), (112 bytes).
    Removing stm32f4xx_hal_flash_ex.o(i.FLASH_OB_EnableWRP), (116 bytes).
    Removing stm32f4xx_hal_flash_ex.o(i.HAL_FLASHEx_AdvOBGetConfig), (28 bytes).
    Removing stm32f4xx_hal_flash_ex.o(i.HAL_FLASHEx_AdvOBProgram), (188 bytes).
    Removing stm32f4xx_hal_flash_ex.o(i.HAL_FLASHEx_Erase), (156 bytes).
    Removing stm32f4xx_hal_flash_ex.o(i.HAL_FLASHEx_Erase_IT), (104 bytes).
    Removing stm32f4xx_hal_flash_ex.o(i.HAL_FLASHEx_OBGetConfig), (64 bytes).
    Removing stm32f4xx_hal_flash_ex.o(i.HAL_FLASHEx_OBProgram), (184 bytes).
    Removing stm32f4xx_hal_flash_ex.o(i.HAL_FLASHEx_OB_DeSelectPCROP), (20 bytes).
    Removing stm32f4xx_hal_flash_ex.o(i.HAL_FLASHEx_OB_GetBank2WRP), (12 bytes).
    Removing stm32f4xx_hal_flash_ex.o(i.HAL_FLASHEx_OB_SelectPCROP), (24 bytes).
    Removing stm32f4xx_hal_pwr_ex.o(.rev16_text), (4 bytes).
    Removing stm32f4xx_hal_pwr_ex.o(.revsh_text), (4 bytes).
    Removing stm32f4xx_hal_pwr_ex.o(.rrx_text), (6 bytes).
    Removing stm32f4xx_hal_pwr_ex.o(i.HAL_PWREx_ControlVoltageScaling), (176 bytes).
    Removing stm32f4xx_hal_pwr_ex.o(i.HAL_PWREx_DisableBkUpReg), (60 bytes).
    Removing stm32f4xx_hal_pwr_ex.o(i.HAL_PWREx_DisableFlashPowerDown), (12 bytes).
    Removing stm32f4xx_hal_pwr_ex.o(i.HAL_PWREx_DisableOverDrive), (112 bytes).
    Removing stm32f4xx_hal_pwr_ex.o(i.HAL_PWREx_EnableBkUpReg), (60 bytes).
    Removing stm32f4xx_hal_pwr_ex.o(i.HAL_PWREx_EnableFlashPowerDown), (12 bytes).
    Removing stm32f4xx_hal_pwr_ex.o(i.HAL_PWREx_EnterUnderDriveSTOPMode), (96 bytes).
    Removing stm32f4xx_hal_pwr_ex.o(i.HAL_PWREx_GetVoltageRange), (16 bytes).
    Removing stm32f4xx_hal_sdram.o(.rev16_text), (4 bytes).
    Removing stm32f4xx_hal_sdram.o(.revsh_text), (4 bytes).
    Removing stm32f4xx_hal_sdram.o(.rrx_text), (6 bytes).
    Removing stm32f4xx_hal_sdram.o(i.HAL_SDRAM_DMA_XferCpltCallback), (2 bytes).
    Removing stm32f4xx_hal_sdram.o(i.HAL_SDRAM_DMA_XferErrorCallback), (2 bytes).
    Removing stm32f4xx_hal_sdram.o(i.HAL_SDRAM_DeInit), (28 bytes).
    Removing stm32f4xx_hal_sdram.o(i.HAL_SDRAM_GetModeStatus), (6 bytes).
    Removing stm32f4xx_hal_sdram.o(i.HAL_SDRAM_GetState), (6 bytes).
    Removing stm32f4xx_hal_sdram.o(i.HAL_SDRAM_MspDeInit), (2 bytes).
    Removing stm32f4xx_hal_sdram.o(i.HAL_SDRAM_MspInit), (2 bytes).
    Removing stm32f4xx_hal_sdram.o(i.HAL_SDRAM_Read_16b), (66 bytes).
    Removing stm32f4xx_hal_sdram.o(i.HAL_SDRAM_Read_32b), (62 bytes).
    Removing stm32f4xx_hal_sdram.o(i.HAL_SDRAM_Read_8b), (66 bytes).
    Removing stm32f4xx_hal_sdram.o(i.HAL_SDRAM_Read_DMA), (72 bytes).
    Removing stm32f4xx_hal_sdram.o(i.HAL_SDRAM_SetAutoRefreshNumber), (34 bytes).
    Removing stm32f4xx_hal_sdram.o(i.HAL_SDRAM_WriteProtection_Disable), (36 bytes).
    Removing stm32f4xx_hal_sdram.o(i.HAL_SDRAM_WriteProtection_Enable), (36 bytes).
    Removing stm32f4xx_hal_sdram.o(i.HAL_SDRAM_Write_16b), (66 bytes).
    Removing stm32f4xx_hal_sdram.o(i.HAL_SDRAM_Write_32b), (62 bytes).
    Removing stm32f4xx_hal_sdram.o(i.HAL_SDRAM_Write_8b), (66 bytes).
    Removing stm32f4xx_hal_sdram.o(i.HAL_SDRAM_Write_DMA), (84 bytes).
    Removing stm32f4xx_ll_fmc.o(.rev16_text), (4 bytes).
    Removing stm32f4xx_ll_fmc.o(.revsh_text), (4 bytes).
    Removing stm32f4xx_ll_fmc.o(.rrx_text), (6 bytes).
    Removing stm32f4xx_ll_fmc.o(i.FMC_NAND_AttributeSpace_Timing_Init), (50 bytes).
    Removing stm32f4xx_ll_fmc.o(i.FMC_NAND_CommonSpace_Timing_Init), (50 bytes).
    Removing stm32f4xx_ll_fmc.o(i.FMC_NAND_DeInit), (52 bytes).
    Removing stm32f4xx_ll_fmc.o(i.FMC_NAND_ECC_Disable), (26 bytes).
    Removing stm32f4xx_ll_fmc.o(i.FMC_NAND_ECC_Enable), (26 bytes).
    Removing stm32f4xx_ll_fmc.o(i.FMC_NAND_GetECC), (80 bytes).
    Removing stm32f4xx_ll_fmc.o(i.FMC_NAND_Init), (80 bytes).
    Removing stm32f4xx_ll_fmc.o(i.FMC_NORSRAM_DeInit), (50 bytes).
    Removing stm32f4xx_ll_fmc.o(i.FMC_NORSRAM_Extended_Timing_Init), (64 bytes).
    Removing stm32f4xx_ll_fmc.o(i.FMC_NORSRAM_Init), (108 bytes).
    Removing stm32f4xx_ll_fmc.o(i.FMC_NORSRAM_Timing_Init), (92 bytes).
    Removing stm32f4xx_ll_fmc.o(i.FMC_NORSRAM_WriteOperation_Disable), (16 bytes).
    Removing stm32f4xx_ll_fmc.o(i.FMC_NORSRAM_WriteOperation_Enable), (16 bytes).
    Removing stm32f4xx_ll_fmc.o(i.FMC_PCCARD_AttributeSpace_Timing_Init), (28 bytes).
    Removing stm32f4xx_ll_fmc.o(i.FMC_PCCARD_CommonSpace_Timing_Init), (28 bytes).
    Removing stm32f4xx_ll_fmc.o(i.FMC_PCCARD_DeInit), (30 bytes).
    Removing stm32f4xx_ll_fmc.o(i.FMC_PCCARD_IOSpace_Timing_Init), (28 bytes).
    Removing stm32f4xx_ll_fmc.o(i.FMC_PCCARD_Init), (40 bytes).
    Removing stm32f4xx_ll_fmc.o(i.FMC_SDRAM_DeInit), (30 bytes).
    Removing stm32f4xx_ll_fmc.o(i.FMC_SDRAM_GetModeStatus), (18 bytes).
    Removing stm32f4xx_ll_fmc.o(i.FMC_SDRAM_SetAutoRefreshNumber), (12 bytes).
    Removing stm32f4xx_ll_fmc.o(i.FMC_SDRAM_WriteProtection_Disable), (16 bytes).
    Removing stm32f4xx_ll_fmc.o(i.FMC_SDRAM_WriteProtection_Enable), (16 bytes).
    Removing stm32f4xx_hal_flash.o(.rev16_text), (4 bytes).
    Removing stm32f4xx_hal_flash.o(.revsh_text), (4 bytes).
    Removing stm32f4xx_hal_flash.o(.rrx_text), (6 bytes).
    Removing stm32f4xx_hal_flash.o(i.FLASH_Program_Byte), (32 bytes).
    Removing stm32f4xx_hal_flash.o(i.FLASH_Program_DoubleWord), (40 bytes).
    Removing stm32f4xx_hal_flash.o(i.FLASH_Program_HalfWord), (36 bytes).
    Removing stm32f4xx_hal_flash.o(i.FLASH_Program_Word), (36 bytes).
    Removing stm32f4xx_hal_flash.o(i.FLASH_SetErrorCode), (124 bytes).
    Removing stm32f4xx_hal_flash.o(i.FLASH_WaitForLastOperation), (80 bytes).
    Removing stm32f4xx_hal_flash.o(i.HAL_FLASH_EndOfOperationCallback), (2 bytes).
    Removing stm32f4xx_hal_flash.o(i.HAL_FLASH_GetError), (12 bytes).
    Removing stm32f4xx_hal_flash.o(i.HAL_FLASH_IRQHandler), (204 bytes).
    Removing stm32f4xx_hal_flash.o(i.HAL_FLASH_Lock), (20 bytes).
    Removing stm32f4xx_hal_flash.o(i.HAL_FLASH_OB_Launch), (24 bytes).
    Removing stm32f4xx_hal_flash.o(i.HAL_FLASH_OB_Lock), (20 bytes).
    Removing stm32f4xx_hal_flash.o(i.HAL_FLASH_OB_Unlock), (40 bytes).
    Removing stm32f4xx_hal_flash.o(i.HAL_FLASH_OperationErrorCallback), (2 bytes).
    Removing stm32f4xx_hal_flash.o(i.HAL_FLASH_Program), (124 bytes).
    Removing stm32f4xx_hal_flash.o(i.HAL_FLASH_Program_IT), (108 bytes).
    Removing stm32f4xx_hal_flash.o(i.HAL_FLASH_Unlock), (44 bytes).
    Removing stm32f4xx_hal_flash.o(.bss), (32 bytes).
    Removing stm32f4xx_hal_tim.o(.rev16_text), (4 bytes).
    Removing stm32f4xx_hal_tim.o(.revsh_text), (4 bytes).
    Removing stm32f4xx_hal_tim.o(.rrx_text), (6 bytes).
    Removing stm32f4xx_hal_rcc_ex.o(.rev16_text), (4 bytes).
    Removing stm32f4xx_hal_rcc_ex.o(.revsh_text), (4 bytes).
    Removing stm32f4xx_hal_rcc_ex.o(.rrx_text), (6 bytes).
    Removing stm32f4xx_hal_rcc_ex.o(i.HAL_RCCEx_GetPeriphCLKConfig), (132 bytes).
    Removing stm32f4xx_hal_rcc_ex.o(i.HAL_RCCEx_GetPeriphCLKFreq), (92 bytes).
    Removing stm32f4xx_hal_rcc_ex.o(i.HAL_RCCEx_PeriphCLKConfig), (564 bytes).
    Removing stm32f4xx_hal_rcc_ex.o(i.HAL_RCC_DeInit), (296 bytes).
    Removing stm32f4xx_hal_rcc.o(.rev16_text), (4 bytes).
    Removing stm32f4xx_hal_rcc.o(.revsh_text), (4 bytes).
    Removing stm32f4xx_hal_rcc.o(.rrx_text), (6 bytes).
    Removing stm32f4xx_hal_rcc.o(i.HAL_RCC_CSSCallback), (2 bytes).
    Removing stm32f4xx_hal_rcc.o(i.HAL_RCC_DeInit), (4 bytes).
    Removing stm32f4xx_hal_rcc.o(i.HAL_RCC_DisableCSS), (12 bytes).
    Removing stm32f4xx_hal_rcc.o(i.HAL_RCC_EnableCSS), (12 bytes).
    Removing stm32f4xx_hal_rcc.o(i.HAL_RCC_GetClockConfig), (64 bytes).
    Removing stm32f4xx_hal_rcc.o(i.HAL_RCC_GetOscConfig), (180 bytes).
    Removing stm32f4xx_hal_rcc.o(i.HAL_RCC_NMI_IRQHandler), (28 bytes).
    Removing stm32f4xx_hal_dma.o(.rev16_text), (4 bytes).
    Removing stm32f4xx_hal_dma.o(.revsh_text), (4 bytes).
    Removing stm32f4xx_hal_dma.o(.rrx_text), (6 bytes).
    Removing stm32f4xx_hal_dma.o(i.HAL_DMA_GetError), (4 bytes).
    Removing stm32f4xx_hal_dma.o(i.HAL_DMA_GetState), (6 bytes).
    Removing stm32f4xx_hal_dma.o(i.HAL_DMA_PollForTransfer), (292 bytes).
    Removing stm32f4xx_hal_dma.o(i.HAL_DMA_RegisterCallback), (80 bytes).
    Removing stm32f4xx_hal_dma.o(i.HAL_DMA_Start), (70 bytes).
    Removing stm32f4xx_hal_dma.o(i.HAL_DMA_UnRegisterCallback), (96 bytes).
    Removing stm32f4xx_hal_cortex.o(.rev16_text), (4 bytes).
    Removing stm32f4xx_hal_cortex.o(.revsh_text), (4 bytes).
    Removing stm32f4xx_hal_cortex.o(.rrx_text), (6 bytes).
    Removing stm32f4xx_hal_cortex.o(i.HAL_MPU_ConfigRegion), (84 bytes).
    Removing stm32f4xx_hal_cortex.o(i.HAL_MPU_Disable), (28 bytes).
    Removing stm32f4xx_hal_cortex.o(i.HAL_MPU_Enable), (36 bytes).
    Removing stm32f4xx_hal_cortex.o(i.HAL_NVIC_ClearPendingIRQ), (22 bytes).
    Removing stm32f4xx_hal_cortex.o(i.HAL_NVIC_DisableIRQ), (22 bytes).
    Removing stm32f4xx_hal_cortex.o(i.HAL_NVIC_GetActive), (32 bytes).
    Removing stm32f4xx_hal_cortex.o(i.HAL_NVIC_GetPendingIRQ), (32 bytes).
    Removing stm32f4xx_hal_cortex.o(i.HAL_NVIC_GetPriority), (82 bytes).
    Removing stm32f4xx_hal_cortex.o(i.HAL_NVIC_GetPriorityGrouping), (16 bytes).
    Removing stm32f4xx_hal_cortex.o(i.HAL_NVIC_SetPendingIRQ), (22 bytes).
    Removing stm32f4xx_hal_cortex.o(i.HAL_NVIC_SystemReset), (36 bytes).
    Removing stm32f4xx_hal.o(.rev16_text), (4 bytes).
    Removing stm32f4xx_hal.o(.revsh_text), (4 bytes).
    Removing stm32f4xx_hal.o(.rrx_text), (6 bytes).
    Removing stm32f4xx_hal.o(i.HAL_DBGMCU_DisableDBGSleepMode), (16 bytes).
    Removing stm32f4xx_hal.o(i.HAL_DBGMCU_DisableDBGStandbyMode), (16 bytes).
    Removing stm32f4xx_hal.o(i.HAL_DBGMCU_DisableDBGStopMode), (16 bytes).
    Removing stm32f4xx_hal.o(i.HAL_DBGMCU_EnableDBGSleepMode), (16 bytes).
    Removing stm32f4xx_hal.o(i.HAL_DBGMCU_EnableDBGStandbyMode), (16 bytes).
    Removing stm32f4xx_hal.o(i.HAL_DBGMCU_EnableDBGStopMode), (16 bytes).
    Removing stm32f4xx_hal.o(i.HAL_DeInit), (52 bytes).
    Removing stm32f4xx_hal.o(i.HAL_DisableCompensationCell), (12 bytes).
    Removing stm32f4xx_hal.o(i.HAL_DisableMemorySwappingBank), (12 bytes).
    Removing stm32f4xx_hal.o(i.HAL_EnableCompensationCell), (12 bytes).
    Removing stm32f4xx_hal.o(i.HAL_EnableMemorySwappingBank), (12 bytes).
    Removing stm32f4xx_hal.o(i.HAL_GetDEVID), (16 bytes).
    Removing stm32f4xx_hal.o(i.HAL_GetHalVersion), (8 bytes).
    Removing stm32f4xx_hal.o(i.HAL_GetREVID), (12 bytes).
    Removing stm32f4xx_hal.o(i.HAL_GetUID), (28 bytes).
    Removing stm32f4xx_hal.o(i.HAL_MspDeInit), (2 bytes).
    Removing stm32f4xx_hal.o(i.HAL_MspInit), (2 bytes).
    Removing stm32f4xx_hal.o(i.HAL_ResumeTick), (14 bytes).
    Removing stm32f4xx_hal.o(i.HAL_SuspendTick), (14 bytes).
    Removing stm32f4xx_hal_gpio.o(.rev16_text), (4 bytes).
    Removing stm32f4xx_hal_gpio.o(.revsh_text), (4 bytes).
    Removing stm32f4xx_hal_gpio.o(.rrx_text), (6 bytes).
    Removing stm32f4xx_hal_gpio.o(i.HAL_GPIO_DeInit), (368 bytes).
    Removing stm32f4xx_hal_gpio.o(i.HAL_GPIO_EXTI_Callback), (2 bytes).
    Removing stm32f4xx_hal_gpio.o(i.HAL_GPIO_EXTI_IRQHandler), (24 bytes).
    Removing stm32f4xx_hal_gpio.o(i.HAL_GPIO_LockPin), (34 bytes).
    Removing stm32f4xx_hal_gpio.o(i.HAL_GPIO_TogglePin), (8 bytes).
    Removing stm32f4xx_hal_dcmi_ex.o(.rev16_text), (4 bytes).
    Removing stm32f4xx_hal_dcmi_ex.o(.revsh_text), (4 bytes).
    Removing stm32f4xx_hal_dcmi_ex.o(.rrx_text), (6 bytes).
    Removing stm32f4xx_hal_dcmi.o(.rev16_text), (4 bytes).
    Removing stm32f4xx_hal_dcmi.o(.revsh_text), (4 bytes).
    Removing stm32f4xx_hal_dcmi.o(.rrx_text), (6 bytes).
    Removing stm32f4xx_hal_dcmi.o(i.HAL_DCMI_ConfigCrop), (56 bytes).
    Removing stm32f4xx_hal_dcmi.o(i.HAL_DCMI_DeInit), (22 bytes).
    Removing stm32f4xx_hal_dcmi.o(i.HAL_DCMI_DisableCrop), (44 bytes).
    Removing stm32f4xx_hal_dcmi.o(i.HAL_DCMI_EnableCrop), (44 bytes).
    Removing stm32f4xx_hal_dcmi.o(i.HAL_DCMI_FrameEventCallback), (2 bytes).
    Removing stm32f4xx_hal_dcmi.o(i.HAL_DCMI_GetError), (4 bytes).
    Removing stm32f4xx_hal_dcmi.o(i.HAL_DCMI_GetState), (6 bytes).
    Removing stm32f4xx_hal_dcmi.o(i.HAL_DCMI_Init), (122 bytes).
    Removing stm32f4xx_hal_dcmi.o(i.HAL_DCMI_MspDeInit), (2 bytes).
    Removing stm32f4xx_hal_dcmi.o(i.HAL_DCMI_MspInit), (2 bytes).
    Removing stm32f4xx_hal_dcmi.o(i.HAL_DCMI_Resume), (54 bytes).
    Removing stm32f4xx_hal_dcmi.o(i.HAL_DCMI_Suspend), (108 bytes).
    Removing stm324x9i_sdram.o(.rev16_text), (4 bytes).
    Removing stm324x9i_sdram.o(.revsh_text), (4 bytes).
    Removing stm324x9i_sdram.o(.rrx_text), (6 bytes).
    Removing stm324x9i_sdram.o(i.BSP_SDRAM_DMA_IRQHandler), (12 bytes).
    Removing stm324x9i_sdram.o(i.BSP_SDRAM_ReadData), (28 bytes).
    Removing stm324x9i_sdram.o(i.BSP_SDRAM_ReadData_DMA), (28 bytes).
    Removing stm324x9i_sdram.o(i.BSP_SDRAM_Sendcmd), (28 bytes).
    Removing stm324x9i_sdram.o(i.BSP_SDRAM_WriteData), (28 bytes).
    Removing stm324x9i_sdram.o(i.BSP_SDRAM_WriteData_DMA), (28 bytes).
    Removing ov5640.o(.rev16_text), (4 bytes).
    Removing ov5640.o(.revsh_text), (4 bytes).
    Removing ov5640.o(.rrx_text), (6 bytes).
    Removing ov5640.o(i.OV5640_Auto_Focus), (116 bytes).
    Removing ov5640.o(i.OV5640_Exposure), (112 bytes).
    Removing ov5640.o(i.OV5640_Flash_Lamp), (44 bytes).
    Removing ov5640.o(i.OV5640_Focus_Init), (184 bytes).
    Removing ov5640.o(i.OV5640_Special_Effects), (88 bytes).
    Removing ov5640.o(.constdata), (28 bytes).
    Removing sccb.o(.rev16_text), (4 bytes).
    Removing sccb.o(.revsh_text), (4 bytes).
    Removing sccb.o(.rrx_text), (6 bytes).
    Removing sccb.o(i.SCCB_Delay), (4 bytes).
    Removing fmc.o(.rev16_text), (4 bytes).
    Removing fmc.o(.revsh_text), (4 bytes).
    Removing fmc.o(.rrx_text), (6 bytes).
    Removing fmc.o(i.HAL_SDRAM_MspDeInit), (112 bytes).
    Removing gpio.o(.rev16_text), (4 bytes).
    Removing gpio.o(.revsh_text), (4 bytes).
    Removing gpio.o(.rrx_text), (6 bytes).
    Removing usart.o(.rev16_text), (4 bytes).
    Removing usart.o(.revsh_text), (4 bytes).
    Removing usart.o(.rrx_text), (6 bytes).
    Removing usart.o(i.HAL_UART_MspDeInit), (44 bytes).
    Removing stm32f4xx_it.o(.rev16_text), (4 bytes).
    Removing stm32f4xx_it.o(.revsh_text), (4 bytes).
    Removing stm32f4xx_it.o(.rrx_text), (6 bytes).
    Removing dcmi.o(.rev16_text), (4 bytes).
    Removing dcmi.o(.revsh_text), (4 bytes).
    Removing dcmi.o(.rrx_text), (6 bytes).
    Removing dcmi.o(i.HAL_DCMI_MspDeInit), (112 bytes).
    Removing main.o(.rev16_text), (4 bytes).
    Removing main.o(.revsh_text), (4 bytes).
    Removing main.o(.rrx_text), (6 bytes).
    Removing stm32f4xx_hal_msp.o(.rev16_text), (4 bytes).
    Removing stm32f4xx_hal_msp.o(.revsh_text), (4 bytes).
    Removing stm32f4xx_hal_msp.o(.rrx_text), (6 bytes).
    Removing dma.o(.rev16_text), (4 bytes).
    Removing dma.o(.revsh_text), (4 bytes).
    Removing dma.o(.rrx_text), (6 bytes).
    Removing dadd.o(.text), (334 bytes).
    Removing dmul.o(.text), (228 bytes).
    Removing ddiv.o(.text), (222 bytes).
    Removing dfixul.o(.text), (48 bytes).
    Removing cdrcmple.o(.text), (48 bytes).
    Removing depilogue.o(.text), (186 bytes).

330 unused section(s) (total 14674 bytes) removed from the image.

==============================================================================

Image Symbol Table

    Local Symbols

    Symbol Name                              Value     Ov Type        Size  Object(Section)

    ../Drivers/STM32F4xx_HAL_Driver/Src/stm32f4xx_hal.c 0x00000000   Number         0  stm32f4xx_hal.o ABSOLUTE
    ../Drivers/STM32F4xx_HAL_Driver/Src/stm32f4xx_hal_cortex.c 0x00000000   Number         0  stm32f4xx_hal_cortex.o ABSOLUTE
    ../Drivers/STM32F4xx_HAL_Driver/Src/stm32f4xx_hal_dcmi.c 0x00000000   Number         0  stm32f4xx_hal_dcmi.o ABSOLUTE
    ../Drivers/STM32F4xx_HAL_Driver/Src/stm32f4xx_hal_dcmi_ex.c 0x00000000   Number         0  stm32f4xx_hal_dcmi_ex.o ABSOLUTE
    ../Drivers/STM32F4xx_HAL_Driver/Src/stm32f4xx_hal_dma.c 0x00000000   Number         0  stm32f4xx_hal_dma.o ABSOLUTE
    ../Drivers/STM32F4xx_HAL_Driver/Src/stm32f4xx_hal_dma_ex.c 0x00000000   Number         0  stm32f4xx_hal_dma_ex.o ABSOLUTE
    ../Drivers/STM32F4xx_HAL_Driver/Src/stm32f4xx_hal_flash.c 0x00000000   Number         0  stm32f4xx_hal_flash.o ABSOLUTE
    ../Drivers/STM32F4xx_HAL_Driver/Src/stm32f4xx_hal_flash_ex.c 0x00000000   Number         0  stm32f4xx_hal_flash_ex.o ABSOLUTE
    ../Drivers/STM32F4xx_HAL_Driver/Src/stm32f4xx_hal_flash_ramfunc.c 0x00000000   Number         0  stm32f4xx_hal_flash_ramfunc.o ABSOLUTE
    ../Drivers/STM32F4xx_HAL_Driver/Src/stm32f4xx_hal_gpio.c 0x00000000   Number         0  stm32f4xx_hal_gpio.o ABSOLUTE
    ../Drivers/STM32F4xx_HAL_Driver/Src/stm32f4xx_hal_pwr.c 0x00000000   Number         0  stm32f4xx_hal_pwr.o ABSOLUTE
    ../Drivers/STM32F4xx_HAL_Driver/Src/stm32f4xx_hal_pwr_ex.c 0x00000000   Number         0  stm32f4xx_hal_pwr_ex.o ABSOLUTE
    ../Drivers/STM32F4xx_HAL_Driver/Src/stm32f4xx_hal_rcc.c 0x00000000   Number         0  stm32f4xx_hal_rcc.o ABSOLUTE
    ../Drivers/STM32F4xx_HAL_Driver/Src/stm32f4xx_hal_rcc_ex.c 0x00000000   Number         0  stm32f4xx_hal_rcc_ex.o ABSOLUTE
    ../Drivers/STM32F4xx_HAL_Driver/Src/stm32f4xx_hal_sdram.c 0x00000000   Number         0  stm32f4xx_hal_sdram.o ABSOLUTE
    ../Drivers/STM32F4xx_HAL_Driver/Src/stm32f4xx_hal_tim.c 0x00000000   Number         0  stm32f4xx_hal_tim.o ABSOLUTE
    ../Drivers/STM32F4xx_HAL_Driver/Src/stm32f4xx_hal_tim_ex.c 0x00000000   Number         0  stm32f4xx_hal_tim_ex.o ABSOLUTE
    ../Drivers/STM32F4xx_HAL_Driver/Src/stm32f4xx_hal_uart.c 0x00000000   Number         0  stm32f4xx_hal_uart.o ABSOLUTE
    ../Drivers/STM32F4xx_HAL_Driver/Src/stm32f4xx_ll_fmc.c 0x00000000   Number         0  stm32f4xx_ll_fmc.o ABSOLUTE
    ../Src/dcmi.c                            0x00000000   Number         0  dcmi.o ABSOLUTE
    ../Src/dma.c                             0x00000000   Number         0  dma.o ABSOLUTE
    ../Src/fmc.c                             0x00000000   Number         0  fmc.o ABSOLUTE
    ../Src/gpio.c                            0x00000000   Number         0  gpio.o ABSOLUTE
    ../Src/main.c                            0x00000000   Number         0  main.o ABSOLUTE
    ../Src/stm32f4xx_hal_msp.c               0x00000000   Number         0  stm32f4xx_hal_msp.o ABSOLUTE
    ../Src/stm32f4xx_it.c                    0x00000000   Number         0  stm32f4xx_it.o ABSOLUTE
    ../Src/system_stm32f4xx.c                0x00000000   Number         0  system_stm32f4xx.o ABSOLUTE
    ../Src/usart.c                           0x00000000   Number         0  usart.o ABSOLUTE
    ../clib/microlib/division.c              0x00000000   Number         0  uldiv.o ABSOLUTE
    ../clib/microlib/division.c              0x00000000   Number         0  uidiv.o ABSOLUTE
    ../clib/microlib/init/entry.s            0x00000000   Number         0  entry8b.o ABSOLUTE
    ../clib/microlib/init/entry.s            0x00000000   Number         0  entry.o ABSOLUTE
    ../clib/microlib/init/entry.s            0x00000000   Number         0  entry9b.o ABSOLUTE
    ../clib/microlib/init/entry.s            0x00000000   Number         0  entry2.o ABSOLUTE
    ../clib/microlib/init/entry.s            0x00000000   Number         0  entry5.o ABSOLUTE
    ../clib/microlib/init/entry.s            0x00000000   Number         0  entry7a.o ABSOLUTE
    ../clib/microlib/init/entry.s            0x00000000   Number         0  entry7b.o ABSOLUTE
    ../clib/microlib/init/entry.s            0x00000000   Number         0  entry11b.o ABSOLUTE
    ../clib/microlib/init/entry.s            0x00000000   Number         0  entry8a.o ABSOLUTE
    ../clib/microlib/init/entry.s            0x00000000   Number         0  entry9a.o ABSOLUTE
    ../clib/microlib/init/entry.s            0x00000000   Number         0  entry11a.o ABSOLUTE
    ../clib/microlib/init/entry.s            0x00000000   Number         0  entry10b.o ABSOLUTE
    ../clib/microlib/init/entry.s            0x00000000   Number         0  entry10a.o ABSOLUTE
    ../clib/microlib/longlong.c              0x00000000   Number         0  llushr.o ABSOLUTE
    ../clib/microlib/longlong.c              0x00000000   Number         0  llshl.o ABSOLUTE
    ../clib/microlib/longlong.c              0x00000000   Number         0  llsshr.o ABSOLUTE
    ../clib/microlib/printf/printf.c         0x00000000   Number         0  printf2.o ABSOLUTE
    ../clib/microlib/printf/printf.c         0x00000000   Number         0  printf3.o ABSOLUTE
    ../clib/microlib/printf/printf.c         0x00000000   Number         0  printf4.o ABSOLUTE
    ../clib/microlib/printf/printf.c         0x00000000   Number         0  printf5.o ABSOLUTE
    ../clib/microlib/printf/printf.c         0x00000000   Number         0  printf6.o ABSOLUTE
    ../clib/microlib/printf/printf.c         0x00000000   Number         0  printf7.o ABSOLUTE
    ../clib/microlib/printf/printf.c         0x00000000   Number         0  printf8.o ABSOLUTE
    ../clib/microlib/printf/printf.c         0x00000000   Number         0  printfa.o ABSOLUTE
    ../clib/microlib/printf/printf.c         0x00000000   Number         0  printf0.o ABSOLUTE
    ../clib/microlib/printf/printf.c         0x00000000   Number         0  printfb.o ABSOLUTE
    ../clib/microlib/printf/printf.c         0x00000000   Number         0  printf1.o ABSOLUTE
    ../clib/microlib/printf/stubs.s          0x00000000   Number         0  stubs.o ABSOLUTE
    ../clib/microlib/stdio/streams.c         0x00000000   Number         0  stdout.o ABSOLUTE
    ../clib/microlib/stubs.s                 0x00000000   Number         0  iusefp.o ABSOLUTE
    ../fplib/microlib/fpadd.c                0x00000000   Number         0  dadd.o ABSOLUTE
    ../fplib/microlib/fpdiv.c                0x00000000   Number         0  ddiv.o ABSOLUTE
    ../fplib/microlib/fpepilogue.c           0x00000000   Number         0  depilogue.o ABSOLUTE
    ../fplib/microlib/fpfix.c                0x00000000   Number         0  dfixul.o ABSOLUTE
    ../fplib/microlib/fpmul.c                0x00000000   Number         0  dmul.o ABSOLUTE
    ..\BSP\ov5640.c                          0x00000000   Number         0  ov5640.o ABSOLUTE
    ..\BSP\sccb.c                            0x00000000   Number         0  sccb.o ABSOLUTE
    ..\BSP\stm324x9i_sdram.c                 0x00000000   Number         0  stm324x9i_sdram.o ABSOLUTE
    ..\Drivers\STM32F4xx_HAL_Driver\Src\stm32f4xx_hal.c 0x00000000   Number         0  stm32f4xx_hal.o ABSOLUTE
    ..\Drivers\STM32F4xx_HAL_Driver\Src\stm32f4xx_hal_cortex.c 0x00000000   Number         0  stm32f4xx_hal_cortex.o ABSOLUTE
    ..\Drivers\STM32F4xx_HAL_Driver\Src\stm32f4xx_hal_dcmi.c 0x00000000   Number         0  stm32f4xx_hal_dcmi.o ABSOLUTE
    ..\Drivers\STM32F4xx_HAL_Driver\Src\stm32f4xx_hal_dcmi_ex.c 0x00000000   Number         0  stm32f4xx_hal_dcmi_ex.o ABSOLUTE
    ..\Drivers\STM32F4xx_HAL_Driver\Src\stm32f4xx_hal_dma.c 0x00000000   Number         0  stm32f4xx_hal_dma.o ABSOLUTE
    ..\Drivers\STM32F4xx_HAL_Driver\Src\stm32f4xx_hal_dma_ex.c 0x00000000   Number         0  stm32f4xx_hal_dma_ex.o ABSOLUTE
    ..\Drivers\STM32F4xx_HAL_Driver\Src\stm32f4xx_hal_flash.c 0x00000000   Number         0  stm32f4xx_hal_flash.o ABSOLUTE
    ..\Drivers\STM32F4xx_HAL_Driver\Src\stm32f4xx_hal_flash_ex.c 0x00000000   Number         0  stm32f4xx_hal_flash_ex.o ABSOLUTE
    ..\Drivers\STM32F4xx_HAL_Driver\Src\stm32f4xx_hal_flash_ramfunc.c 0x00000000   Number         0  stm32f4xx_hal_flash_ramfunc.o ABSOLUTE
    ..\Drivers\STM32F4xx_HAL_Driver\Src\stm32f4xx_hal_gpio.c 0x00000000   Number         0  stm32f4xx_hal_gpio.o ABSOLUTE
    ..\Drivers\STM32F4xx_HAL_Driver\Src\stm32f4xx_hal_pwr.c 0x00000000   Number         0  stm32f4xx_hal_pwr.o ABSOLUTE
    ..\Drivers\STM32F4xx_HAL_Driver\Src\stm32f4xx_hal_pwr_ex.c 0x00000000   Number         0  stm32f4xx_hal_pwr_ex.o ABSOLUTE
    ..\Drivers\STM32F4xx_HAL_Driver\Src\stm32f4xx_hal_rcc.c 0x00000000   Number         0  stm32f4xx_hal_rcc.o ABSOLUTE
    ..\Drivers\STM32F4xx_HAL_Driver\Src\stm32f4xx_hal_rcc_ex.c 0x00000000   Number         0  stm32f4xx_hal_rcc_ex.o ABSOLUTE
    ..\Drivers\STM32F4xx_HAL_Driver\Src\stm32f4xx_hal_sdram.c 0x00000000   Number         0  stm32f4xx_hal_sdram.o ABSOLUTE
    ..\Drivers\STM32F4xx_HAL_Driver\Src\stm32f4xx_hal_tim.c 0x00000000   Number         0  stm32f4xx_hal_tim.o ABSOLUTE
    ..\Drivers\STM32F4xx_HAL_Driver\Src\stm32f4xx_hal_tim_ex.c 0x00000000   Number         0  stm32f4xx_hal_tim_ex.o ABSOLUTE
    ..\Drivers\STM32F4xx_HAL_Driver\Src\stm32f4xx_hal_uart.c 0x00000000   Number         0  stm32f4xx_hal_uart.o ABSOLUTE
    ..\Drivers\STM32F4xx_HAL_Driver\Src\stm32f4xx_ll_fmc.c 0x00000000   Number         0  stm32f4xx_ll_fmc.o ABSOLUTE
    ..\Src\dcmi.c                            0x00000000   Number         0  dcmi.o ABSOLUTE
    ..\Src\dma.c                             0x00000000   Number         0  dma.o ABSOLUTE
    ..\Src\fmc.c                             0x00000000   Number         0  fmc.o ABSOLUTE
    ..\Src\gpio.c                            0x00000000   Number         0  gpio.o ABSOLUTE
    ..\Src\main.c                            0x00000000   Number         0  main.o ABSOLUTE
    ..\Src\stm32f4xx_hal_msp.c               0x00000000   Number         0  stm32f4xx_hal_msp.o ABSOLUTE
    ..\Src\stm32f4xx_it.c                    0x00000000   Number         0  stm32f4xx_it.o ABSOLUTE
    ..\Src\system_stm32f4xx.c                0x00000000   Number         0  system_stm32f4xx.o ABSOLUTE
    ..\Src\usart.c                           0x00000000   Number         0  usart.o ABSOLUTE
    ..\\BSP\\ov5640.c                        0x00000000   Number         0  ov5640.o ABSOLUTE
    ..\\BSP\\sccb.c                          0x00000000   Number         0  sccb.o ABSOLUTE
    ..\\BSP\\stm324x9i_sdram.c               0x00000000   Number         0  stm324x9i_sdram.o ABSOLUTE
    cdrcmple.s                               0x00000000   Number         0  cdrcmple.o ABSOLUTE
    dc.s                                     0x00000000   Number         0  dc.o ABSOLUTE
    handlers.s                               0x00000000   Number         0  handlers.o ABSOLUTE
    init.s                                   0x00000000   Number         0  init.o ABSOLUTE
    startup_stm32f439xx.s                    0x00000000   Number         0  startup_stm32f439xx.o ABSOLUTE
    RESET                                    0x08000000   Section      428  startup_stm32f439xx.o(RESET)
    .ARM.Collect$$$$00000000                 0x080001ac   Section        0  entry.o(.ARM.Collect$$$$00000000)
    .ARM.Collect$$$$00000001                 0x080001ac   Section        4  entry2.o(.ARM.Collect$$$$00000001)
    .ARM.Collect$$$$00000004                 0x080001b0   Section        4  entry5.o(.ARM.Collect$$$$00000004)
    .ARM.Collect$$$$00000008                 0x080001b4   Section        0  entry7b.o(.ARM.Collect$$$$00000008)
    .ARM.Collect$$$$0000000A                 0x080001b4   Section        0  entry8b.o(.ARM.Collect$$$$0000000A)
    .ARM.Collect$$$$0000000B                 0x080001b4   Section        8  entry9a.o(.ARM.Collect$$$$0000000B)
    .ARM.Collect$$$$0000000D                 0x080001bc   Section        0  entry10a.o(.ARM.Collect$$$$0000000D)
    .ARM.Collect$$$$0000000F                 0x080001bc   Section        0  entry11a.o(.ARM.Collect$$$$0000000F)
    .ARM.Collect$$$$00002712                 0x080001bc   Section        4  entry2.o(.ARM.Collect$$$$00002712)
    __lit__00000000                          0x080001bc   Data           4  entry2.o(.ARM.Collect$$$$00002712)
    .text                                    0x080001c0   Section       36  startup_stm32f439xx.o(.text)
    $v0                                      0x080001c0   Number         0  startup_stm32f439xx.o(.text)
    .text                                    0x080001e4   Section        0  uldiv.o(.text)
    .text                                    0x08000246   Section        0  uidiv.o(.text)
    .text                                    0x08000272   Section        0  llshl.o(.text)
    .text                                    0x08000290   Section        0  llushr.o(.text)
    .text                                    0x080002b0   Section       36  init.o(.text)
    i.BSP_SDRAM_Init                         0x080002d4   Section        0  stm324x9i_sdram.o(i.BSP_SDRAM_Init)
    i.BSP_SDRAM_Initialization_sequence      0x080002e8   Section        0  stm324x9i_sdram.o(i.BSP_SDRAM_Initialization_sequence)
    i.DCMI_DMAError                          0x08000368   Section        0  stm32f4xx_hal_dcmi.o(i.DCMI_DMAError)
    DCMI_DMAError                            0x08000369   Thumb Code    24  stm32f4xx_hal_dcmi.o(i.DCMI_DMAError)
    i.DCMI_DMAXferCplt                       0x08000380   Section        0  stm32f4xx_hal_dcmi.o(i.DCMI_DMAXferCplt)
    DCMI_DMAXferCplt                         0x08000381   Thumb Code   130  stm32f4xx_hal_dcmi.o(i.DCMI_DMAXferCplt)
    i.DCMI_IRQHandler                        0x08000404   Section        0  stm32f4xx_it.o(i.DCMI_IRQHandler)
    i.DMA2_Stream1_IRQHandler                0x08000410   Section        0  stm32f4xx_it.o(i.DMA2_Stream1_IRQHandler)
    i.DMA_CalcBaseAndBitshift                0x0800041c   Section        0  stm32f4xx_hal_dma.o(i.DMA_CalcBaseAndBitshift)
    DMA_CalcBaseAndBitshift                  0x0800041d   Thumb Code    34  stm32f4xx_hal_dma.o(i.DMA_CalcBaseAndBitshift)
    i.DMA_CheckFifoParam                     0x08000444   Section        0  stm32f4xx_hal_dma.o(i.DMA_CheckFifoParam)
    DMA_CheckFifoParam                       0x08000445   Thumb Code    84  stm32f4xx_hal_dma.o(i.DMA_CheckFifoParam)
    i.DMA_MultiBufferSetConfig               0x08000498   Section        0  stm32f4xx_hal_dma_ex.o(i.DMA_MultiBufferSetConfig)
    DMA_MultiBufferSetConfig                 0x08000499   Thumb Code    30  stm32f4xx_hal_dma_ex.o(i.DMA_MultiBufferSetConfig)
    i.DMA_SetConfig                          0x080004b6   Section        0  stm32f4xx_hal_dma.o(i.DMA_SetConfig)
    DMA_SetConfig                            0x080004b7   Thumb Code    40  stm32f4xx_hal_dma.o(i.DMA_SetConfig)
    i.FMC_IRQHandler                         0x080004e0   Section        0  stm32f4xx_it.o(i.FMC_IRQHandler)
    i.FMC_SDRAM_Init                         0x080004ec   Section        0  stm32f4xx_ll_fmc.o(i.FMC_SDRAM_Init)
    i.FMC_SDRAM_ProgramRefreshRate           0x0800053c   Section        0  stm32f4xx_ll_fmc.o(i.FMC_SDRAM_ProgramRefreshRate)
    i.FMC_SDRAM_SendCommand                  0x08000548   Section        0  stm32f4xx_ll_fmc.o(i.FMC_SDRAM_SendCommand)
    i.FMC_SDRAM_Timing_Init                  0x08000590   Section        0  stm32f4xx_ll_fmc.o(i.FMC_SDRAM_Timing_Init)
    i.HAL_DCMI_ErrorCallback                 0x08000610   Section        0  stm32f4xx_hal_dcmi.o(i.HAL_DCMI_ErrorCallback)
    i.HAL_DCMI_FrameEventCallback            0x08000614   Section        0  ov5640.o(i.HAL_DCMI_FrameEventCallback)
    i.HAL_DCMI_IRQHandler                    0x0800062c   Section        0  stm32f4xx_hal_dcmi.o(i.HAL_DCMI_IRQHandler)
    i.HAL_DCMI_Init                          0x080006c4   Section        0  stm32f4xx_hal_dcmi_ex.o(i.HAL_DCMI_Init)
    i.HAL_DCMI_LineEventCallback             0x0800073a   Section        0  stm32f4xx_hal_dcmi.o(i.HAL_DCMI_LineEventCallback)
    i.HAL_DCMI_MspInit                       0x0800073c   Section        0  dcmi.o(i.HAL_DCMI_MspInit)
    i.HAL_DCMI_Start_DMA                     0x0800084c   Section        0  stm32f4xx_hal_dcmi.o(i.HAL_DCMI_Start_DMA)
    i.HAL_DCMI_Stop                          0x08000904   Section        0  stm32f4xx_hal_dcmi.o(i.HAL_DCMI_Stop)
    i.HAL_DCMI_VsyncEventCallback            0x08000974   Section        0  stm32f4xx_hal_dcmi.o(i.HAL_DCMI_VsyncEventCallback)
    i.HAL_DMAEx_ChangeMemory                 0x08000976   Section        0  stm32f4xx_hal_dma_ex.o(i.HAL_DMAEx_ChangeMemory)
    i.HAL_DMAEx_MultiBufferStart_IT          0x08000984   Section        0  stm32f4xx_hal_dma_ex.o(i.HAL_DMAEx_MultiBufferStart_IT)
    i.HAL_DMA_Abort                          0x08001304   Section        0  stm32f4xx_hal_dma.o(i.HAL_DMA_Abort)
    i.HAL_DMA_Abort_IT                       0x08001392   Section        0  stm32f4xx_hal_dma.o(i.HAL_DMA_Abort_IT)
    i.HAL_DMA_DeInit                         0x080013b6   Section        0  stm32f4xx_hal_dma.o(i.HAL_DMA_DeInit)
    i.HAL_DMA_IRQHandler                     0x0800140c   Section        0  stm32f4xx_hal_dma.o(i.HAL_DMA_IRQHandler)
    i.HAL_DMA_Init                           0x080015ac   Section        0  stm32f4xx_hal_dma.o(i.HAL_DMA_Init)
    i.HAL_DMA_Start_IT                       0x08001680   Section        0  stm32f4xx_hal_dma.o(i.HAL_DMA_Start_IT)
    i.HAL_Delay                              0x080016f8   Section        0  stm32f4xx_hal.o(i.HAL_Delay)
    i.HAL_FMC_MspInit                        0x08001714   Section        0  fmc.o(i.HAL_FMC_MspInit)
    HAL_FMC_MspInit                          0x08001715   Thumb Code   170  fmc.o(i.HAL_FMC_MspInit)
    i.HAL_GPIO_Init                          0x080017dc   Section        0  stm32f4xx_hal_gpio.o(i.HAL_GPIO_Init)
    i.HAL_GPIO_ReadPin                       0x080019a8   Section        0  stm32f4xx_hal_gpio.o(i.HAL_GPIO_ReadPin)
    i.HAL_GPIO_WritePin                      0x080019b2   Section        0  stm32f4xx_hal_gpio.o(i.HAL_GPIO_WritePin)
    i.HAL_GetTick                            0x080019bc   Section        0  stm32f4xx_hal.o(i.HAL_GetTick)
    i.HAL_IncTick                            0x080019c8   Section        0  stm32f4xx_hal.o(i.HAL_IncTick)
    i.HAL_Init                               0x080019d8   Section        0  stm32f4xx_hal.o(i.HAL_Init)
    i.HAL_InitTick                           0x08001a0c   Section        0  stm32f4xx_hal.o(i.HAL_InitTick)
    i.HAL_MspInit                            0x08001a34   Section        0  stm32f4xx_hal_msp.o(i.HAL_MspInit)
    i.HAL_NVIC_EnableIRQ                     0x08001a8c   Section        0  stm32f4xx_hal_cortex.o(i.HAL_NVIC_EnableIRQ)
    i.HAL_NVIC_SetPriority                   0x08001aa4   Section        0  stm32f4xx_hal_cortex.o(i.HAL_NVIC_SetPriority)
    i.HAL_NVIC_SetPriorityGrouping           0x08001ae4   Section        0  stm32f4xx_hal_cortex.o(i.HAL_NVIC_SetPriorityGrouping)
    i.HAL_PWREx_EnableOverDrive              0x08001b08   Section        0  stm32f4xx_hal_pwr_ex.o(i.HAL_PWREx_EnableOverDrive)
    i.HAL_RCC_ClockConfig                    0x08001b78   Section        0  stm32f4xx_hal_rcc.o(i.HAL_RCC_ClockConfig)
    i.HAL_RCC_GetHCLKFreq                    0x08001ca8   Section        0  stm32f4xx_hal_rcc.o(i.HAL_RCC_GetHCLKFreq)
    i.HAL_RCC_GetPCLK1Freq                   0x08001cb4   Section        0  stm32f4xx_hal_rcc.o(i.HAL_RCC_GetPCLK1Freq)
    i.HAL_RCC_GetPCLK2Freq                   0x08001cd4   Section        0  stm32f4xx_hal_rcc.o(i.HAL_RCC_GetPCLK2Freq)
    i.HAL_RCC_GetSysClockFreq                0x08001cf4   Section        0  stm32f4xx_hal_rcc.o(i.HAL_RCC_GetSysClockFreq)
    i.HAL_RCC_MCOConfig                      0x08001d54   Section        0  stm32f4xx_hal_rcc.o(i.HAL_RCC_MCOConfig)
    i.HAL_RCC_OscConfig                      0x08001de0   Section        0  stm32f4xx_hal_rcc.o(i.HAL_RCC_OscConfig)
    i.HAL_SDRAM_IRQHandler                   0x080020d0   Section        0  stm32f4xx_hal_sdram.o(i.HAL_SDRAM_IRQHandler)
    i.HAL_SDRAM_Init                         0x080020ee   Section        0  stm32f4xx_hal_sdram.o(i.HAL_SDRAM_Init)
    i.HAL_SDRAM_MspInit                      0x08002130   Section        0  fmc.o(i.HAL_SDRAM_MspInit)
    i.HAL_SDRAM_ProgramRefreshRate           0x08002134   Section        0  stm32f4xx_hal_sdram.o(i.HAL_SDRAM_ProgramRefreshRate)
    i.HAL_SDRAM_RefreshErrorCallback         0x08002156   Section        0  stm32f4xx_hal_sdram.o(i.HAL_SDRAM_RefreshErrorCallback)
    i.HAL_SDRAM_SendCommand                  0x08002158   Section        0  stm32f4xx_hal_sdram.o(i.HAL_SDRAM_SendCommand)
    i.HAL_SYSTICK_CLKSourceConfig            0x08002188   Section        0  stm32f4xx_hal_cortex.o(i.HAL_SYSTICK_CLKSourceConfig)
    i.HAL_SYSTICK_Callback                   0x080021a0   Section        0  stm32f4xx_hal_cortex.o(i.HAL_SYSTICK_Callback)
    i.HAL_SYSTICK_Config                     0x080021a2   Section        0  stm32f4xx_hal_cortex.o(i.HAL_SYSTICK_Config)
    i.HAL_SYSTICK_IRQHandler                 0x080021ca   Section        0  stm32f4xx_hal_cortex.o(i.HAL_SYSTICK_IRQHandler)
    i.HAL_UART_Init                          0x080021d2   Section        0  stm32f4xx_hal_uart.o(i.HAL_UART_Init)
    i.HAL_UART_MspInit                       0x08002234   Section        0  usart.o(i.HAL_UART_MspInit)
    i.HAL_UART_Transmit                      0x08002280   Section        0  stm32f4xx_hal_uart.o(i.HAL_UART_Transmit)
    i.MX_DCMI_Init                           0x0800233c   Section        0  dcmi.o(i.MX_DCMI_Init)
    i.MX_DMA_Init                            0x08002388   Section        0  dma.o(i.MX_DMA_Init)
    i.MX_FMC_Init                            0x08002408   Section        0  fmc.o(i.MX_FMC_Init)
    i.MX_GPIO_Init                           0x08002478   Section        0  gpio.o(i.MX_GPIO_Init)
    i.MX_USART1_UART_Init                    0x08002594   Section        0  usart.o(i.MX_USART1_UART_Init)
    i.NVIC_SetPriority                       0x080025e0   Section        0  stm32f4xx_hal_cortex.o(i.NVIC_SetPriority)
    NVIC_SetPriority                         0x080025e1   Thumb Code    32  stm32f4xx_hal_cortex.o(i.NVIC_SetPriority)
    i.OV5640_Brightness                      0x08002600   Section        0  ov5640.o(i.OV5640_Brightness)
    i.OV5640_Color_Saturation                0x08002650   Section        0  ov5640.o(i.OV5640_Color_Saturation)
    i.OV5640_Contrast                        0x080026cc   Section        0  ov5640.o(i.OV5640_Contrast)
    i.OV5640_Init                            0x08002734   Section        0  ov5640.o(i.OV5640_Init)
    i.OV5640_JPEG_Mode                       0x080027c4   Section        0  ov5640.o(i.OV5640_JPEG_Mode)
    i.OV5640_Light_Mode                      0x080027e8   Section        0  ov5640.o(i.OV5640_Light_Mode)
    i.OV5640_OutSize_Set                     0x0800282c   Section        0  ov5640.o(i.OV5640_OutSize_Set)
    i.OV5640_RD_Reg                          0x08002918   Section        0  ov5640.o(i.OV5640_RD_Reg)
    i.OV5640_Sharpness                       0x08002952   Section        0  ov5640.o(i.OV5640_Sharpness)
    i.OV5640_WR_Reg                          0x080029c4   Section        0  ov5640.o(i.OV5640_WR_Reg)
    i.SCCB_No_Ack                            0x08002a00   Section        0  sccb.o(i.SCCB_No_Ack)
    i.SCCB_RD_Byte                           0x08002a48   Section        0  sccb.o(i.SCCB_RD_Byte)
    i.SCCB_Start                             0x08002a98   Section        0  sccb.o(i.SCCB_Start)
    i.SCCB_Stop                              0x08002ad8   Section        0  sccb.o(i.SCCB_Stop)
    i.SCCB_WR_Byte                           0x08002b14   Section        0  sccb.o(i.SCCB_WR_Byte)
    i.SysTick_Handler                        0x08002b94   Section        0  stm32f4xx_it.o(i.SysTick_Handler)
    i.SystemClock_Config                     0x08002ba4   Section        0  main.o(i.SystemClock_Config)
    i.SystemInit                             0x08002c5c   Section        0  system_stm32f4xx.o(i.SystemInit)
    i.UART_SetConfig                         0x08002cb0   Section        0  stm32f4xx_hal_uart.o(i.UART_SetConfig)
    UART_SetConfig                           0x08002cb1   Thumb Code   676  stm32f4xx_hal_uart.o(i.UART_SetConfig)
    i.UART_WaitOnFlagUntilTimeout            0x08002f5c   Section        0  stm32f4xx_hal_uart.o(i.UART_WaitOnFlagUntilTimeout)
    UART_WaitOnFlagUntilTimeout              0x08002f5d   Thumb Code   100  stm32f4xx_hal_uart.o(i.UART_WaitOnFlagUntilTimeout)
    i._Error_Handler                         0x08002fc0   Section        0  main.o(i._Error_Handler)
    i.__0printf$1                            0x08002fc4   Section        0  printf1.o(i.__0printf$1)
    i.__scatterload_copy                     0x08002fe4   Section       14  handlers.o(i.__scatterload_copy)
    i.__scatterload_null                     0x08002ff2   Section        2  handlers.o(i.__scatterload_null)
    i.__scatterload_zeroinit                 0x08002ff4   Section       14  handlers.o(i.__scatterload_zeroinit)
    i._printf_core                           0x08003004   Section        0  printf1.o(i._printf_core)
    _printf_core                             0x08003005   Thumb Code   336  printf1.o(i._printf_core)
    i.delay_6us                              0x08003158   Section        0  sccb.o(i.delay_6us)
    i.fputc                                  0x08003164   Section        0  usart.o(i.fputc)
    i.jpeg_dcmi_frame_callback               0x0800317c   Section        0  ov5640.o(i.jpeg_dcmi_frame_callback)
    i.jpeg_test                              0x08003230   Section        0  ov5640.o(i.jpeg_test)
    i.main                                   0x080032f4   Section        0  main.o(i.main)
    .constdata                               0x08003430   Section       16  system_stm32f4xx.o(.constdata)
    .constdata                               0x08003440   Section        8  system_stm32f4xx.o(.constdata)
    .constdata                               0x08003448   Section        8  stm32f4xx_hal_dma.o(.constdata)
    flagBitshiftOffset                       0x08003448   Data           8  stm32f4xx_hal_dma.o(.constdata)
    .constdata                               0x08003450   Section     5254  ov5640.o(.constdata)
    OV5640_EXPOSURE_TBL                      0x0800484a   Data          42  ov5640.o(.constdata)
    OV5640_LIGHTMODE_TBL                     0x08004874   Data          35  ov5640.o(.constdata)
    OV5640_SATURATION_TBL                    0x08004897   Data          42  ov5640.o(.constdata)
    OV5640_EFFECTS_TBL                       0x080048c1   Data          21  ov5640.o(.constdata)
    .data                                    0x20000000   Section        4  system_stm32f4xx.o(.data)
    .data                                    0x20000004   Section        4  stm32f4xx_hal.o(.data)
    .data                                    0x20000008   Section        1  stm324x9i_sdram.o(.data)
    sdramstatus                              0x20000008   Data           1  stm324x9i_sdram.o(.data)
    .data                                    0x2000000c   Section        8  ov5640.o(.data)
    .data                                    0x20000014   Section        8  fmc.o(.data)
    FMC_Initialized                          0x20000014   Data           4  fmc.o(.data)
    FMC_DeInitialized                        0x20000018   Data           4  fmc.o(.data)
    .data                                    0x2000001c   Section        4  stdout.o(.data)
    .bss                                     0x20000020   Section       16  stm324x9i_sdram.o(.bss)
    Command                                  0x20000020   Data          16  stm324x9i_sdram.o(.bss)
    .bss                                     0x20000030   Section       52  fmc.o(.bss)
    .bss                                     0x20000064   Section       64  usart.o(.bss)
    .bss                                     0x200000a4   Section      160  dcmi.o(.bss)
    .bss                                     0x20000144   Section       96  dma.o(.bss)
    STACK                                    0x200001a8   Section     1024  startup_stm32f439xx.o(STACK)
    .ARM.__AT_0xD003FC00                     0xd003fc00   Section    409600  ov5640.o(.ARM.__AT_0xD003FC00)

    Global Symbols

    Symbol Name                              Value     Ov Type        Size  Object(Section)

    BuildAttributes$$THM_ISAv4$E$P$D$K$B$S$7EM$VFPi3$EXTD16$VFPS$VFMA$PE$A:L22UL41UL21$X:L11$S22US41US21$IEEE1$IW$USESV6$~STKCKD$USESV7$~SHL$OSPACE$ROPI$EBA8$MICROLIB$REQ8$PRES8$EABIv2 0x00000000   Number         0  anon$$obj.o ABSOLUTE
    __ARM_use_no_argv                        0x00000000   Number         0  main.o ABSOLUTE
    _printf_a                                0x00000000   Number         0  stubs.o ABSOLUTE
    _printf_c                                0x00000000   Number         0  stubs.o ABSOLUTE
    _printf_charcount                        0x00000000   Number         0  stubs.o ABSOLUTE
    _printf_d                                0x00000000   Number         0  stubs.o ABSOLUTE
    _printf_e                                0x00000000   Number         0  stubs.o ABSOLUTE
    _printf_f                                0x00000000   Number         0  stubs.o ABSOLUTE
    _printf_flags                            0x00000000   Number         0  stubs.o ABSOLUTE
    _printf_fp_dec                           0x00000000   Number         0  stubs.o ABSOLUTE
    _printf_fp_hex                           0x00000000   Number         0  stubs.o ABSOLUTE
    _printf_g                                0x00000000   Number         0  stubs.o ABSOLUTE
    _printf_i                                0x00000000   Number         0  stubs.o ABSOLUTE
    _printf_int_dec                          0x00000000   Number         0  stubs.o ABSOLUTE
    _printf_l                                0x00000000   Number         0  stubs.o ABSOLUTE
    _printf_lc                               0x00000000   Number         0  stubs.o ABSOLUTE
    _printf_ll                               0x00000000   Number         0  stubs.o ABSOLUTE
    _printf_lld                              0x00000000   Number         0  stubs.o ABSOLUTE
    _printf_lli                              0x00000000   Number         0  stubs.o ABSOLUTE
    _printf_llo                              0x00000000   Number         0  stubs.o ABSOLUTE
    _printf_llu                              0x00000000   Number         0  stubs.o ABSOLUTE
    _printf_llx                              0x00000000   Number         0  stubs.o ABSOLUTE
    _printf_longlong_dec                     0x00000000   Number         0  stubs.o ABSOLUTE
    _printf_longlong_hex                     0x00000000   Number         0  stubs.o ABSOLUTE
    _printf_longlong_oct                     0x00000000   Number         0  stubs.o ABSOLUTE
    _printf_ls                               0x00000000   Number         0  stubs.o ABSOLUTE
    _printf_mbtowc                           0x00000000   Number         0  stubs.o ABSOLUTE
    _printf_n                                0x00000000   Number         0  stubs.o ABSOLUTE
    _printf_o                                0x00000000   Number         0  stubs.o ABSOLUTE
    _printf_p                                0x00000000   Number         0  stubs.o ABSOLUTE
    _printf_percent                          0x00000000   Number         0  stubs.o ABSOLUTE
    _printf_pre_padding                      0x00000000   Number         0  stubs.o ABSOLUTE
    _printf_return_value                     0x00000000   Number         0  stubs.o ABSOLUTE
    _printf_s                                0x00000000   Number         0  stubs.o ABSOLUTE
    _printf_sizespec                         0x00000000   Number         0  stubs.o ABSOLUTE
    _printf_str                              0x00000000   Number         0  stubs.o ABSOLUTE
    _printf_truncate_signed                  0x00000000   Number         0  stubs.o ABSOLUTE
    _printf_truncate_unsigned                0x00000000   Number         0  stubs.o ABSOLUTE
    _printf_u                                0x00000000   Number         0  stubs.o ABSOLUTE
    _printf_wc                               0x00000000   Number         0  stubs.o ABSOLUTE
    _printf_wctomb                           0x00000000   Number         0  stubs.o ABSOLUTE
    _printf_widthprec                        0x00000000   Number         0  stubs.o ABSOLUTE
    _printf_x                                0x00000000   Number         0  stubs.o ABSOLUTE
    __cpp_initialize__aeabi_                  - Undefined Weak Reference
    __cxa_finalize                            - Undefined Weak Reference
    __decompress                              - Undefined Weak Reference
    _clock_init                               - Undefined Weak Reference
    _microlib_exit                            - Undefined Weak Reference
    __Vectors_Size                           0x000001ac   Number         0  startup_stm32f439xx.o ABSOLUTE
    __Vectors                                0x08000000   Data           4  startup_stm32f439xx.o(RESET)
    __Vectors_End                            0x080001ac   Data           0  startup_stm32f439xx.o(RESET)
    __main                                   0x080001ad   Thumb Code     0  entry.o(.ARM.Collect$$$$00000000)
    _main_stk                                0x080001ad   Thumb Code     0  entry2.o(.ARM.Collect$$$$00000001)
    _main_scatterload                        0x080001b1   Thumb Code     0  entry5.o(.ARM.Collect$$$$00000004)
    __main_after_scatterload                 0x080001b5   Thumb Code     0  entry5.o(.ARM.Collect$$$$00000004)
    _main_clock                              0x080001b5   Thumb Code     0  entry7b.o(.ARM.Collect$$$$00000008)
    _main_cpp_init                           0x080001b5   Thumb Code     0  entry8b.o(.ARM.Collect$$$$0000000A)
    _main_init                               0x080001b5   Thumb Code     0  entry9a.o(.ARM.Collect$$$$0000000B)
    __rt_final_cpp                           0x080001bd   Thumb Code     0  entry10a.o(.ARM.Collect$$$$0000000D)
    __rt_final_exit                          0x080001bd   Thumb Code     0  entry11a.o(.ARM.Collect$$$$0000000F)
    Reset_Handler                            0x080001c1   Thumb Code     8  startup_stm32f439xx.o(.text)
    NMI_Handler                              0x080001c9   Thumb Code     2  startup_stm32f439xx.o(.text)
    HardFault_Handler                        0x080001cb   Thumb Code     2  startup_stm32f439xx.o(.text)
    MemManage_Handler                        0x080001cd   Thumb Code     2  startup_stm32f439xx.o(.text)
    BusFault_Handler                         0x080001cf   Thumb Code     2  startup_stm32f439xx.o(.text)
    UsageFault_Handler                       0x080001d1   Thumb Code     2  startup_stm32f439xx.o(.text)
    SVC_Handler                              0x080001d3   Thumb Code     2  startup_stm32f439xx.o(.text)
    DebugMon_Handler                         0x080001d5   Thumb Code     2  startup_stm32f439xx.o(.text)
    PendSV_Handler                           0x080001d7   Thumb Code     2  startup_stm32f439xx.o(.text)
    ADC_IRQHandler                           0x080001db   Thumb Code     0  startup_stm32f439xx.o(.text)
    CAN1_RX0_IRQHandler                      0x080001db   Thumb Code     0  startup_stm32f439xx.o(.text)
    CAN1_RX1_IRQHandler                      0x080001db   Thumb Code     0  startup_stm32f439xx.o(.text)
    CAN1_SCE_IRQHandler                      0x080001db   Thumb Code     0  startup_stm32f439xx.o(.text)
    CAN1_TX_IRQHandler                       0x080001db   Thumb Code     0  startup_stm32f439xx.o(.text)
    CAN2_RX0_IRQHandler                      0x080001db   Thumb Code     0  startup_stm32f439xx.o(.text)
    CAN2_RX1_IRQHandler                      0x080001db   Thumb Code     0  startup_stm32f439xx.o(.text)
    CAN2_SCE_IRQHandler                      0x080001db   Thumb Code     0  startup_stm32f439xx.o(.text)
    CAN2_TX_IRQHandler                       0x080001db   Thumb Code     0  startup_stm32f439xx.o(.text)
    CRYP_IRQHandler                          0x080001db   Thumb Code     0  startup_stm32f439xx.o(.text)
    DMA1_Stream0_IRQHandler                  0x080001db   Thumb Code     0  startup_stm32f439xx.o(.text)
    DMA1_Stream1_IRQHandler                  0x080001db   Thumb Code     0  startup_stm32f439xx.o(.text)
    DMA1_Stream2_IRQHandler                  0x080001db   Thumb Code     0  startup_stm32f439xx.o(.text)
    DMA1_Stream3_IRQHandler                  0x080001db   Thumb Code     0  startup_stm32f439xx.o(.text)
    DMA1_Stream4_IRQHandler                  0x080001db   Thumb Code     0  startup_stm32f439xx.o(.text)
    DMA1_Stream5_IRQHandler                  0x080001db   Thumb Code     0  startup_stm32f439xx.o(.text)
    DMA1_Stream6_IRQHandler                  0x080001db   Thumb Code     0  startup_stm32f439xx.o(.text)
    DMA1_Stream7_IRQHandler                  0x080001db   Thumb Code     0  startup_stm32f439xx.o(.text)
    DMA2D_IRQHandler                         0x080001db   Thumb Code     0  startup_stm32f439xx.o(.text)
    DMA2_Stream0_IRQHandler                  0x080001db   Thumb Code     0  startup_stm32f439xx.o(.text)
    DMA2_Stream2_IRQHandler                  0x080001db   Thumb Code     0  startup_stm32f439xx.o(.text)
    DMA2_Stream3_IRQHandler                  0x080001db   Thumb Code     0  startup_stm32f439xx.o(.text)
    DMA2_Stream4_IRQHandler                  0x080001db   Thumb Code     0  startup_stm32f439xx.o(.text)
    DMA2_Stream5_IRQHandler                  0x080001db   Thumb Code     0  startup_stm32f439xx.o(.text)
    DMA2_Stream6_IRQHandler                  0x080001db   Thumb Code     0  startup_stm32f439xx.o(.text)
    DMA2_Stream7_IRQHandler                  0x080001db   Thumb Code     0  startup_stm32f439xx.o(.text)
    ETH_IRQHandler                           0x080001db   Thumb Code     0  startup_stm32f439xx.o(.text)
    ETH_WKUP_IRQHandler                      0x080001db   Thumb Code     0  startup_stm32f439xx.o(.text)
    EXTI0_IRQHandler                         0x080001db   Thumb Code     0  startup_stm32f439xx.o(.text)
    EXTI15_10_IRQHandler                     0x080001db   Thumb Code     0  startup_stm32f439xx.o(.text)
    EXTI1_IRQHandler                         0x080001db   Thumb Code     0  startup_stm32f439xx.o(.text)
    EXTI2_IRQHandler                         0x080001db   Thumb Code     0  startup_stm32f439xx.o(.text)
    EXTI3_IRQHandler                         0x080001db   Thumb Code     0  startup_stm32f439xx.o(.text)
    EXTI4_IRQHandler                         0x080001db   Thumb Code     0  startup_stm32f439xx.o(.text)
    EXTI9_5_IRQHandler                       0x080001db   Thumb Code     0  startup_stm32f439xx.o(.text)
    FLASH_IRQHandler                         0x080001db   Thumb Code     0  startup_stm32f439xx.o(.text)
    FPU_IRQHandler                           0x080001db   Thumb Code     0  startup_stm32f439xx.o(.text)
    HASH_RNG_IRQHandler                      0x080001db   Thumb Code     0  startup_stm32f439xx.o(.text)
    I2C1_ER_IRQHandler                       0x080001db   Thumb Code     0  startup_stm32f439xx.o(.text)
    I2C1_EV_IRQHandler                       0x080001db   Thumb Code     0  startup_stm32f439xx.o(.text)
    I2C2_ER_IRQHandler                       0x080001db   Thumb Code     0  startup_stm32f439xx.o(.text)
    I2C2_EV_IRQHandler                       0x080001db   Thumb Code     0  startup_stm32f439xx.o(.text)
    I2C3_ER_IRQHandler                       0x080001db   Thumb Code     0  startup_stm32f439xx.o(.text)
    I2C3_EV_IRQHandler                       0x080001db   Thumb Code     0  startup_stm32f439xx.o(.text)
    LTDC_ER_IRQHandler                       0x080001db   Thumb Code     0  startup_stm32f439xx.o(.text)
    LTDC_IRQHandler                          0x080001db   Thumb Code     0  startup_stm32f439xx.o(.text)
    OTG_FS_IRQHandler                        0x080001db   Thumb Code     0  startup_stm32f439xx.o(.text)
    OTG_FS_WKUP_IRQHandler                   0x080001db   Thumb Code     0  startup_stm32f439xx.o(.text)
    OTG_HS_EP1_IN_IRQHandler                 0x080001db   Thumb Code     0  startup_stm32f439xx.o(.text)
    OTG_HS_EP1_OUT_IRQHandler                0x080001db   Thumb Code     0  startup_stm32f439xx.o(.text)
    OTG_HS_IRQHandler                        0x080001db   Thumb Code     0  startup_stm32f439xx.o(.text)
    OTG_HS_WKUP_IRQHandler                   0x080001db   Thumb Code     0  startup_stm32f439xx.o(.text)
    PVD_IRQHandler                           0x080001db   Thumb Code     0  startup_stm32f439xx.o(.text)
    RCC_IRQHandler                           0x080001db   Thumb Code     0  startup_stm32f439xx.o(.text)
    RTC_Alarm_IRQHandler                     0x080001db   Thumb Code     0  startup_stm32f439xx.o(.text)
    RTC_WKUP_IRQHandler                      0x080001db   Thumb Code     0  startup_stm32f439xx.o(.text)
    SAI1_IRQHandler                          0x080001db   Thumb Code     0  startup_stm32f439xx.o(.text)
    SDIO_IRQHandler                          0x080001db   Thumb Code     0  startup_stm32f439xx.o(.text)
    SPI1_IRQHandler                          0x080001db   Thumb Code     0  startup_stm32f439xx.o(.text)
    SPI2_IRQHandler                          0x080001db   Thumb Code     0  startup_stm32f439xx.o(.text)
    SPI3_IRQHandler                          0x080001db   Thumb Code     0  startup_stm32f439xx.o(.text)
    SPI4_IRQHandler                          0x080001db   Thumb Code     0  startup_stm32f439xx.o(.text)
    SPI5_IRQHandler                          0x080001db   Thumb Code     0  startup_stm32f439xx.o(.text)
    SPI6_IRQHandler                          0x080001db   Thumb Code     0  startup_stm32f439xx.o(.text)
    TAMP_STAMP_IRQHandler                    0x080001db   Thumb Code     0  startup_stm32f439xx.o(.text)
    TIM1_BRK_TIM9_IRQHandler                 0x080001db   Thumb Code     0  startup_stm32f439xx.o(.text)
    TIM1_CC_IRQHandler                       0x080001db   Thumb Code     0  startup_stm32f439xx.o(.text)
    TIM1_TRG_COM_TIM11_IRQHandler            0x080001db   Thumb Code     0  startup_stm32f439xx.o(.text)
    TIM1_UP_TIM10_IRQHandler                 0x080001db   Thumb Code     0  startup_stm32f439xx.o(.text)
    TIM2_IRQHandler                          0x080001db   Thumb Code     0  startup_stm32f439xx.o(.text)
    TIM3_IRQHandler                          0x080001db   Thumb Code     0  startup_stm32f439xx.o(.text)
    TIM4_IRQHandler                          0x080001db   Thumb Code     0  startup_stm32f439xx.o(.text)
    TIM5_IRQHandler                          0x080001db   Thumb Code     0  startup_stm32f439xx.o(.text)
    TIM6_DAC_IRQHandler                      0x080001db   Thumb Code     0  startup_stm32f439xx.o(.text)
    TIM7_IRQHandler                          0x080001db   Thumb Code     0  startup_stm32f439xx.o(.text)
    TIM8_BRK_TIM12_IRQHandler                0x080001db   Thumb Code     0  startup_stm32f439xx.o(.text)
    TIM8_CC_IRQHandler                       0x080001db   Thumb Code     0  startup_stm32f439xx.o(.text)
    TIM8_TRG_COM_TIM14_IRQHandler            0x080001db   Thumb Code     0  startup_stm32f439xx.o(.text)
    TIM8_UP_TIM13_IRQHandler                 0x080001db   Thumb Code     0  startup_stm32f439xx.o(.text)
    UART4_IRQHandler                         0x080001db   Thumb Code     0  startup_stm32f439xx.o(.text)
    UART5_IRQHandler                         0x080001db   Thumb Code     0  startup_stm32f439xx.o(.text)
    UART7_IRQHandler                         0x080001db   Thumb Code     0  startup_stm32f439xx.o(.text)
    UART8_IRQHandler                         0x080001db   Thumb Code     0  startup_stm32f439xx.o(.text)
    USART1_IRQHandler                        0x080001db   Thumb Code     0  startup_stm32f439xx.o(.text)
    USART2_IRQHandler                        0x080001db   Thumb Code     0  startup_stm32f439xx.o(.text)
    USART3_IRQHandler                        0x080001db   Thumb Code     0  startup_stm32f439xx.o(.text)
    USART6_IRQHandler                        0x080001db   Thumb Code     0  startup_stm32f439xx.o(.text)
    WWDG_IRQHandler                          0x080001db   Thumb Code     0  startup_stm32f439xx.o(.text)
    __aeabi_uldivmod                         0x080001e5   Thumb Code    98  uldiv.o(.text)
    __aeabi_uidiv                            0x08000247   Thumb Code     0  uidiv.o(.text)
    __aeabi_uidivmod                         0x08000247   Thumb Code    44  uidiv.o(.text)
    __aeabi_llsl                             0x08000273   Thumb Code    30  llshl.o(.text)
    _ll_shift_l                              0x08000273   Thumb Code     0  llshl.o(.text)
    __aeabi_llsr                             0x08000291   Thumb Code    32  llushr.o(.text)
    _ll_ushift_r                             0x08000291   Thumb Code     0  llushr.o(.text)
    __scatterload                            0x080002b1   Thumb Code    28  init.o(.text)
    __scatterload_rt2                        0x080002b1   Thumb Code     0  init.o(.text)
    BSP_SDRAM_Init                           0x080002d5   Thumb Code    16  stm324x9i_sdram.o(i.BSP_SDRAM_Init)
    BSP_SDRAM_Initialization_sequence        0x080002e9   Thumb Code   120  stm324x9i_sdram.o(i.BSP_SDRAM_Initialization_sequence)
    DCMI_IRQHandler                          0x08000405   Thumb Code     6  stm32f4xx_it.o(i.DCMI_IRQHandler)
    DMA2_Stream1_IRQHandler                  0x08000411   Thumb Code     6  stm32f4xx_it.o(i.DMA2_Stream1_IRQHandler)
    FMC_IRQHandler                           0x080004e1   Thumb Code     6  stm32f4xx_it.o(i.FMC_IRQHandler)
    FMC_SDRAM_Init                           0x080004ed   Thumb Code    80  stm32f4xx_ll_fmc.o(i.FMC_SDRAM_Init)
    FMC_SDRAM_ProgramRefreshRate             0x0800053d   Thumb Code    12  stm32f4xx_ll_fmc.o(i.FMC_SDRAM_ProgramRefreshRate)
    FMC_SDRAM_SendCommand                    0x08000549   Thumb Code    72  stm32f4xx_ll_fmc.o(i.FMC_SDRAM_SendCommand)
    FMC_SDRAM_Timing_Init                    0x08000591   Thumb Code   124  stm32f4xx_ll_fmc.o(i.FMC_SDRAM_Timing_Init)
    HAL_DCMI_ErrorCallback                   0x08000611   Thumb Code     2  stm32f4xx_hal_dcmi.o(i.HAL_DCMI_ErrorCallback)
    HAL_DCMI_FrameEventCallback              0x08000615   Thumb Code    16  ov5640.o(i.HAL_DCMI_FrameEventCallback)
    HAL_DCMI_IRQHandler                      0x0800062d   Thumb Code   148  stm32f4xx_hal_dcmi.o(i.HAL_DCMI_IRQHandler)
    HAL_DCMI_Init                            0x080006c5   Thumb Code   118  stm32f4xx_hal_dcmi_ex.o(i.HAL_DCMI_Init)
    HAL_DCMI_LineEventCallback               0x0800073b   Thumb Code     2  stm32f4xx_hal_dcmi.o(i.HAL_DCMI_LineEventCallback)
    HAL_DCMI_MspInit                         0x0800073d   Thumb Code   218  dcmi.o(i.HAL_DCMI_MspInit)
    HAL_DCMI_Start_DMA                       0x0800084d   Thumb Code   174  stm32f4xx_hal_dcmi.o(i.HAL_DCMI_Start_DMA)
    HAL_DCMI_Stop                            0x08000905   Thumb Code   108  stm32f4xx_hal_dcmi.o(i.HAL_DCMI_Stop)
    HAL_DCMI_VsyncEventCallback              0x08000975   Thumb Code     2  stm32f4xx_hal_dcmi.o(i.HAL_DCMI_VsyncEventCallback)
    HAL_DMAEx_ChangeMemory                   0x08000977   Thumb Code    14  stm32f4xx_hal_dma_ex.o(i.HAL_DMAEx_ChangeMemory)
    HAL_DMAEx_MultiBufferStart_IT            0x08000985   Thumb Code  2422  stm32f4xx_hal_dma_ex.o(i.HAL_DMAEx_MultiBufferStart_IT)
    HAL_DMA_Abort                            0x08001305   Thumb Code   142  stm32f4xx_hal_dma.o(i.HAL_DMA_Abort)
    HAL_DMA_Abort_IT                         0x08001393   Thumb Code    36  stm32f4xx_hal_dma.o(i.HAL_DMA_Abort_IT)
    HAL_DMA_DeInit                           0x080013b7   Thumb Code    86  stm32f4xx_hal_dma.o(i.HAL_DMA_DeInit)
    HAL_DMA_IRQHandler                       0x0800140d   Thumb Code   412  stm32f4xx_hal_dma.o(i.HAL_DMA_IRQHandler)
    HAL_DMA_Init                             0x080015ad   Thumb Code   206  stm32f4xx_hal_dma.o(i.HAL_DMA_Init)
    HAL_DMA_Start_IT                         0x08001681   Thumb Code   120  stm32f4xx_hal_dma.o(i.HAL_DMA_Start_IT)
    HAL_Delay                                0x080016f9   Thumb Code    28  stm32f4xx_hal.o(i.HAL_Delay)
    HAL_GPIO_Init                            0x080017dd   Thumb Code   408  stm32f4xx_hal_gpio.o(i.HAL_GPIO_Init)
    HAL_GPIO_ReadPin                         0x080019a9   Thumb Code    10  stm32f4xx_hal_gpio.o(i.HAL_GPIO_ReadPin)
    HAL_GPIO_WritePin                        0x080019b3   Thumb Code    10  stm32f4xx_hal_gpio.o(i.HAL_GPIO_WritePin)
    HAL_GetTick                              0x080019bd   Thumb Code     6  stm32f4xx_hal.o(i.HAL_GetTick)
    HAL_IncTick                              0x080019c9   Thumb Code    10  stm32f4xx_hal.o(i.HAL_IncTick)
    HAL_Init                                 0x080019d9   Thumb Code    48  stm32f4xx_hal.o(i.HAL_Init)
    HAL_InitTick                             0x08001a0d   Thumb Code    34  stm32f4xx_hal.o(i.HAL_InitTick)
    HAL_MspInit                              0x08001a35   Thumb Code    88  stm32f4xx_hal_msp.o(i.HAL_MspInit)
    HAL_NVIC_EnableIRQ                       0x08001a8d   Thumb Code    22  stm32f4xx_hal_cortex.o(i.HAL_NVIC_EnableIRQ)
    HAL_NVIC_SetPriority                     0x08001aa5   Thumb Code    60  stm32f4xx_hal_cortex.o(i.HAL_NVIC_SetPriority)
    HAL_NVIC_SetPriorityGrouping             0x08001ae5   Thumb Code    26  stm32f4xx_hal_cortex.o(i.HAL_NVIC_SetPriorityGrouping)
    HAL_PWREx_EnableOverDrive                0x08001b09   Thumb Code    98  stm32f4xx_hal_pwr_ex.o(i.HAL_PWREx_EnableOverDrive)
    HAL_RCC_ClockConfig                      0x08001b79   Thumb Code   286  stm32f4xx_hal_rcc.o(i.HAL_RCC_ClockConfig)
    HAL_RCC_GetHCLKFreq                      0x08001ca9   Thumb Code     6  stm32f4xx_hal_rcc.o(i.HAL_RCC_GetHCLKFreq)
    HAL_RCC_GetPCLK1Freq                     0x08001cb5   Thumb Code    20  stm32f4xx_hal_rcc.o(i.HAL_RCC_GetPCLK1Freq)
    HAL_RCC_GetPCLK2Freq                     0x08001cd5   Thumb Code    20  stm32f4xx_hal_rcc.o(i.HAL_RCC_GetPCLK2Freq)
    HAL_RCC_GetSysClockFreq                  0x08001cf5   Thumb Code    88  stm32f4xx_hal_rcc.o(i.HAL_RCC_GetSysClockFreq)
    HAL_RCC_MCOConfig                        0x08001d55   Thumb Code   126  stm32f4xx_hal_rcc.o(i.HAL_RCC_MCOConfig)
    HAL_RCC_OscConfig                        0x08001de1   Thumb Code   730  stm32f4xx_hal_rcc.o(i.HAL_RCC_OscConfig)
    HAL_SDRAM_IRQHandler                     0x080020d1   Thumb Code    30  stm32f4xx_hal_sdram.o(i.HAL_SDRAM_IRQHandler)
    HAL_SDRAM_Init                           0x080020ef   Thumb Code    66  stm32f4xx_hal_sdram.o(i.HAL_SDRAM_Init)
    HAL_SDRAM_MspInit                        0x08002131   Thumb Code     4  fmc.o(i.HAL_SDRAM_MspInit)
    HAL_SDRAM_ProgramRefreshRate             0x08002135   Thumb Code    34  stm32f4xx_hal_sdram.o(i.HAL_SDRAM_ProgramRefreshRate)
    HAL_SDRAM_RefreshErrorCallback           0x08002157   Thumb Code     2  stm32f4xx_hal_sdram.o(i.HAL_SDRAM_RefreshErrorCallback)
    HAL_SDRAM_SendCommand                    0x08002159   Thumb Code    48  stm32f4xx_hal_sdram.o(i.HAL_SDRAM_SendCommand)
    HAL_SYSTICK_CLKSourceConfig              0x08002189   Thumb Code    24  stm32f4xx_hal_cortex.o(i.HAL_SYSTICK_CLKSourceConfig)
    HAL_SYSTICK_Callback                     0x080021a1   Thumb Code     2  stm32f4xx_hal_cortex.o(i.HAL_SYSTICK_Callback)
    HAL_SYSTICK_Config                       0x080021a3   Thumb Code    40  stm32f4xx_hal_cortex.o(i.HAL_SYSTICK_Config)
    HAL_SYSTICK_IRQHandler                   0x080021cb   Thumb Code     8  stm32f4xx_hal_cortex.o(i.HAL_SYSTICK_IRQHandler)
    HAL_UART_Init                            0x080021d3   Thumb Code    98  stm32f4xx_hal_uart.o(i.HAL_UART_Init)
    HAL_UART_MspInit                         0x08002235   Thumb Code    64  usart.o(i.HAL_UART_MspInit)
    HAL_UART_Transmit                        0x08002281   Thumb Code   186  stm32f4xx_hal_uart.o(i.HAL_UART_Transmit)
    MX_DCMI_Init                             0x0800233d   Thumb Code    50  dcmi.o(i.MX_DCMI_Init)
    MX_DMA_Init                              0x08002389   Thumb Code   100  dma.o(i.MX_DMA_Init)
    MX_FMC_Init                              0x08002409   Thumb Code    88  fmc.o(i.MX_FMC_Init)
    MX_GPIO_Init                             0x08002479   Thumb Code   268  gpio.o(i.MX_GPIO_Init)
    MX_USART1_UART_Init                      0x08002595   Thumb Code    52  usart.o(i.MX_USART1_UART_Init)
    OV5640_Brightness                        0x08002601   Thumb Code    80  ov5640.o(i.OV5640_Brightness)
    OV5640_Color_Saturation                  0x08002651   Thumb Code   120  ov5640.o(i.OV5640_Color_Saturation)
    OV5640_Contrast                          0x080026cd   Thumb Code   104  ov5640.o(i.OV5640_Contrast)
    OV5640_Init                              0x08002735   Thumb Code   122  ov5640.o(i.OV5640_Init)
    OV5640_JPEG_Mode                         0x080027c5   Thumb Code    32  ov5640.o(i.OV5640_JPEG_Mode)
    OV5640_Light_Mode                        0x080027e9   Thumb Code    64  ov5640.o(i.OV5640_Light_Mode)
    OV5640_OutSize_Set                       0x0800282d   Thumb Code   230  ov5640.o(i.OV5640_OutSize_Set)
    OV5640_RD_Reg                            0x08002919   Thumb Code    58  ov5640.o(i.OV5640_RD_Reg)
    OV5640_Sharpness                         0x08002953   Thumb Code   114  ov5640.o(i.OV5640_Sharpness)
    OV5640_WR_Reg                            0x080029c5   Thumb Code    60  ov5640.o(i.OV5640_WR_Reg)
    SCCB_No_Ack                              0x08002a01   Thumb Code    68  sccb.o(i.SCCB_No_Ack)
    SCCB_RD_Byte                             0x08002a49   Thumb Code    76  sccb.o(i.SCCB_RD_Byte)
    SCCB_Start                               0x08002a99   Thumb Code    60  sccb.o(i.SCCB_Start)
    SCCB_Stop                                0x08002ad9   Thumb Code    54  sccb.o(i.SCCB_Stop)
    SCCB_WR_Byte                             0x08002b15   Thumb Code   124  sccb.o(i.SCCB_WR_Byte)
    SysTick_Handler                          0x08002b95   Thumb Code    14  stm32f4xx_it.o(i.SysTick_Handler)
    SystemClock_Config                       0x08002ba5   Thumb Code   176  main.o(i.SystemClock_Config)
    SystemInit                               0x08002c5d   Thumb Code    66  system_stm32f4xx.o(i.SystemInit)
    _Error_Handler                           0x08002fc1   Thumb Code     2  main.o(i._Error_Handler)
    __0printf$1                              0x08002fc5   Thumb Code    22  printf1.o(i.__0printf$1)
    __1printf$1                              0x08002fc5   Thumb Code     0  printf1.o(i.__0printf$1)
    __2printf                                0x08002fc5   Thumb Code     0  printf1.o(i.__0printf$1)
    __scatterload_copy                       0x08002fe5   Thumb Code    14  handlers.o(i.__scatterload_copy)
    __scatterload_null                       0x08002ff3   Thumb Code     2  handlers.o(i.__scatterload_null)
    __scatterload_zeroinit                   0x08002ff5   Thumb Code    14  handlers.o(i.__scatterload_zeroinit)
    delay_6us                                0x08003159   Thumb Code    12  sccb.o(i.delay_6us)
    fputc                                    0x08003165   Thumb Code    20  usart.o(i.fputc)
    jpeg_dcmi_frame_callback                 0x0800317d   Thumb Code   124  ov5640.o(i.jpeg_dcmi_frame_callback)
    jpeg_test                                0x08003231   Thumb Code   154  ov5640.o(i.jpeg_test)
    main                                     0x080032f5   Thumb Code   154  main.o(i.main)
    AHBPrescTable                            0x08003430   Data          16  system_stm32f4xx.o(.constdata)
    APBPrescTable                            0x08003440   Data           8  system_stm32f4xx.o(.constdata)
    OV5640_jpeg_reg_tbl                      0x08003450   Data         180  ov5640.o(.constdata)
    ov5640_init_reg_tbl                      0x08003504   Data         828  ov5640.o(.constdata)
    OV5640_AF_Config                         0x08003840   Data        4077  ov5640.o(.constdata)
    jpeg_size_tbl                            0x0800482e   Data          28  ov5640.o(.constdata)
    Region$$Table$$Base                      0x080048d8   Number         0  anon$$obj.o(Region$$Table)
    Region$$Table$$Limit                     0x080048f8   Number         0  anon$$obj.o(Region$$Table)
    SystemCoreClock                          0x20000000   Data           4  system_stm32f4xx.o(.data)
    uwTick                                   0x20000004   Data           4  stm32f4xx_hal.o(.data)
    jpeg_mode                                0x2000000c   Data           1  ov5640.o(.data)
    jpeg_buf_size                            0x20000010   Data           4  ov5640.o(.data)
    __stdout                                 0x2000001c   Data           4  stdout.o(.data)
    hsdram1                                  0x20000030   Data          52  fmc.o(.bss)
    huart1                                   0x20000064   Data          64  usart.o(.bss)
    hdcmi                                    0x200000a4   Data          64  dcmi.o(.bss)
    hdma_dcmi                                0x200000e4   Data          96  dcmi.o(.bss)
    hdma_memtomem_dma2_stream0               0x20000144   Data          96  dma.o(.bss)
    __initial_sp                             0x200005a8   Data           0  startup_stm32f439xx.o(STACK)
    jpeg_data_buf                            0xd003fc00   Data       409600  ov5640.o(.ARM.__AT_0xD003FC00)



==============================================================================

Memory Map of the image

  Image Entry point : 0x080001ad

  Load Region LR_IROM1 (Base: 0x08000000, Size: 0x00004918, Max: 0x00100000, ABSOLUTE)

    Execution Region ER_IROM1 (Base: 0x08000000, Size: 0x000048f8, Max: 0x00100000, ABSOLUTE)

    Base Addr    Size         Type   Attr      Idx    E Section Name        Object

    0x08000000   0x000001ac   Data   RO          139    RESET               startup_stm32f439xx.o
    0x080001ac   0x00000000   Code   RO         2693  * .ARM.Collect$$$$00000000  mc_w.l(entry.o)
    0x080001ac   0x00000004   Code   RO         2959    .ARM.Collect$$$$00000001  mc_w.l(entry2.o)
    0x080001b0   0x00000004   Code   RO         2962    .ARM.Collect$$$$00000004  mc_w.l(entry5.o)
    0x080001b4   0x00000000   Code   RO         2964    .ARM.Collect$$$$00000008  mc_w.l(entry7b.o)
    0x080001b4   0x00000000   Code   RO         2966    .ARM.Collect$$$$0000000A  mc_w.l(entry8b.o)
    0x080001b4   0x00000008   Code   RO         2967    .ARM.Collect$$$$0000000B  mc_w.l(entry9a.o)
    0x080001bc   0x00000000   Code   RO         2969    .ARM.Collect$$$$0000000D  mc_w.l(entry10a.o)
    0x080001bc   0x00000000   Code   RO         2971    .ARM.Collect$$$$0000000F  mc_w.l(entry11a.o)
    0x080001bc   0x00000004   Code   RO         2960    .ARM.Collect$$$$00002712  mc_w.l(entry2.o)
    0x080001c0   0x00000024   Code   RO          140    .text               startup_stm32f439xx.o
    0x080001e4   0x00000062   Code   RO         2696    .text               mc_w.l(uldiv.o)
    0x08000246   0x0000002c   Code   RO         2974    .text               mc_w.l(uidiv.o)
    0x08000272   0x0000001e   Code   RO         2976    .text               mc_w.l(llshl.o)
    0x08000290   0x00000020   Code   RO         2978    .text               mc_w.l(llushr.o)
    0x080002b0   0x00000024   Code   RO         2991    .text               mc_w.l(init.o)
    0x080002d4   0x00000014   Code   RO         2095    i.BSP_SDRAM_Init    stm324x9i_sdram.o
    0x080002e8   0x00000080   Code   RO         2096    i.BSP_SDRAM_Initialization_sequence  stm324x9i_sdram.o
    0x08000368   0x00000018   Code   RO         1958    i.DCMI_DMAError     stm32f4xx_hal_dcmi.o
    0x08000380   0x00000082   Code   RO         1959    i.DCMI_DMAXferCplt  stm32f4xx_hal_dcmi.o
    0x08000402   0x00000002   PAD
    0x08000404   0x0000000c   Code   RO         2499    i.DCMI_IRQHandler   stm32f4xx_it.o
    0x08000410   0x0000000c   Code   RO         2500    i.DMA2_Stream1_IRQHandler  stm32f4xx_it.o
    0x0800041c   0x00000028   Code   RO         1462    i.DMA_CalcBaseAndBitshift  stm32f4xx_hal_dma.o
    0x08000444   0x00000054   Code   RO         1463    i.DMA_CheckFifoParam  stm32f4xx_hal_dma.o
    0x08000498   0x0000001e   Code   RO          633    i.DMA_MultiBufferSetConfig  stm32f4xx_hal_dma_ex.o
    0x080004b6   0x00000028   Code   RO         1464    i.DMA_SetConfig     stm32f4xx_hal_dma.o
    0x080004de   0x00000002   PAD
    0x080004e0   0x0000000c   Code   RO         2501    i.FMC_IRQHandler    stm32f4xx_it.o
    0x080004ec   0x00000050   Code   RO         1022    i.FMC_SDRAM_Init    stm32f4xx_ll_fmc.o
    0x0800053c   0x0000000c   Code   RO         1023    i.FMC_SDRAM_ProgramRefreshRate  stm32f4xx_ll_fmc.o
    0x08000548   0x00000048   Code   RO         1024    i.FMC_SDRAM_SendCommand  stm32f4xx_ll_fmc.o
    0x08000590   0x00000080   Code   RO         1026    i.FMC_SDRAM_Timing_Init  stm32f4xx_ll_fmc.o
    0x08000610   0x00000002   Code   RO         1964    i.HAL_DCMI_ErrorCallback  stm32f4xx_hal_dcmi.o
    0x08000612   0x00000002   PAD
    0x08000614   0x00000018   Code   RO         2170    i.HAL_DCMI_FrameEventCallback  ov5640.o
    0x0800062c   0x00000098   Code   RO         1968    i.HAL_DCMI_IRQHandler  stm32f4xx_hal_dcmi.o
    0x080006c4   0x00000076   Code   RO         1934    i.HAL_DCMI_Init     stm32f4xx_hal_dcmi_ex.o
    0x0800073a   0x00000002   Code   RO         1970    i.HAL_DCMI_LineEventCallback  stm32f4xx_hal_dcmi.o
    0x0800073c   0x00000110   Code   RO         2546    i.HAL_DCMI_MspInit  dcmi.o
    0x0800084c   0x000000b8   Code   RO         1974    i.HAL_DCMI_Start_DMA  stm32f4xx_hal_dcmi.o
    0x08000904   0x00000070   Code   RO         1975    i.HAL_DCMI_Stop     stm32f4xx_hal_dcmi.o
    0x08000974   0x00000002   Code   RO         1977    i.HAL_DCMI_VsyncEventCallback  stm32f4xx_hal_dcmi.o
    0x08000976   0x0000000e   Code   RO          634    i.HAL_DMAEx_ChangeMemory  stm32f4xx_hal_dma_ex.o
    0x08000984   0x00000980   Code   RO          636    i.HAL_DMAEx_MultiBufferStart_IT  stm32f4xx_hal_dma_ex.o
    0x08001304   0x0000008e   Code   RO         1465    i.HAL_DMA_Abort     stm32f4xx_hal_dma.o
    0x08001392   0x00000024   Code   RO         1466    i.HAL_DMA_Abort_IT  stm32f4xx_hal_dma.o
    0x080013b6   0x00000056   Code   RO         1467    i.HAL_DMA_DeInit    stm32f4xx_hal_dma.o
    0x0800140c   0x000001a0   Code   RO         1470    i.HAL_DMA_IRQHandler  stm32f4xx_hal_dma.o
    0x080015ac   0x000000d4   Code   RO         1471    i.HAL_DMA_Init      stm32f4xx_hal_dma.o
    0x08001680   0x00000078   Code   RO         1475    i.HAL_DMA_Start_IT  stm32f4xx_hal_dma.o
    0x080016f8   0x0000001c   Code   RO         1710    i.HAL_Delay         stm32f4xx_hal.o
    0x08001714   0x000000c8   Code   RO         2376    i.HAL_FMC_MspInit   fmc.o
    0x080017dc   0x000001cc   Code   RO         1871    i.HAL_GPIO_Init     stm32f4xx_hal_gpio.o
    0x080019a8   0x0000000a   Code   RO         1873    i.HAL_GPIO_ReadPin  stm32f4xx_hal_gpio.o
    0x080019b2   0x0000000a   Code   RO         1875    i.HAL_GPIO_WritePin  stm32f4xx_hal_gpio.o
    0x080019bc   0x0000000c   Code   RO         1718    i.HAL_GetTick       stm32f4xx_hal.o
    0x080019c8   0x00000010   Code   RO         1720    i.HAL_IncTick       stm32f4xx_hal.o
    0x080019d8   0x00000034   Code   RO         1721    i.HAL_Init          stm32f4xx_hal.o
    0x08001a0c   0x00000028   Code   RO         1722    i.HAL_InitTick      stm32f4xx_hal.o
    0x08001a34   0x00000058   Code   RO         2642    i.HAL_MspInit       stm32f4xx_hal_msp.o
    0x08001a8c   0x00000016   Code   RO         1573    i.HAL_NVIC_EnableIRQ  stm32f4xx_hal_cortex.o
    0x08001aa2   0x00000002   PAD
    0x08001aa4   0x00000040   Code   RO         1579    i.HAL_NVIC_SetPriority  stm32f4xx_hal_cortex.o
    0x08001ae4   0x00000024   Code   RO         1580    i.HAL_NVIC_SetPriorityGrouping  stm32f4xx_hal_cortex.o
    0x08001b08   0x00000070   Code   RO          780    i.HAL_PWREx_EnableOverDrive  stm32f4xx_hal_pwr_ex.o
    0x08001b78   0x00000130   Code   RO         1361    i.HAL_RCC_ClockConfig  stm32f4xx_hal_rcc.o
    0x08001ca8   0x0000000c   Code   RO         1366    i.HAL_RCC_GetHCLKFreq  stm32f4xx_hal_rcc.o
    0x08001cb4   0x00000020   Code   RO         1368    i.HAL_RCC_GetPCLK1Freq  stm32f4xx_hal_rcc.o
    0x08001cd4   0x00000020   Code   RO         1369    i.HAL_RCC_GetPCLK2Freq  stm32f4xx_hal_rcc.o
    0x08001cf4   0x00000060   Code   RO         1370    i.HAL_RCC_GetSysClockFreq  stm32f4xx_hal_rcc.o
    0x08001d54   0x0000008c   Code   RO         1371    i.HAL_RCC_MCOConfig  stm32f4xx_hal_rcc.o
    0x08001de0   0x000002f0   Code   RO         1373    i.HAL_RCC_OscConfig  stm32f4xx_hal_rcc.o
    0x080020d0   0x0000001e   Code   RO          851    i.HAL_SDRAM_IRQHandler  stm32f4xx_hal_sdram.o
    0x080020ee   0x00000042   Code   RO          852    i.HAL_SDRAM_Init    stm32f4xx_hal_sdram.o
    0x08002130   0x00000004   Code   RO         2378    i.HAL_SDRAM_MspInit  fmc.o
    0x08002134   0x00000022   Code   RO          855    i.HAL_SDRAM_ProgramRefreshRate  stm32f4xx_hal_sdram.o
    0x08002156   0x00000002   Code   RO          860    i.HAL_SDRAM_RefreshErrorCallback  stm32f4xx_hal_sdram.o
    0x08002158   0x00000030   Code   RO          861    i.HAL_SDRAM_SendCommand  stm32f4xx_hal_sdram.o
    0x08002188   0x00000018   Code   RO         1582    i.HAL_SYSTICK_CLKSourceConfig  stm32f4xx_hal_cortex.o
    0x080021a0   0x00000002   Code   RO         1583    i.HAL_SYSTICK_Callback  stm32f4xx_hal_cortex.o
    0x080021a2   0x00000028   Code   RO         1584    i.HAL_SYSTICK_Config  stm32f4xx_hal_cortex.o
    0x080021ca   0x00000008   Code   RO         1585    i.HAL_SYSTICK_IRQHandler  stm32f4xx_hal_cortex.o
    0x080021d2   0x00000062   Code   RO          194    i.HAL_UART_Init     stm32f4xx_hal_uart.o
    0x08002234   0x0000004c   Code   RO         2452    i.HAL_UART_MspInit  usart.o
    0x08002280   0x000000ba   Code   RO          202    i.HAL_UART_Transmit  stm32f4xx_hal_uart.o
    0x0800233a   0x00000002   PAD
    0x0800233c   0x0000004c   Code   RO         2547    i.MX_DCMI_Init      dcmi.o
    0x08002388   0x00000080   Code   RO         2666    i.MX_DMA_Init       dma.o
    0x08002408   0x00000070   Code   RO         2379    i.MX_FMC_Init       fmc.o
    0x08002478   0x0000011c   Code   RO         2427    i.MX_GPIO_Init      gpio.o
    0x08002594   0x0000004c   Code   RO         2453    i.MX_USART1_UART_Init  usart.o
    0x080025e0   0x00000020   Code   RO         1586    i.NVIC_SetPriority  stm32f4xx_hal_cortex.o
    0x08002600   0x00000050   Code   RO         2172    i.OV5640_Brightness  ov5640.o
    0x08002650   0x0000007c   Code   RO         2173    i.OV5640_Color_Saturation  ov5640.o
    0x080026cc   0x00000068   Code   RO         2174    i.OV5640_Contrast   ov5640.o
    0x08002734   0x00000090   Code   RO         2178    i.OV5640_Init       ov5640.o
    0x080027c4   0x00000024   Code   RO         2179    i.OV5640_JPEG_Mode  ov5640.o
    0x080027e8   0x00000044   Code   RO         2180    i.OV5640_Light_Mode  ov5640.o
    0x0800282c   0x000000ec   Code   RO         2181    i.OV5640_OutSize_Set  ov5640.o
    0x08002918   0x0000003a   Code   RO         2182    i.OV5640_RD_Reg     ov5640.o
    0x08002952   0x00000072   Code   RO         2183    i.OV5640_Sharpness  ov5640.o
    0x080029c4   0x0000003c   Code   RO         2185    i.OV5640_WR_Reg     ov5640.o
    0x08002a00   0x00000048   Code   RO         2318    i.SCCB_No_Ack       sccb.o
    0x08002a48   0x00000050   Code   RO         2319    i.SCCB_RD_Byte      sccb.o
    0x08002a98   0x00000040   Code   RO         2320    i.SCCB_Start        sccb.o
    0x08002ad8   0x0000003c   Code   RO         2321    i.SCCB_Stop         sccb.o
    0x08002b14   0x00000080   Code   RO         2322    i.SCCB_WR_Byte      sccb.o
    0x08002b94   0x0000000e   Code   RO         2502    i.SysTick_Handler   stm32f4xx_it.o
    0x08002ba2   0x00000002   PAD
    0x08002ba4   0x000000b8   Code   RO         2591    i.SystemClock_Config  main.o
    0x08002c5c   0x00000054   Code   RO            5    i.SystemInit        system_stm32f4xx.o
    0x08002cb0   0x000002ac   Code   RO          220    i.UART_SetConfig    stm32f4xx_hal_uart.o
    0x08002f5c   0x00000064   Code   RO          222    i.UART_WaitOnFlagUntilTimeout  stm32f4xx_hal_uart.o
    0x08002fc0   0x00000002   Code   RO         2592    i._Error_Handler    main.o
    0x08002fc2   0x00000002   PAD
    0x08002fc4   0x00000020   Code   RO         2743    i.__0printf$1       mc_w.l(printf1.o)
    0x08002fe4   0x0000000e   Code   RO         2999    i.__scatterload_copy  mc_w.l(handlers.o)
    0x08002ff2   0x00000002   Code   RO         3000    i.__scatterload_null  mc_w.l(handlers.o)
    0x08002ff4   0x0000000e   Code   RO         3001    i.__scatterload_zeroinit  mc_w.l(handlers.o)
    0x08003002   0x00000002   PAD
    0x08003004   0x00000154   Code   RO         2750    i._printf_core      mc_w.l(printf1.o)
    0x08003158   0x0000000c   Code   RO         2323    i.delay_6us         sccb.o
    0x08003164   0x00000018   Code   RO         2454    i.fputc             usart.o
    0x0800317c   0x000000b4   Code   RO         2186    i.jpeg_dcmi_frame_callback  ov5640.o
    0x08003230   0x000000c4   Code   RO         2187    i.jpeg_test         ov5640.o
    0x080032f4   0x0000013c   Code   RO         2593    i.main              main.o
    0x08003430   0x00000010   Data   RO            6    .constdata          system_stm32f4xx.o
    0x08003440   0x00000008   Data   RO            7    .constdata          system_stm32f4xx.o
    0x08003448   0x00000008   Data   RO         1477    .constdata          stm32f4xx_hal_dma.o
    0x08003450   0x00001486   Data   RO         2189    .constdata          ov5640.o
    0x080048d6   0x00000002   PAD
    0x080048d8   0x00000020   Data   RO         2997    Region$$Table       anon$$obj.o


    Execution Region RW_IRAM1 (Base: 0x20000000, Size: 0x000005a8, Max: 0x00030000, ABSOLUTE)

    Base Addr    Size         Type   Attr      Idx    E Section Name        Object

    0x20000000   0x00000004   Data   RW            8    .data               system_stm32f4xx.o
    0x20000004   0x00000004   Data   RW         1727    .data               stm32f4xx_hal.o
    0x20000008   0x00000001   Data   RW         2103    .data               stm324x9i_sdram.o
    0x20000009   0x00000003   PAD
    0x2000000c   0x00000008   Data   RW         2191    .data               ov5640.o
    0x20000014   0x00000008   Data   RW         2381    .data               fmc.o
    0x2000001c   0x00000004   Data   RW         2973    .data               mc_w.l(stdout.o)
    0x20000020   0x00000010   Zero   RW         2102    .bss                stm324x9i_sdram.o
    0x20000030   0x00000034   Zero   RW         2380    .bss                fmc.o
    0x20000064   0x00000040   Zero   RW         2455    .bss                usart.o
    0x200000a4   0x000000a0   Zero   RW         2548    .bss                dcmi.o
    0x20000144   0x00000060   Zero   RW         2667    .bss                dma.o
    0x200001a4   0x00000004   PAD
    0x200001a8   0x00000400   Zero   RW          137    STACK               startup_stm32f439xx.o



  Load Region LR$$.ARM.__AT_0xD003FC00 (Base: 0xd003fc00, Size: 0x00000000, Max: 0x00064000, ABSOLUTE)

    Execution Region ER$$.ARM.__AT_0xD003FC00 (Base: 0xd003fc00, Size: 0x00064000, Max: 0x00064000, ABSOLUTE, UNINIT)

    Base Addr    Size         Type   Attr      Idx    E Section Name        Object

    0xd003fc00   0x00064000   Zero   RW         2188    .ARM.__AT_0xD003FC00  ov5640.o


==============================================================================

Image component sizes


      Code (inc. data)   RO Data    RW Data    ZI Data      Debug   Object Name

       348         80          0          0        160       1972   dcmi.o
       128         28          0          0         96       1187   dma.o
       316         54          0          8         52       2436   fmc.o
       284         16          0          0          0       1247   gpio.o
       502        170          0          0          0       2565   main.o
      1424        154       5254          8     409600      10751   ov5640.o
       416         22          0          0          0       4272   sccb.o
        36          8        428          0       1024        836   startup_stm32f439xx.o
       148         12          0          1         16       1909   stm324x9i_sdram.o
       148         22          0          4          0       4747   stm32f4xx_hal.o
       228         14          0          0          0      32517   stm32f4xx_hal_cortex.o
       608         18          0          0          0       6315   stm32f4xx_hal_dcmi.o
       118          0          0          0          0       1200   stm32f4xx_hal_dcmi_ex.o
      1176         16          8          0          0       8455   stm32f4xx_hal_dma.o
      2476         18          0          0          0       3457   stm32f4xx_hal_dma_ex.o
       480         52          0          0          0       3259   stm32f4xx_hal_gpio.o
        88          0          0          0          0        574   stm32f4xx_hal_msp.o
       112         14          0          0          0       1392   stm32f4xx_hal_pwr_ex.o
      1368         92          0          0          0       6804   stm32f4xx_hal_rcc.o
       180          0          0          0          0       4160   stm32f4xx_hal_sdram.o
      1068          8          0          0          0       4288   stm32f4xx_hal_uart.o
        50         18          0          0          0       2083   stm32f4xx_it.o
       292          4          0          0          0       3648   stm32f4xx_ll_fmc.o
        84         18         24          4          0     744243   system_stm32f4xx.o
       176         40          0          0         64       2378   usart.o

    ----------------------------------------------------------------------
     12268        878       5748         28     411016     856695   Object Totals
         0          0         32          0          0          0   (incl. Generated)
        14          0          2          3          4          0   (incl. Padding)

    ----------------------------------------------------------------------

      Code (inc. data)   RO Data    RW Data    ZI Data      Debug   Library Member Name

         0          0          0          0          0          0   entry.o
         0          0          0          0          0          0   entry10a.o
         0          0          0          0          0          0   entry11a.o
         8          4          0          0          0          0   entry2.o
         4          0          0          0          0          0   entry5.o
         0          0          0          0          0          0   entry7b.o
         0          0          0          0          0          0   entry8b.o
         8          4          0          0          0          0   entry9a.o
        30          0          0          0          0          0   handlers.o
        36          8          0          0          0         68   init.o
        30          0          0          0          0         68   llshl.o
        32          0          0          0          0         68   llushr.o
       372         14          0          0          0        184   printf1.o
         0          0          0          4          0          0   stdout.o
        44          0          0          0          0         80   uidiv.o
        98          0          0          0          0         92   uldiv.o

    ----------------------------------------------------------------------
       664         30          0          4          0        560   Library Totals
         2          0          0          0          0          0   (incl. Padding)

    ----------------------------------------------------------------------

      Code (inc. data)   RO Data    RW Data    ZI Data      Debug   Library Name

       662         30          0          4          0        560   mc_w.l

    ----------------------------------------------------------------------
       664         30          0          4          0        560   Library Totals

    ----------------------------------------------------------------------

==============================================================================


      Code (inc. data)   RO Data    RW Data    ZI Data      Debug   

     12932        908       5748         32     411016     848051   Grand Totals
     12932        908       5748         32     411016     848051   ELF Image Totals
     12932        908       5748         32          0          0   ROM Totals

==============================================================================

    Total RO  Size (Code + RO Data)                18680 (  18.24kB)
    Total RW  Size (RW Data + ZI Data)            411048 ( 401.41kB)
    Total ROM Size (Code + RO Data + RW Data)      18712 (  18.27kB)

==============================================================================

